Archive member included to satisfy reference by file (symbol)

c:/ac6/systemworkbench/plugins/fr.ac6.mcu.externaltools.arm-none.win32_1.17.0.201812190825/tools/compiler/bin/../lib/gcc/arm-none-eabi/7.3.1/thumb/v7e-m/fpv4-sp/hard\libgcc.a(_aeabi_uldivmod.o)
                              Drivers/STM32F4xx_HAL_Driver/Src/stm32f4xx_hal_rcc.o (__aeabi_uldivmod)
c:/ac6/systemworkbench/plugins/fr.ac6.mcu.externaltools.arm-none.win32_1.17.0.201812190825/tools/compiler/bin/../lib/gcc/arm-none-eabi/7.3.1/thumb/v7e-m/fpv4-sp/hard\libgcc.a(_udivmoddi4.o)
                              c:/ac6/systemworkbench/plugins/fr.ac6.mcu.externaltools.arm-none.win32_1.17.0.201812190825/tools/compiler/bin/../lib/gcc/arm-none-eabi/7.3.1/thumb/v7e-m/fpv4-sp/hard\libgcc.a(_aeabi_uldivmod.o) (__udivmoddi4)
c:/ac6/systemworkbench/plugins/fr.ac6.mcu.externaltools.arm-none.win32_1.17.0.201812190825/tools/compiler/bin/../lib/gcc/arm-none-eabi/7.3.1/thumb/v7e-m/fpv4-sp/hard\libgcc.a(_dvmd_tls.o)
                              c:/ac6/systemworkbench/plugins/fr.ac6.mcu.externaltools.arm-none.win32_1.17.0.201812190825/tools/compiler/bin/../lib/gcc/arm-none-eabi/7.3.1/thumb/v7e-m/fpv4-sp/hard\libgcc.a(_aeabi_uldivmod.o) (__aeabi_ldiv0)
c:/ac6/systemworkbench/plugins/fr.ac6.mcu.externaltools.arm-none.win32_1.17.0.201812190825/tools/compiler/bin/../lib/gcc/arm-none-eabi/7.3.1/../../../../arm-none-eabi/lib/thumb/v7e-m/fpv4-sp/hard\libc_nano.a(lib_a-errno.o)
                              Src/syscalls.o (__errno)
c:/ac6/systemworkbench/plugins/fr.ac6.mcu.externaltools.arm-none.win32_1.17.0.201812190825/tools/compiler/bin/../lib/gcc/arm-none-eabi/7.3.1/../../../../arm-none-eabi/lib/thumb/v7e-m/fpv4-sp/hard\libc_nano.a(lib_a-exit.o)
                              c:/ac6/systemworkbench/plugins/fr.ac6.mcu.externaltools.arm-none.win32_1.17.0.201812190825/tools/compiler/bin/../lib/gcc/arm-none-eabi/7.3.1/../../../../arm-none-eabi/lib/thumb/v7e-m/fpv4-sp/hard/crt0.o (exit)
c:/ac6/systemworkbench/plugins/fr.ac6.mcu.externaltools.arm-none.win32_1.17.0.201812190825/tools/compiler/bin/../lib/gcc/arm-none-eabi/7.3.1/../../../../arm-none-eabi/lib/thumb/v7e-m/fpv4-sp/hard\libc_nano.a(lib_a-impure.o)
                              c:/ac6/systemworkbench/plugins/fr.ac6.mcu.externaltools.arm-none.win32_1.17.0.201812190825/tools/compiler/bin/../lib/gcc/arm-none-eabi/7.3.1/../../../../arm-none-eabi/lib/thumb/v7e-m/fpv4-sp/hard\libc_nano.a(lib_a-exit.o) (_global_impure_ptr)
c:/ac6/systemworkbench/plugins/fr.ac6.mcu.externaltools.arm-none.win32_1.17.0.201812190825/tools/compiler/bin/../lib/gcc/arm-none-eabi/7.3.1/../../../../arm-none-eabi/lib/thumb/v7e-m/fpv4-sp/hard\libc_nano.a(lib_a-init.o)
                              c:/ac6/systemworkbench/plugins/fr.ac6.mcu.externaltools.arm-none.win32_1.17.0.201812190825/tools/compiler/bin/../lib/gcc/arm-none-eabi/7.3.1/../../../../arm-none-eabi/lib/thumb/v7e-m/fpv4-sp/hard/crt0.o (__libc_init_array)
c:/ac6/systemworkbench/plugins/fr.ac6.mcu.externaltools.arm-none.win32_1.17.0.201812190825/tools/compiler/bin/../lib/gcc/arm-none-eabi/7.3.1/../../../../arm-none-eabi/lib/thumb/v7e-m/fpv4-sp/hard\libc_nano.a(lib_a-malloc.o)
                              Middlewares/ST/STM32_USB_Device_Library/Class/CDC/Src/usbd_cdc.o (malloc)
c:/ac6/systemworkbench/plugins/fr.ac6.mcu.externaltools.arm-none.win32_1.17.0.201812190825/tools/compiler/bin/../lib/gcc/arm-none-eabi/7.3.1/../../../../arm-none-eabi/lib/thumb/v7e-m/fpv4-sp/hard\libc_nano.a(lib_a-memset.o)
                              c:/ac6/systemworkbench/plugins/fr.ac6.mcu.externaltools.arm-none.win32_1.17.0.201812190825/tools/compiler/bin/../lib/gcc/arm-none-eabi/7.3.1/../../../../arm-none-eabi/lib/thumb/v7e-m/fpv4-sp/hard/crt0.o (memset)
c:/ac6/systemworkbench/plugins/fr.ac6.mcu.externaltools.arm-none.win32_1.17.0.201812190825/tools/compiler/bin/../lib/gcc/arm-none-eabi/7.3.1/../../../../arm-none-eabi/lib/thumb/v7e-m/fpv4-sp/hard\libc_nano.a(lib_a-nano-freer.o)
                              c:/ac6/systemworkbench/plugins/fr.ac6.mcu.externaltools.arm-none.win32_1.17.0.201812190825/tools/compiler/bin/../lib/gcc/arm-none-eabi/7.3.1/../../../../arm-none-eabi/lib/thumb/v7e-m/fpv4-sp/hard\libc_nano.a(lib_a-malloc.o) (_free_r)
c:/ac6/systemworkbench/plugins/fr.ac6.mcu.externaltools.arm-none.win32_1.17.0.201812190825/tools/compiler/bin/../lib/gcc/arm-none-eabi/7.3.1/../../../../arm-none-eabi/lib/thumb/v7e-m/fpv4-sp/hard\libc_nano.a(lib_a-nano-mallocr.o)
                              c:/ac6/systemworkbench/plugins/fr.ac6.mcu.externaltools.arm-none.win32_1.17.0.201812190825/tools/compiler/bin/../lib/gcc/arm-none-eabi/7.3.1/../../../../arm-none-eabi/lib/thumb/v7e-m/fpv4-sp/hard\libc_nano.a(lib_a-malloc.o) (_malloc_r)
c:/ac6/systemworkbench/plugins/fr.ac6.mcu.externaltools.arm-none.win32_1.17.0.201812190825/tools/compiler/bin/../lib/gcc/arm-none-eabi/7.3.1/../../../../arm-none-eabi/lib/thumb/v7e-m/fpv4-sp/hard\libc_nano.a(lib_a-sbrkr.o)
[...]
Memory Configuration

Name             Origin             Length             Attributes
RAM              0x20000000         0x00020000         xrw
FLASH            0x08000000         0x00080000         xr
*default*        0x00000000         0xffffffff

Linker script and memory map

LOAD c:/ac6/systemworkbench/plugins/fr.ac6.mcu.externaltools.arm-none.win32_1.17.0.201812190825/tools/compiler/bin/../lib/gcc/arm-none-eabi/7.3.1/thumb/v7e-m/fpv4-sp/hard/crti.o
LOAD c:/ac6/systemworkbench/plugins/fr.ac6.mcu.externaltools.arm-none.win32_1.17.0.201812190825/tools/compiler/bin/../lib/gcc/arm-none-eabi/7.3.1/thumb/v7e-m/fpv4-sp/hard/crtbegin.o
LOAD c:/ac6/systemworkbench/plugins/fr.ac6.mcu.externaltools.arm-none.win32_1.17.0.201812190825/tools/compiler/bin/../lib/gcc/arm-none-eabi/7.3.1/../../../../arm-none-eabi/lib/thumb/v7e-m/fpv4-sp/hard/crt0.o
LOAD Drivers/STM32F4xx_HAL_Driver/Src/stm32f4xx_hal.o
LOAD Drivers/STM32F4xx_HAL_Driver/Src/stm32f4xx_hal_cortex.o
LOAD Drivers/STM32F4xx_HAL_Driver/Src/stm32f4xx_hal_dma.o
LOAD Drivers/STM32F4xx_HAL_Driver/Src/stm32f4xx_hal_dma_ex.o
LOAD Drivers/STM32F4xx_HAL_Driver/Src/stm32f4xx_hal_exti.o
LOAD Drivers/STM32F4xx_HAL_Driver/Src/stm32f4xx_hal_flash.o
LOAD Drivers/STM32F4xx_HAL_Driver/Src/stm32f4xx_hal_flash_ex.o
LOAD Drivers/STM32F4xx_HAL_Driver/Src/stm32f4xx_hal_flash_ramfunc.o
LOAD Drivers/STM32F4xx_HAL_Driver/Src/stm32f4xx_hal_gpio.o
LOAD Drivers/STM32F4xx_HAL_Driver/Src/stm32f4xx_hal_pcd.o
LOAD Drivers/STM32F4xx_HAL_Driver/Src/stm32f4xx_hal_pcd_ex.o
LOAD Drivers/STM32F4xx_HAL_Driver/Src/stm32f4xx_hal_pwr.o
LOAD Drivers/STM32F4xx_HAL_Driver/Src/stm32f4xx_hal_pwr_ex.o
LOAD Drivers/STM32F4xx_HAL_Driver/Src/stm32f4xx_hal_rcc.o
LOAD Drivers/STM32F4xx_HAL_Driver/Src/stm32f4xx_hal_rcc_ex.o
LOAD Drivers/STM32F4xx_HAL_Driver/Src/stm32f4xx_hal_tim.o
LOAD Drivers/STM32F4xx_HAL_Driver/Src/stm32f4xx_hal_tim_ex.o
LOAD Drivers/STM32F4xx_HAL_Driver/Src/stm32f4xx_ll_usb.o
LOAD Drivers/morse.o
LOAD Middlewares/ST/STM32_USB_Device_Library/Class/CDC/Src/usbd_cdc.o
LOAD Middlewares/ST/STM32_USB_Device_Library/Core/Src/usbd_core.o
LOAD Middlewares/ST/STM32_USB_Device_Library/Core/Src/usbd_ctlreq.o
LOAD Middlewares/ST/STM32_USB_Device_Library/Core/Src/usbd_ioreq.o
LOAD Src/main.o
LOAD Src/stm32f4xx_hal_msp.o
LOAD Src/stm32f4xx_it.o
LOAD Src/syscalls.o
LOAD Src/system_stm32f4xx.o
LOAD Src/usb_device.o
LOAD Src/usbd_cdc_if.o
LOAD Src/usbd_conf.o
LOAD Src/usbd_desc.o
LOAD startup/startup_stm32f411xe.o
LOAD c:/ac6/systemworkbench/plugins/fr.ac6.mcu.externaltools.arm-none.win32_1.17.0.201812190825/tools/compiler/bin/../lib/gcc/arm-none-eabi/7.3.1/../../../../arm-none-eabi/lib/thumb/v7e-m/fpv4-sp/hard\libm.a
START GROUP
LOAD c:/ac6/systemworkbench/plugins/fr.ac6.mcu.externaltools.arm-none.win32_1.17.0.201812190825/tools/compiler/bin/../lib/gcc/arm-none-eabi/7.3.1/thumb/v7e-m/fpv4-sp/hard\libgcc.a
LOAD c:/ac6/systemworkbench/plugins/fr.ac6.mcu.externaltools.arm-none.win32_1.17.0.201812190825/tools/compiler/bin/../lib/gcc/arm-none-eabi/7.3.1/../../../../arm-none-eabi/lib/thumb/v7e-m/fpv4-sp/hard\libc_nano.a
END GROUP
START GROUP
LOAD c:/ac6/systemworkbench/plugins/fr.ac6.mcu.externaltools.arm-none.win32_1.17.0.201812190825/tools/compiler/bin/../lib/gcc/arm-none-eabi/7.3.1/thumb/v7e-m/fpv4-sp/hard\libgcc.a
LOAD c:/ac6/systemworkbench/plugins/fr.ac6.mcu.externaltools.arm-none.win32_1.17.0.201812190825/tools/compiler/bin/../lib/gcc/arm-none-eabi/7.3.1/../../../../arm-none-eabi/lib/thumb/v7e-m/fpv4-sp/hard\libc_nano.a
LOAD c:/ac6/systemworkbench/plugins/fr.ac6.mcu.externaltools.arm-none.win32_1.17.0.201812190825/tools/compiler/bin/../lib/gcc/arm-none-eabi/7.3.1/../../../../arm-none-eabi/lib/thumb/v7e-m/fpv4-sp/hard\libnosys.a
END GROUP
START GROUP
LOAD c:/ac6/systemworkbench/plugins/fr.ac6.mcu.externaltools.arm-none.win32_1.17.0.201812190825/tools/compiler/bin/../lib/gcc/arm-none-eabi/7.3.1/thumb/v7e-m/fpv4-sp/hard\libgcc.a
LOAD c:/ac6/systemworkbench/plugins/fr.ac6.mcu.externaltools.arm-none.win32_1.17.0.201812190825/tools/compiler/bin/../lib/gcc/arm-none-eabi/7.3.1/../../../../arm-none-eabi/lib/thumb/v7e-m/fpv4-sp/hard\libc_nano.a
LOAD c:/ac6/systemworkbench/plugins/fr.ac6.mcu.externaltools.arm-none.win32_1.17.0.201812190825/tools/compiler/bin/../lib/gcc/arm-none-eabi/7.3.1/../../../../arm-none-eabi/lib/thumb/v7e-m/fpv4-sp/hard\libnosys.a
END GROUP
LOAD c:/ac6/systemworkbench/plugins/fr.ac6.mcu.externaltools.arm-none.win32_1.17.0.201812190825/tools/compiler/bin/../lib/gcc/arm-none-eabi/7.3.1/thumb/v7e-m/fpv4-sp/hard/crtend.o
LOAD c:/ac6/systemworkbench/plugins/fr.ac6.mcu.externaltools.arm-none.win32_1.17.0.201812190825/tools/compiler/bin/../lib/gcc/arm-none-eabi/7.3.1/thumb/v7e-m/fpv4-sp/hard/crtn.o
                0x20020000                _estack = 0x20020000
                0x00000200                _Min_Heap_Size = 0x200
                0x00000400                _Min_Stack_Size = 0x400

.isr_vector     0x08000000      0x198
                0x08000000                . = ALIGN (0x4)
 *(.isr_vector)
 .isr_vector    0x08000000      0x198 startup/startup_stm32f411xe.o
                0x08000000                g_pfnVectors
                0x08000198                . = ALIGN (0x4)

.text           0x080001a0     0x45c0
                0x080001a0                . = ALIGN (0x4)
 *(.text)
 .text          0x080001a0       0x40 c:/ac6/systemworkbench/plugins/fr.ac6.mcu.externaltools.arm-none.win32_1.17.0.201812190825/tools/compiler/bin/../lib/gcc/arm-none-eabi/7.3.1/thumb/v7e-m/fpv4-sp/hard/crtbegin.o
 .text          0x080001e0       0x30 c:/ac6/systemworkbench/plugins/fr.ac6.mcu.externaltools.arm-none.win32_1.17.0.201812190825/tools/compiler/bin/../lib/gcc/arm-none-eabi/7.3.1/thumb/v7e-m/fpv4-sp/hard\libgcc.a(_aeabi_uldivmod.o)
                0x080001e0                __aeabi_uldivmod
 .text          0x08000210      0x2cc c:/ac6/systemworkbench/plugins/fr.ac6.mcu.externaltools.arm-none.win32_1.17.0.201812190825/tools/compiler/bin/../lib/gcc/arm-none-eabi/7.3.1/thumb/v7e-m/fpv4-sp/hard\libgcc.a(_udivmoddi4.o)
                0x08000210                __udivmoddi4
 .text          0x080004dc        0x4 c:/ac6/systemworkbench/plugins/fr.ac6.mcu.externaltools.arm-none.win32_1.17.0.201812190825/tools/compiler/bin/../lib/gcc/arm-none-eabi/7.3.1/thumb/v7e-m/fpv4-sp/hard\libgcc.a(_dvmd_tls.o)
                0x080004dc                __aeabi_idiv0
                0x080004dc                __aeabi_ldiv0
 .text          0x080004e0       0xa0 c:/ac6/systemworkbench/plugins/fr.ac6.mcu.externaltools.arm-none.win32_1.17.0.201812190825/tools/compiler/bin/../lib/gcc/arm-none-eabi/7.3.1/../../../../arm-none-eabi/lib/thumb/v7e-m/fpv4-sp/hard\libc_nano.a(lib_a-memchr.o)
                0x080004e0                memchr
 *(.text*)
 .text.HAL_InitTick
                0x08000580       0x48 Drivers/STM32F4xx_HAL_Driver/Src/stm32f4xx_hal.o
                0x08000580                HAL_InitTick
 .text.HAL_Init
                0x080005c8       0x34 Drivers/STM32F4xx_HAL_Driver/Src/stm32f4xx_hal.o
                0x080005c8                HAL_Init
 .text.HAL_IncTick
                0x080005fc       0x18 Drivers/STM32F4xx_HAL_Driver/Src/stm32f4xx_hal.o
                0x080005fc                HAL_IncTick
 .text.HAL_GetTick
                0x08000614        0xc Drivers/STM32F4xx_HAL_Driver/Src/stm32f4xx_hal.o
                0x08000614                HAL_GetTick
 .text.HAL_Delay
                0x08000620       0x28 Drivers/STM32F4xx_HAL_Driver/Src/stm32f4xx_hal.o
                0x08000620                HAL_Delay
 .text.HAL_NVIC_SetPriorityGrouping
                0x08000648       0x24 Drivers/STM32F4xx_HAL_Driver/Src/stm32f4xx_hal_cortex.o
                0x08000648                HAL_NVIC_SetPriorityGrouping
 .text.HAL_NVIC_SetPriority
                0x0800066c       0x68 Drivers/STM32F4xx_HAL_Driver/Src/stm32f4xx_hal_cortex.o
                0x0800066c                HAL_NVIC_SetPriority
 .text.HAL_NVIC_EnableIRQ
                0x080006d4       0x1c Drivers/STM32F4xx_HAL_Driver/Src/stm32f4xx_hal_cortex.o
                0x080006d4                HAL_NVIC_EnableIRQ
 .text.HAL_SYSTICK_Config
                0x080006f0       0x2c Drivers/STM32F4xx_HAL_Driver/Src/stm32f4xx_hal_cortex.o
                0x080006f0                HAL_SYSTICK_Config
 .text.HAL_GPIO_Init
                0x0800071c      0x1a4 Drivers/STM32F4xx_HAL_Driver/Src/stm32f4xx_hal_gpio.o
                0x0800071c                HAL_GPIO_Init
 .text.HAL_GPIO_ReadPin
                0x080008c0        0xe Drivers/STM32F4xx_HAL_Driver/Src/stm32f4xx_hal_gpio.o
                0x080008c0                HAL_GPIO_ReadPin
 .text.HAL_GPIO_WritePin
                0x080008ce        0xc Drivers/STM32F4xx_HAL_Driver/Src/stm32f4xx_hal_gpio.o
                0x080008ce                HAL_GPIO_WritePin
 .text.HAL_GPIO_EXTI_Callback
                0x080008da        0x2 Drivers/STM32F4xx_HAL_Driver/Src/stm32f4xx_hal_gpio.o
                0x080008da                HAL_GPIO_EXTI_Callback
 .text.HAL_GPIO_EXTI_IRQHandler
                0x080008dc       0x1c Drivers/STM32F4xx_HAL_Driver/Src/stm32f4xx_hal_gpio.o
                0x080008dc                HAL_GPIO_EXTI_IRQHandler
 .text.PCD_WriteEmptyTxFifo
                0x080008f8       0xd4 Drivers/STM32F4xx_HAL_Driver/Src/stm32f4xx_hal_pcd.o
 .text.HAL_PCD_Init
                0x080009cc      0x122 Drivers/STM32F4xx_HAL_Driver/Src/stm32f4xx_hal_pcd.o
                0x080009cc                HAL_PCD_Init
 .text.HAL_PCD_Start
                0x08000aee       0x42 Drivers/STM32F4xx_HAL_Driver/Src/stm32f4xx_hal_pcd.o
                0x08000aee                HAL_PCD_Start
 .text.PCD_EP_OutXfrComplete_int
                0x08000b30       0xf8 Drivers/STM32F4xx_HAL_Driver/Src/stm32f4xx_hal_pcd.o
 .text.PCD_EP_OutSetupPacket_int
                0x08000c28       0x6c Drivers/STM32F4xx_HAL_Driver/Src/stm32f4xx_hal_pcd.o
 .text.HAL_PCD_IRQHandler
                0x08000c94      0x4a0 Drivers/STM32F4xx_HAL_Driver/Src/stm32f4xx_hal_pcd.o
                0x08000c94                HAL_PCD_IRQHandler
 .text.HAL_PCD_SetAddress
                0x08001134       0x28 Drivers/STM32F4xx_HAL_Driver/Src/stm32f4xx_hal_pcd.o
                0x08001134                HAL_PCD_SetAddress
 .text.HAL_PCD_EP_Open
                0x0800115c       0x82 Drivers/STM32F4xx_HAL_Driver/Src/stm32f4xx_hal_pcd.o
                0x0800115c                HAL_PCD_EP_Open
 .text.HAL_PCD_EP_Close
                0x080011de       0x6e Drivers/STM32F4xx_HAL_Driver/Src/stm32f4xx_hal_pcd.o
                0x080011de                HAL_PCD_EP_Close
 .text.HAL_PCD_EP_Receive
                0x0800124c       0x5c Drivers/STM32F4xx_HAL_Driver/Src/stm32f4xx_hal_pcd.o
                0x0800124c                HAL_PCD_EP_Receive
 .text.HAL_PCD_EP_GetRxCount
                0x080012a8       0x12 Drivers/STM32F4xx_HAL_Driver/Src/stm32f4xx_hal_pcd.o
                0x080012a8                HAL_PCD_EP_GetRxCount
 .text.HAL_PCD_EP_Transmit
                0x080012ba       0x54 Drivers/STM32F4xx_HAL_Driver/Src/stm32f4xx_hal_pcd.o
                0x080012ba                HAL_PCD_EP_Transmit
 .text.HAL_PCD_EP_SetStall
                0x0800130e       0x82 Drivers/STM32F4xx_HAL_Driver/Src/stm32f4xx_hal_pcd.o
                0x0800130e                HAL_PCD_EP_SetStall
 .text.HAL_PCD_EP_ClrStall
                0x08001390       0x6e Drivers/STM32F4xx_HAL_Driver/Src/stm32f4xx_hal_pcd.o
                0x08001390                HAL_PCD_EP_ClrStall
 .text.HAL_PCDEx_SetTxFiFo
                0x080013fe       0x48 Drivers/STM32F4xx_HAL_Driver/Src/stm32f4xx_hal_pcd_ex.o
                0x080013fe                HAL_PCDEx_SetTxFiFo
 .text.HAL_PCDEx_SetRxFiFo
                0x08001446        0x8 Drivers/STM32F4xx_HAL_Driver/Src/stm32f4xx_hal_pcd_ex.o
                0x08001446                HAL_PCDEx_SetRxFiFo
 .text.HAL_PCDEx_LPM_Callback
                0x0800144e        0x2 Drivers/STM32F4xx_HAL_Driver/Src/stm32f4xx_hal_pcd_ex.o
                0x0800144e                HAL_PCDEx_LPM_Callback
 .text.HAL_RCC_OscConfig
                0x08001450      0x398 Drivers/STM32F4xx_HAL_Driver/Src/stm32f4xx_hal_rcc.o
                0x08001450                HAL_RCC_OscConfig
 .text.HAL_RCC_GetSysClockFreq
                0x080017e8       0xd8 Drivers/STM32F4xx_HAL_Driver/Src/stm32f4xx_hal_rcc.o
                0x080017e8                HAL_RCC_GetSysClockFreq
 .text.HAL_RCC_ClockConfig
                0x080018c0      0x158 Drivers/STM32F4xx_HAL_Driver/Src/stm32f4xx_hal_rcc.o
                0x080018c0                HAL_RCC_ClockConfig
 .text.HAL_RCC_GetHCLKFreq
                0x08001a18        0xc Drivers/STM32F4xx_HAL_Driver/Src/stm32f4xx_hal_rcc.o
                0x08001a18                HAL_RCC_GetHCLKFreq
 .text.TIM_TI1_ConfigInputStage
                0x08001a24       0x26 Drivers/STM32F4xx_HAL_Driver/Src/stm32f4xx_hal_tim.o
 .text.TIM_TI2_ConfigInputStage
                0x08001a4a       0x28 Drivers/STM32F4xx_HAL_Driver/Src/stm32f4xx_hal_tim.o
 .text.TIM_ITRx_SetConfig
                0x08001a72       0x10 Drivers/STM32F4xx_HAL_Driver/Src/stm32f4xx_hal_tim.o
 .text.HAL_TIM_PeriodElapsedCallback
                0x08001a82        0x2 Drivers/STM32F4xx_HAL_Driver/Src/stm32f4xx_hal_tim.o
                0x08001a82                HAL_TIM_PeriodElapsedCallback
 .text.HAL_TIM_OC_DelayElapsedCallback
                0x08001a84        0x2 Drivers/STM32F4xx_HAL_Driver/Src/stm32f4xx_hal_tim.o
                0x08001a84                HAL_TIM_OC_DelayElapsedCallback
 .text.HAL_TIM_IC_CaptureCallback
                0x08001a86        0x2 Drivers/STM32F4xx_HAL_Driver/Src/stm32f4xx_hal_tim.o
                0x08001a86                HAL_TIM_IC_CaptureCallback
 .text.HAL_TIM_PWM_PulseFinishedCallback
                0x08001a88        0x2 Drivers/STM32F4xx_HAL_Driver/Src/stm32f4xx_hal_tim.o
                0x08001a88                HAL_TIM_PWM_PulseFinishedCallback
 .text.HAL_TIM_TriggerCallback
                0x08001a8a        0x2 Drivers/STM32F4xx_HAL_Driver/Src/stm32f4xx_hal_tim.o
                0x08001a8a                HAL_TIM_TriggerCallback
 .text.HAL_TIM_IRQHandler
                0x08001a8c      0x17a Drivers/STM32F4xx_HAL_Driver/Src/stm32f4xx_hal_tim.o
                0x08001a8c                HAL_TIM_IRQHandler
 *fill*         0x08001c06        0x2 
 .text.TIM_Base_SetConfig
                0x08001c08       0x9c Drivers/STM32F4xx_HAL_Driver/Src/stm32f4xx_hal_tim.o
                0x08001c08                TIM_Base_SetConfig
 .text.HAL_TIM_Base_Init
                0x08001ca4       0x32 Drivers/STM32F4xx_HAL_Driver/Src/stm32f4xx_hal_tim.o
                0x08001ca4                HAL_TIM_Base_Init
 .text.TIM_ETR_SetConfig
                0x08001cd6       0x18 Drivers/STM32F4xx_HAL_Driver/Src/stm32f4xx_hal_tim.o
                0x08001cd6                TIM_ETR_SetConfig
 .text.HAL_TIM_ConfigClockSource
                0x08001cee       0xda Drivers/STM32F4xx_HAL_Driver/Src/stm32f4xx_hal_tim.o
                0x08001cee                HAL_TIM_ConfigClockSource
 .text.HAL_TIMEx_MasterConfigSynchronization
                0x08001dc8       0x46 Drivers/STM32F4xx_HAL_Driver/Src/stm32f4xx_hal_tim_ex.o
                0x08001dc8                HAL_TIMEx_MasterConfigSynchronization
 .text.HAL_TIMEx_CommutCallback
                0x08001e0e        0x2 Drivers/STM32F4xx_HAL_Driver/Src/stm32f4xx_hal_tim_ex.o
                0x08001e0e                HAL_TIMEx_CommutCallback
 .text.HAL_TIMEx_BreakCallback
                0x08001e10        0x2 Drivers/STM32F4xx_HAL_Driver/Src/stm32f4xx_hal_tim_ex.o
                0x08001e10                HAL_TIMEx_BreakCallback
 *fill*         0x08001e12        0x2 
 .text.USB_CoreReset
                0x08001e14       0x3c Drivers/STM32F4xx_HAL_Driver/Src/stm32f4xx_ll_usb.o
 .text.USB_CoreInit
                0x08001e50       0x8a Drivers/STM32F4xx_HAL_Driver/Src/stm32f4xx_ll_usb.o
                0x08001e50                USB_CoreInit
 *fill*         0x08001eda        0x2 
 .text.USB_SetTurnaroundTime
                0x08001edc       0xec Drivers/STM32F4xx_HAL_Driver/Src/stm32f4xx_ll_usb.o
                0x08001edc                USB_SetTurnaroundTime
 .text.USB_EnableGlobalInt
                0x08001fc8        0xc Drivers/STM32F4xx_HAL_Driver/Src/stm32f4xx_ll_usb.o
                0x08001fc8                USB_EnableGlobalInt
 .text.USB_DisableGlobalInt
                0x08001fd4        0xc Drivers/STM32F4xx_HAL_Driver/Src/stm32f4xx_ll_usb.o
                0x08001fd4                USB_DisableGlobalInt
 .text.USB_SetCurrentMode
                0x08001fe0       0x30 Drivers/STM32F4xx_HAL_Driver/Src/stm32f4xx_ll_usb.o
                0x08001fe0                USB_SetCurrentMode
 .text.USB_FlushTxFifo
                0x08002010       0x28 Drivers/STM32F4xx_HAL_Driver/Src/stm32f4xx_ll_usb.o
                0x08002010                USB_FlushTxFifo
 .text.USB_FlushRxFifo
                0x08002038       0x24 Drivers/STM32F4xx_HAL_Driver/Src/stm32f4xx_ll_usb.o
                0x08002038                USB_FlushRxFifo
 .text.USB_SetDevSpeed
                0x0800205c        0xe Drivers/STM32F4xx_HAL_Driver/Src/stm32f4xx_ll_usb.o
                0x0800205c                USB_SetDevSpeed
 *fill*         0x0800206a        0x2 
 .text.USB_DevInit
                0x0800206c      0x1a0 Drivers/STM32F4xx_HAL_Driver/Src/stm32f4xx_ll_usb.o
                0x0800206c                USB_DevInit
 .text.USB_GetDevSpeed
                0x0800220c       0x22 Drivers/STM32F4xx_HAL_Driver/Src/stm32f4xx_ll_usb.o
                0x0800220c                USB_GetDevSpeed
 .text.USB_ActivateEndpoint
                0x0800222e       0x94 Drivers/STM32F4xx_HAL_Driver/Src/stm32f4xx_ll_usb.o
                0x0800222e                USB_ActivateEndpoint
 *fill*         0x080022c2        0x2 
 .text.USB_DeactivateEndpoint
                0x080022c4       0x90 Drivers/STM32F4xx_HAL_Driver/Src/stm32f4xx_ll_usb.o
                0x080022c4                USB_DeactivateEndpoint
 .text.USB_EP0StartXfer
                0x08002354      0x11c Drivers/STM32F4xx_HAL_Driver/Src/stm32f4xx_ll_usb.o
                0x08002354                USB_EP0StartXfer
 .text.USB_WritePacket
                0x08002470       0x28 Drivers/STM32F4xx_HAL_Driver/Src/stm32f4xx_ll_usb.o
                0x08002470                USB_WritePacket
 .text.USB_EPStartXfer
                0x08002498      0x21c Drivers/STM32F4xx_HAL_Driver/Src/stm32f4xx_ll_usb.o
                0x08002498                USB_EPStartXfer
 .text.USB_ReadPacket
                0x080026b4       0x28 Drivers/STM32F4xx_HAL_Driver/Src/stm32f4xx_ll_usb.o
                0x080026b4                USB_ReadPacket
 .text.USB_EPSetStall
                0x080026dc       0x5a Drivers/STM32F4xx_HAL_Driver/Src/stm32f4xx_ll_usb.o
                0x080026dc                USB_EPSetStall
 .text.USB_EPClearStall
                0x08002736       0x5c Drivers/STM32F4xx_HAL_Driver/Src/stm32f4xx_ll_usb.o
                0x08002736                USB_EPClearStall
 .text.USB_SetDevAddress
                0x08002792       0x20 Drivers/STM32F4xx_HAL_Driver/Src/stm32f4xx_ll_usb.o
                0x08002792                USB_SetDevAddress
 .text.USB_DevConnect
                0x080027b2       0x18 Drivers/STM32F4xx_HAL_Driver/Src/stm32f4xx_ll_usb.o
                0x080027b2                USB_DevConnect
 .text.USB_DevDisconnect
                0x080027ca       0x18 Drivers/STM32F4xx_HAL_Driver/Src/stm32f4xx_ll_usb.o
                0x080027ca                USB_DevDisconnect
 .text.USB_ReadInterrupts
                0x080027e2        0x8 Drivers/STM32F4xx_HAL_Driver/Src/stm32f4xx_ll_usb.o
                0x080027e2                USB_ReadInterrupts
 .text.USB_ReadDevAllOutEpInterrupt
                0x080027ea       0x10 Drivers/STM32F4xx_HAL_Driver/Src/stm32f4xx_ll_usb.o
                0x080027ea                USB_ReadDevAllOutEpInterrupt
 .text.USB_ReadDevAllInEpInterrupt
                0x080027fa       0x10 Drivers/STM32F4xx_HAL_Driver/Src/stm32f4xx_ll_usb.o
                0x080027fa                USB_ReadDevAllInEpInterrupt
 .text.USB_ReadDevOutEPInterrupt
                0x0800280a       0x12 Drivers/STM32F4xx_HAL_Driver/Src/stm32f4xx_ll_usb.o
                0x0800280a                USB_ReadDevOutEPInterrupt
 .text.USB_ReadDevInEPInterrupt
                0x0800281c       0x28 Drivers/STM32F4xx_HAL_Driver/Src/stm32f4xx_ll_usb.o
                0x0800281c                USB_ReadDevInEPInterrupt
 .text.USB_GetMode
                0x08002844        0x8 Drivers/STM32F4xx_HAL_Driver/Src/stm32f4xx_ll_usb.o
                0x08002844                USB_GetMode
 .text.USB_ActivateSetup
                0x0800284c       0x38 Drivers/STM32F4xx_HAL_Driver/Src/stm32f4xx_ll_usb.o
                0x0800284c                USB_ActivateSetup
 .text.USB_EP0_OutStart
                0x08002884       0x60 Drivers/STM32F4xx_HAL_Driver/Src/stm32f4xx_ll_usb.o
                0x08002884                USB_EP0_OutStart
 .text.MainFunction
                0x080028e4       0x54 Drivers/morse.o
                0x080028e4                MainFunction
 .text.USBD_CDC_EP0_RxReady
                0x08002938       0x28 Middlewares/ST/STM32_USB_Device_Library/Class/CDC/Src/usbd_cdc.o
 .text.USBD_CDC_GetFSCfgDesc
                0x08002960        0xc Middlewares/ST/STM32_USB_Device_Library/Class/CDC/Src/usbd_cdc.o
 .text.USBD_CDC_GetHSCfgDesc
                0x0800296c        0xc Middlewares/ST/STM32_USB_Device_Library/Class/CDC/Src/usbd_cdc.o
 .text.USBD_CDC_GetOtherSpeedCfgDesc
                0x08002978        0xc Middlewares/ST/STM32_USB_Device_Library/Class/CDC/Src/usbd_cdc.o
 .text.USBD_CDC_GetDeviceQualifierDescriptor
                0x08002984        0xc Middlewares/ST/STM32_USB_Device_Library/Class/CDC/Src/usbd_cdc.o
                0x08002984                USBD_CDC_GetDeviceQualifierDescriptor
 .text.USBD_CDC_DataOut
                0x08002990       0x2e Middlewares/ST/STM32_USB_Device_Library/Class/CDC/Src/usbd_cdc.o
 .text.USBD_CDC_DataIn
                0x080029be       0x50 Middlewares/ST/STM32_USB_Device_Library/Class/CDC/Src/usbd_cdc.o
 .text.USBD_CDC_Setup
                0x08002a0e       0xda Middlewares/ST/STM32_USB_Device_Library/Class/CDC/Src/usbd_cdc.o
 .text.USBD_CDC_DeInit
                0x08002ae8       0x42 Middlewares/ST/STM32_USB_Device_Library/Class/CDC/Src/usbd_cdc.o
 .text.USBD_CDC_Init
                0x08002b2a       0xaa Middlewares/ST/STM32_USB_Device_Library/Class/CDC/Src/usbd_cdc.o
 .text.USBD_CDC_RegisterInterface
                0x08002bd4        0xe Middlewares/ST/STM32_USB_Device_Library/Class/CDC/Src/usbd_cdc.o
                0x08002bd4                USBD_CDC_RegisterInterface
 .text.USBD_CDC_SetTxBuffer
                0x08002be2       0x10 Middlewares/ST/STM32_USB_Device_Library/Class/CDC/Src/usbd_cdc.o
                0x08002be2                USBD_CDC_SetTxBuffer
 .text.USBD_CDC_SetRxBuffer
                0x08002bf2        0xc Middlewares/ST/STM32_USB_Device_Library/Class/CDC/Src/usbd_cdc.o
                0x08002bf2                USBD_CDC_SetRxBuffer
 .text.USBD_CDC_TransmitPacket
                0x08002bfe       0x34 Middlewares/ST/STM32_USB_Device_Library/Class/CDC/Src/usbd_cdc.o
                0x08002bfe                USBD_CDC_TransmitPacket
 .text.USBD_CDC_ReceivePacket
                0x08002c32       0x32 Middlewares/ST/STM32_USB_Device_Library/Class/CDC/Src/usbd_cdc.o
                0x08002c32                USBD_CDC_ReceivePacket
 .text.USBD_Init
                0x08002c64       0x2e Middlewares/ST/STM32_USB_Device_Library/Core/Src/usbd_core.o
                0x08002c64                USBD_Init
 .text.USBD_RegisterClass
                0x08002c92        0xe Middlewares/ST/STM32_USB_Device_Library/Core/Src/usbd_core.o
                0x08002c92                USBD_RegisterClass
 .text.USBD_Start
                0x08002ca0        0xa Middlewares/ST/STM32_USB_Device_Library/Core/Src/usbd_core.o
                0x08002ca0                USBD_Start
 .text.USBD_SetClassConfig
                0x08002caa       0x1a Middlewares/ST/STM32_USB_Device_Library/Core/Src/usbd_core.o
                0x08002caa                USBD_SetClassConfig
 .text.USBD_ClrClassConfig
                0x08002cc4        0xe Middlewares/ST/STM32_USB_Device_Library/Core/Src/usbd_core.o
                0x08002cc4                USBD_ClrClassConfig
 .text.USBD_LL_SetupStage
                0x08002cd2       0x5a Middlewares/ST/STM32_USB_Device_Library/Core/Src/usbd_core.o
                0x08002cd2                USBD_LL_SetupStage
 .text.USBD_LL_DataOutStage
                0x08002d2c       0x92 Middlewares/ST/STM32_USB_Device_Library/Core/Src/usbd_core.o
                0x08002d2c                USBD_LL_DataOutStage
 .text.USBD_LL_DataInStage
                0x08002dbe       0xd2 Middlewares/ST/STM32_USB_Device_Library/Core/Src/usbd_core.o
                0x08002dbe                USBD_LL_DataInStage
 .text.USBD_LL_Reset
                0x08002e90       0x50 Middlewares/ST/STM32_USB_Device_Library/Core/Src/usbd_core.o
                0x08002e90                USBD_LL_Reset
 .text.USBD_LL_SetSpeed
                0x08002ee0        0x6 Middlewares/ST/STM32_USB_Device_Library/Core/Src/usbd_core.o
                0x08002ee0                USBD_LL_SetSpeed
 .text.USBD_LL_Suspend
                0x08002ee6       0x12 Middlewares/ST/STM32_USB_Device_Library/Core/Src/usbd_core.o
                0x08002ee6                USBD_LL_Suspend
 .text.USBD_LL_Resume
                0x08002ef8        0xc Middlewares/ST/STM32_USB_Device_Library/Core/Src/usbd_core.o
                0x08002ef8                USBD_LL_Resume
 .text.USBD_LL_SOF
                0x08002f04       0x1c Middlewares/ST/STM32_USB_Device_Library/Core/Src/usbd_core.o
                0x08002f04                USBD_LL_SOF
 .text.USBD_LL_IsoINIncomplete
                0x08002f20        0x4 Middlewares/ST/STM32_USB_Device_Library/Core/Src/usbd_core.o
                0x08002f20                USBD_LL_IsoINIncomplete
 .text.USBD_LL_IsoOUTIncomplete
                0x08002f24        0x4 Middlewares/ST/STM32_USB_Device_Library/Core/Src/usbd_core.o
                0x08002f24                USBD_LL_IsoOUTIncomplete
 .text.USBD_LL_DevConnected
                0x08002f28        0x4 Middlewares/ST/STM32_USB_Device_Library/Core/Src/usbd_core.o
                0x08002f28                USBD_LL_DevConnected
 .text.USBD_LL_DevDisconnected
                0x08002f2c       0x16 Middlewares/ST/STM32_USB_Device_Library/Core/Src/usbd_core.o
                0x08002f2c                USBD_LL_DevDisconnected
 .text.USBD_GetLen
                0x08002f42       0x14 Middlewares/ST/STM32_USB_Device_Library/Core/Src/usbd_ctlreq.o
 .text.USBD_SetFeature
                0x08002f56       0x14 Middlewares/ST/STM32_USB_Device_Library/Core/Src/usbd_ctlreq.o
 .text.USBD_ParseSetupRequest
                0x08002f6a       0x28 Middlewares/ST/STM32_USB_Device_Library/Core/Src/usbd_ctlreq.o
                0x08002f6a                USBD_ParseSetupRequest
 .text.USBD_CtlError
                0x08002f92       0x14 Middlewares/ST/STM32_USB_Device_Library/Core/Src/usbd_ctlreq.o
                0x08002f92                USBD_CtlError
 .text.USBD_GetDescriptor
                0x08002fa6      0x140 Middlewares/ST/STM32_USB_Device_Library/Core/Src/usbd_ctlreq.o
 .text.USBD_SetAddress
                0x080030e6       0x4e Middlewares/ST/STM32_USB_Device_Library/Core/Src/usbd_ctlreq.o
 .text.USBD_SetConfig
                0x08003134       0xb0 Middlewares/ST/STM32_USB_Device_Library/Core/Src/usbd_ctlreq.o
 .text.USBD_GetConfig
                0x080031e4       0x3c Middlewares/ST/STM32_USB_Device_Library/Core/Src/usbd_ctlreq.o
 .text.USBD_GetStatus
                0x08003220       0x38 Middlewares/ST/STM32_USB_Device_Library/Core/Src/usbd_ctlreq.o
 .text.USBD_ClrFeature
                0x08003258       0x26 Middlewares/ST/STM32_USB_Device_Library/Core/Src/usbd_ctlreq.o
 .text.USBD_StdDevReq
                0x0800327e       0x68 Middlewares/ST/STM32_USB_Device_Library/Core/Src/usbd_ctlreq.o
                0x0800327e                USBD_StdDevReq
 .text.USBD_StdItfReq
                0x080032e6       0x60 Middlewares/ST/STM32_USB_Device_Library/Core/Src/usbd_ctlreq.o
                0x080032e6                USBD_StdItfReq
 .text.USBD_StdEPReq
                0x08003346      0x20a Middlewares/ST/STM32_USB_Device_Library/Core/Src/usbd_ctlreq.o
                0x08003346                USBD_StdEPReq
 .text.USBD_GetString
                0x08003550       0x38 Middlewares/ST/STM32_USB_Device_Library/Core/Src/usbd_ctlreq.o
                0x08003550                USBD_GetString
 .text.USBD_CtlSendData
                0x08003588       0x1a Middlewares/ST/STM32_USB_Device_Library/Core/Src/usbd_ioreq.o
                0x08003588                USBD_CtlSendData
 .text.USBD_CtlContinueSendData
                0x080035a2       0x10 Middlewares/ST/STM32_USB_Device_Library/Core/Src/usbd_ioreq.o
                0x080035a2                USBD_CtlContinueSendData
 .text.USBD_CtlPrepareRx
                0x080035b2       0x1e Middlewares/ST/STM32_USB_Device_Library/Core/Src/usbd_ioreq.o
                0x080035b2                USBD_CtlPrepareRx
 .text.USBD_CtlContinueRx
                0x080035d0       0x10 Middlewares/ST/STM32_USB_Device_Library/Core/Src/usbd_ioreq.o
                0x080035d0                USBD_CtlContinueRx
 .text.USBD_CtlSendStatus
                0x080035e0       0x16 Middlewares/ST/STM32_USB_Device_Library/Core/Src/usbd_ioreq.o
                0x080035e0                USBD_CtlSendStatus
 .text.USBD_CtlReceiveStatus
                0x080035f6       0x16 Middlewares/ST/STM32_USB_Device_Library/Core/Src/usbd_ioreq.o
                0x080035f6                USBD_CtlReceiveStatus
 .text.MX_GPIO_Init
                0x0800360c       0xdc Src/main.o
 .text.MX_TIM3_Init
                0x080036e8       0x54 Src/main.o
 .text.MX_TIM4_Init
                0x0800373c       0x58 Src/main.o
 .text.SystemClock_Config
                0x08003794       0x94 Src/main.o
                0x08003794                SystemClock_Config
 .text.main     0x08003828       0x20 Src/main.o
                0x08003828                main
 .text.Error_Handler
                0x08003848        0x2 Src/main.o
                0x08003848                Error_Handler
 *fill*         0x0800384a        0x2 
 .text.HAL_MspInit
                0x0800384c       0x40 Src/stm32f4xx_hal_msp.o
                0x0800384c                HAL_MspInit
 .text.HAL_TIM_Base_MspInit
                0x0800388c       0x74 Src/stm32f4xx_hal_msp.o
                0x0800388c                HAL_TIM_Base_MspInit
 .text.NMI_Handler
                0x08003900        0x2 Src/stm32f4xx_it.o
                0x08003900                NMI_Handler
 .text.HardFault_Handler
                0x08003902        0x2 Src/stm32f4xx_it.o
                0x08003902                HardFault_Handler
 .text.MemManage_Handler
                0x08003904        0x2 Src/stm32f4xx_it.o
                0x08003904                MemManage_Handler
 .text.BusFault_Handler
                0x08003906        0x2 Src/stm32f4xx_it.o
                0x08003906                BusFault_Handler
 .text.UsageFault_Handler
                0x08003908        0x2 Src/stm32f4xx_it.o
                0x08003908                UsageFault_Handler
 .text.SVC_Handler
                0x0800390a        0x2 Src/stm32f4xx_it.o
                0x0800390a                SVC_Handler
 .text.DebugMon_Handler
                0x0800390c        0x2 Src/stm32f4xx_it.o
                0x0800390c                DebugMon_Handler
 .text.PendSV_Handler
                0x0800390e        0x2 Src/stm32f4xx_it.o
                0x0800390e                PendSV_Handler
 .text.SysTick_Handler
                0x08003910        0x8 Src/stm32f4xx_it.o
                0x08003910                SysTick_Handler
 .text.EXTI0_IRQHandler
                0x08003918        0xa Src/stm32f4xx_it.o
                0x08003918                EXTI0_IRQHandler
 *fill*         0x08003922        0x2 
 .text.TIM3_IRQHandler
                0x08003924       0x10 Src/stm32f4xx_it.o
                0x08003924                TIM3_IRQHandler
 .text.TIM4_IRQHandler
                0x08003934       0x10 Src/stm32f4xx_it.o
                0x08003934                TIM4_IRQHandler
 .text.OTG_FS_IRQHandler
                0x08003944       0x10 Src/stm32f4xx_it.o
                0x08003944                OTG_FS_IRQHandler
 .text._sbrk    0x08003954       0x3c Src/syscalls.o
                0x08003954                _sbrk
 .text.SystemInit
                0x08003990       0x4c Src/system_stm32f4xx.o
                0x08003990                SystemInit
 .text.MX_USB_DEVICE_Init
                0x080039dc       0x54 Src/usb_device.o
                0x080039dc                MX_USB_DEVICE_Init
 .text.CDC_DeInit_FS
                0x08003a30        0x4 Src/usbd_cdc_if.o
 .text.CDC_Control_FS
                0x08003a34        0x4 Src/usbd_cdc_if.o
 .text.CDC_Receive_FS
                0x08003a38       0x1c Src/usbd_cdc_if.o
 .text.CDC_Init_FS
                0x08003a54       0x28 Src/usbd_cdc_if.o
 .text.CDC_Transmit_FS
                0x08003a7c       0x2c Src/usbd_cdc_if.o
                0x08003a7c                CDC_Transmit_FS
 .text.HAL_PCD_MspInit
                0x08003aa8       0x84 Src/usbd_conf.o
                0x08003aa8                HAL_PCD_MspInit
 .text.HAL_PCD_SetupStageCallback
                0x08003b2c       0x10 Src/usbd_conf.o
                0x08003b2c                HAL_PCD_SetupStageCallback
 .text.HAL_PCD_DataOutStageCallback
                0x08003b3c       0x18 Src/usbd_conf.o
                0x08003b3c                HAL_PCD_DataOutStageCallback
 .text.HAL_PCD_DataInStageCallback
                0x08003b54       0x16 Src/usbd_conf.o
                0x08003b54                HAL_PCD_DataInStageCallback
 .text.HAL_PCD_SOFCallback
                0x08003b6a        0xc Src/usbd_conf.o
                0x08003b6a                HAL_PCD_SOFCallback
 .text.HAL_PCD_ResetCallback
                0x08003b76       0x22 Src/usbd_conf.o
                0x08003b76                HAL_PCD_ResetCallback
 .text.HAL_PCD_SuspendCallback
                0x08003b98       0x30 Src/usbd_conf.o
                0x08003b98                HAL_PCD_SuspendCallback
 .text.HAL_PCD_ResumeCallback
                0x08003bc8        0xc Src/usbd_conf.o
                0x08003bc8                HAL_PCD_ResumeCallback
 .text.HAL_PCD_ISOOUTIncompleteCallback
                0x08003bd4        0xc Src/usbd_conf.o
                0x08003bd4                HAL_PCD_ISOOUTIncompleteCallback
 .text.HAL_PCD_ISOINIncompleteCallback
                0x08003be0        0xc Src/usbd_conf.o
                0x08003be0                HAL_PCD_ISOINIncompleteCallback
 .text.HAL_PCD_ConnectCallback
                0x08003bec        0xc Src/usbd_conf.o
                0x08003bec                HAL_PCD_ConnectCallback
 .text.HAL_PCD_DisconnectCallback
                0x08003bf8        0xc Src/usbd_conf.o
                0x08003bf8                HAL_PCD_DisconnectCallback
 .text.USBD_LL_Init
                0x08003c04       0x68 Src/usbd_conf.o
                0x08003c04                USBD_LL_Init
 .text.USBD_LL_IsStallEP
                0x08003c6c       0x2e Src/usbd_conf.o
                0x08003c6c                USBD_LL_IsStallEP
 .text.USBD_LL_GetRxDataSize
                0x08003c9a        0xc Src/usbd_conf.o
                0x08003c9a                USBD_LL_GetRxDataSize
 .text.USBD_Get_USB_Status
                0x08003ca6       0x12 Src/usbd_conf.o
                0x08003ca6                USBD_Get_USB_Status
 .text.USBD_LL_Start
                0x08003cb8       0x10 Src/usbd_conf.o
                0x08003cb8                USBD_LL_Start
 .text.USBD_LL_OpenEP
                0x08003cc8       0x16 Src/usbd_conf.o
                0x08003cc8                USBD_LL_OpenEP
 .text.USBD_LL_CloseEP
                0x08003cde       0x10 Src/usbd_conf.o
                0x08003cde                USBD_LL_CloseEP
 .text.USBD_LL_StallEP
                0x08003cee       0x10 Src/usbd_conf.o
                0x08003cee                USBD_LL_StallEP
 .text.USBD_LL_ClearStallEP
                0x08003cfe       0x10 Src/usbd_conf.o
                0x08003cfe                USBD_LL_ClearStallEP
 .text.USBD_LL_SetUSBAddress
                0x08003d0e       0x10 Src/usbd_conf.o
                0x08003d0e                USBD_LL_SetUSBAddress
 .text.USBD_LL_Transmit
                0x08003d1e       0x10 Src/usbd_conf.o
                0x08003d1e                USBD_LL_Transmit
 .text.USBD_LL_PrepareReceive
                0x08003d2e       0x10 Src/usbd_conf.o
                0x08003d2e                USBD_LL_PrepareReceive
 *fill*         0x08003d3e        0x2 
 .text.USBD_FS_DeviceDescriptor
                0x08003d40        0xc Src/usbd_desc.o
                0x08003d40                USBD_FS_DeviceDescriptor
 .text.USBD_FS_LangIDStrDescriptor
                0x08003d4c        0xc Src/usbd_desc.o
                0x08003d4c                USBD_FS_LangIDStrDescriptor
 .text.IntToUnicode
                0x08003d58       0x36 Src/usbd_desc.o
 *fill*         0x08003d8e        0x2 
 .text.Get_SerialNum
                0x08003d90       0x38 Src/usbd_desc.o
 .text.USBD_FS_SerialStrDescriptor
                0x08003dc8       0x14 Src/usbd_desc.o
                0x08003dc8                USBD_FS_SerialStrDescriptor
 .text.USBD_FS_ProductStrDescriptor
                0x08003ddc       0x24 Src/usbd_desc.o
                0x08003ddc                USBD_FS_ProductStrDescriptor
 .text.USBD_FS_ManufacturerStrDescriptor
                0x08003e00       0x1c Src/usbd_desc.o
                0x08003e00                USBD_FS_ManufacturerStrDescriptor
 .text.USBD_FS_ConfigStrDescriptor
                0x08003e1c       0x24 Src/usbd_desc.o
                0x08003e1c                USBD_FS_ConfigStrDescriptor
 .text.USBD_FS_InterfaceStrDescriptor
                0x08003e40       0x24 Src/usbd_desc.o
                0x08003e40                USBD_FS_InterfaceStrDescriptor
 .text.Reset_Handler
                0x08003e64       0x50 startup/startup_stm32f411xe.o
                0x08003e64                Reset_Handler
 .text.Default_Handler
                0x08003eb4        0x2 startup/startup_stm32f411xe.o
                0x08003eb4                RTC_Alarm_IRQHandler
                0x08003eb4                EXTI2_IRQHandler
                0x08003eb4                SPI4_IRQHandler
                0x08003eb4                TIM1_CC_IRQHandler
                0x08003eb4                DMA2_Stream5_IRQHandler
                0x08003eb4                DMA1_Stream5_IRQHandler
                0x08003eb4                PVD_IRQHandler
                0x08003eb4                SDIO_IRQHandler
                0x08003eb4                TAMP_STAMP_IRQHandler
                0x08003eb4                EXTI3_IRQHandler
                0x08003eb4                TIM1_UP_TIM10_IRQHandler
                0x08003eb4                I2C3_ER_IRQHandler
                0x08003eb4                I2C2_EV_IRQHandler
                0x08003eb4                DMA1_Stream2_IRQHandler
                0x08003eb4                FPU_IRQHandler
                0x08003eb4                DMA2_Stream2_IRQHandler
                0x08003eb4                SPI1_IRQHandler
                0x08003eb4                TIM1_BRK_TIM9_IRQHandler
                0x08003eb4                DMA2_Stream3_IRQHandler
                0x08003eb4                USART6_IRQHandler
                0x08003eb4                DMA2_Stream0_IRQHandler
                0x08003eb4                I2C1_EV_IRQHandler
                0x08003eb4                DMA1_Stream6_IRQHandler
                0x08003eb4                DMA1_Stream1_IRQHandler
                0x08003eb4                RCC_IRQHandler
                0x08003eb4                Default_Handler
                0x08003eb4                EXTI15_10_IRQHandler
                0x08003eb4                ADC_IRQHandler
                0x08003eb4                DMA1_Stream7_IRQHandler
                0x08003eb4                SPI5_IRQHandler
                0x08003eb4                TIM5_IRQHandler
                0x08003eb4                DMA2_Stream7_IRQHandler
                0x08003eb4                I2C3_EV_IRQHandler
                0x08003eb4                EXTI9_5_IRQHandler
                0x08003eb4                RTC_WKUP_IRQHandler
                0x08003eb4                SPI2_IRQHandler
                0x08003eb4                DMA1_Stream0_IRQHandler
                0x08003eb4                EXTI4_IRQHandler
                0x08003eb4                WWDG_IRQHandler
                0x08003eb4                TIM2_IRQHandler
                0x08003eb4                OTG_FS_WKUP_IRQHandler
                0x08003eb4                TIM1_TRG_COM_TIM11_IRQHandler
                0x08003eb4                EXTI1_IRQHandler
                0x08003eb4                USART2_IRQHandler
                0x08003eb4                I2C2_ER_IRQHandler
                0x08003eb4                DMA2_Stream1_IRQHandler
                0x08003eb4                FLASH_IRQHandler
                0x08003eb4                DMA2_Stream4_IRQHandler
                0x08003eb4                USART1_IRQHandler
                0x08003eb4                SPI3_IRQHandler
                0x08003eb4                DMA1_Stream4_IRQHandler
                0x08003eb4                I2C1_ER_IRQHandler
                0x08003eb4                DMA2_Stream6_IRQHandler
                0x08003eb4                DMA1_Stream3_IRQHandler
 *fill*         0x08003eb6        0x2 
 .text.__errno  0x08003eb8        0xc c:/ac6/systemworkbench/plugins/fr.ac6.mcu.externaltools.arm-none.win32_1.17.0.201812190825/tools/compiler/bin/../lib/gcc/arm-none-eabi/7.3.1/../../../../arm-none-eabi/lib/thumb/v7e-m/fpv4-sp/hard\libc_nano.a(lib_a-errno.o)
                0x08003eb8                __errno
 .text.__libc_init_array
                0x08003ec4       0x48 c:/ac6/systemworkbench/plugins/fr.ac6.mcu.externaltools.arm-none.win32_1.17.0.201812190825/tools/compiler/bin/../lib/gcc/arm-none-eabi/7.3.1/../../../../arm-none-eabi/lib/thumb/v7e-m/fpv4-sp/hard\libc_nano.a(lib_a-init.o)
                0x08003ec4                __libc_init_array
 .text.malloc   0x08003f0c       0x10 c:/ac6/systemworkbench/plugins/fr.ac6.mcu.externaltools.arm-none.win32_1.17.0.201812190825/tools/compiler/bin/../lib/gcc/arm-none-eabi/7.3.1/../../../../arm-none-eabi/lib/thumb/v7e-m/fpv4-sp/hard\libc_nano.a(lib_a-malloc.o)
                0x08003f0c                malloc
 .text.free     0x08003f1c       0x10 c:/ac6/systemworkbench/plugins/fr.ac6.mcu.externaltools.arm-none.win32_1.17.0.201812190825/tools/compiler/bin/../lib/gcc/arm-none-eabi/7.3.1/../../../../arm-none-eabi/lib/thumb/v7e-m/fpv4-sp/hard\libc_nano.a(lib_a-malloc.o)
                0x08003f1c                free
 .text.memset   0x08003f2c       0x10 c:/ac6/systemworkbench/plugins/fr.ac6.mcu.externaltools.arm-none.win32_1.17.0.201812190825/tools/compiler/bin/../lib/gcc/arm-none-eabi/7.3.1/../../../../arm-none-eabi/lib/thumb/v7e-m/fpv4-sp/hard\libc_nano.a(lib_a-memset.o)
                0x08003f2c                memset
 .text._free_r  0x08003f3c       0x9c c:/ac6/systemworkbench/plugins/fr.ac6.mcu.externaltools.arm-none.win32_1.17.0.201812190825/tools/compiler/bin/../lib/gcc/arm-none-eabi/7.3.1/../../../../arm-none-eabi/lib/thumb/v7e-m/fpv4-sp/hard\libc_nano.a(lib_a-nano-freer.o)
                0x08003f3c                _free_r
 .text._malloc_r
                0x08003fd8       0xb4 c:/ac6/systemworkbench/plugins/fr.ac6.mcu.externaltools.arm-none.win32_1.17.0.201812190825/tools/compiler/bin/../lib/gcc/arm-none-eabi/7.3.1/../../../../arm-none-eabi/lib/thumb/v7e-m/fpv4-sp/hard\libc_nano.a(lib_a-nano-mallocr.o)
                0x08003fd8                _malloc_r
 .text._sbrk_r  0x0800408c       0x20 c:/ac6/systemworkbench/plugins/fr.ac6.mcu.externaltools.arm-none.win32_1.17.0.201812190825/tools/compiler/bin/../lib/gcc/arm-none-eabi/7.3.1/../../../../arm-none-eabi/lib/thumb/v7e-m/fpv4-sp/hard\libc_nano.a(lib_a-sbrkr.o)
                0x0800408c                _sbrk_r
 .text.sprintf  0x080040ac       0x40 c:/ac6/systemworkbench/plugins/fr.ac6.mcu.externaltools.arm-none.win32_1.17.0.201812190825/tools/compiler/bin/../lib/gcc/arm-none-eabi/7.3.1/../../../../arm-none-eabi/lib/thumb/v7e-m/fpv4-sp/hard\libc_nano.a(lib_a-sprintf.o)
                0x080040ac                siprintf
                0x080040ac                sprintf
 .text.__malloc_lock
                0x080040ec        0x2 c:/ac6/systemworkbench/plugins/fr.ac6.mcu.externaltools.arm-none.win32_1.17.0.201812190825/tools/compiler/bin/../lib/gcc/arm-none-eabi/7.3.1/../../../../arm-none-eabi/lib/thumb/v7e-m/fpv4-sp/hard\libc_nano.a(lib_a-mlock.o)
                0x080040ec                __malloc_lock
 .text.__malloc_unlock
                0x080040ee        0x2 c:/ac6/systemworkbench/plugins/fr.ac6.mcu.externaltools.arm-none.win32_1.17.0.201812190825/tools/compiler/bin/../lib/gcc/arm-none-eabi/7.3.1/../../../../arm-none-eabi/lib/thumb/v7e-m/fpv4-sp/hard\libc_nano.a(lib_a-mlock.o)
                0x080040ee                __malloc_unlock
 .text.__ssputs_r
                0x080040f0       0xb4 c:/ac6/systemworkbench/plugins/fr.ac6.mcu.externaltools.arm-none.win32_1.17.0.201812190825/tools/compiler/bin/../lib/gcc/arm-none-eabi/7.3.1/../../../../arm-none-eabi/lib/thumb/v7e-m/fpv4-sp/hard\libc_nano.a(lib_a-nano-svfprintf.o)
                0x080040f0                __ssputs_r
 .text._svfprintf_r
                0x080041a4      0x1f0 c:/ac6/systemworkbench/plugins/fr.ac6.mcu.externaltools.arm-none.win32_1.17.0.201812190825/tools/compiler/bin/../lib/gcc/arm-none-eabi/7.3.1/../../../../arm-none-eabi/lib/thumb/v7e-m/fpv4-sp/hard\libc_nano.a(lib_a-nano-svfprintf.o)
                0x080041a4                _svfiprintf_r
                0x080041a4                _svfprintf_r
 .text._printf_common
                0x08004394       0xea c:/ac6/systemworkbench/plugins/fr.ac6.mcu.externaltools.arm-none.win32_1.17.0.201812190825/tools/compiler/bin/../lib/gcc/arm-none-eabi/7.3.1/../../../../arm-none-eabi/lib/thumb/v7e-m/fpv4-sp/hard\libc_nano.a(lib_a-nano-vfprintf_i.o)
                0x08004394                _printf_common
 *fill*         0x0800447e        0x2 
 .text._printf_i
                0x08004480      0x224 c:/ac6/systemworkbench/plugins/fr.ac6.mcu.externaltools.arm-none.win32_1.17.0.201812190825/tools/compiler/bin/../lib/gcc/arm-none-eabi/7.3.1/../../../../arm-none-eabi/lib/thumb/v7e-m/fpv4-sp/hard\libc_nano.a(lib_a-nano-vfprintf_i.o)
                0x08004480                _printf_i
 .text.memcpy   0x080046a4       0x16 c:/ac6/systemworkbench/plugins/fr.ac6.mcu.externaltools.arm-none.win32_1.17.0.201812190825/tools/compiler/bin/../lib/gcc/arm-none-eabi/7.3.1/../../../../arm-none-eabi/lib/thumb/v7e-m/fpv4-sp/hard\libc_nano.a(lib_a-memcpy-stub.o)
                0x080046a4                memcpy
 .text.memmove  0x080046ba       0x32 c:/ac6/systemworkbench/plugins/fr.ac6.mcu.externaltools.arm-none.win32_1.17.0.201812190825/tools/compiler/bin/../lib/gcc/arm-none-eabi/7.3.1/../../../../arm-none-eabi/lib/thumb/v7e-m/fpv4-sp/hard\libc_nano.a(lib_a-memmove.o)
                0x080046ba                memmove
 .text._realloc_r
                0x080046ec       0x4c c:/ac6/systemworkbench/plugins/fr.ac6.mcu.externaltools.arm-none.win32_1.17.0.201812190825/tools/compiler/bin/../lib/gcc/arm-none-eabi/7.3.1/../../../../arm-none-eabi/lib/thumb/v7e-m/fpv4-sp/hard\libc_nano.a(lib_a-nano-reallocr.o)
                0x080046ec                _realloc_r
 .text._malloc_usable_size_r
                0x08004738       0x10 c:/ac6/systemworkbench/plugins/fr.ac6.mcu.externaltools.arm-none.win32_1.17.0.201812190825/tools/compiler/bin/../lib/gcc/arm-none-eabi/7.3.1/../../../../arm-none-eabi/lib/thumb/v7e-m/fpv4-sp/hard\libc_nano.a(lib_a-nano-msizer.o)
                0x08004738                _malloc_usable_size_r
 *(.glue_7)
 .glue_7        0x08004748        0x0 linker stubs
 *(.glue_7t)
 .glue_7t       0x08004748        0x0 linker stubs
 *(.eh_frame)
 .eh_frame      0x08004748        0x0 c:/ac6/systemworkbench/plugins/fr.ac6.mcu.externaltools.arm-none.win32_1.17.0.201812190825/tools/compiler/bin/../lib/gcc/arm-none-eabi/7.3.1/thumb/v7e-m/fpv4-sp/hard/crtbegin.o
 *(.init)
 .init          0x08004748        0x4 c:/ac6/systemworkbench/plugins/fr.ac6.mcu.externaltools.arm-none.win32_1.17.0.201812190825/tools/compiler/bin/../lib/gcc/arm-none-eabi/7.3.1/thumb/v7e-m/fpv4-sp/hard/crti.o
                0x08004748                _init
 .init          0x0800474c        0x8 c:/ac6/systemworkbench/plugins/fr.ac6.mcu.externaltools.arm-none.win32_1.17.0.201812190825/tools/compiler/bin/../lib/gcc/arm-none-eabi/7.3.1/thumb/v7e-m/fpv4-sp/hard/crtn.o
 *(.fini)
 .fini          0x08004754        0x4 c:/ac6/systemworkbench/plugins/fr.ac6.mcu.externaltools.arm-none.win32_1.17.0.201812190825/tools/compiler/bin/../lib/gcc/arm-none-eabi/7.3.1/thumb/v7e-m/fpv4-sp/hard/crti.o
                0x08004754                _fini
 .fini          0x08004758        0x8 c:/ac6/systemworkbench/plugins/fr.ac6.mcu.externaltools.arm-none.win32_1.17.0.201812190825/tools/compiler/bin/../lib/gcc/arm-none-eabi/7.3.1/thumb/v7e-m/fpv4-sp/hard/crtn.o
                0x08004760                . = ALIGN (0x4)
                0x08004760                _etext = .

.vfp11_veneer   0x08004760        0x0
 .vfp11_veneer  0x08004760        0x0 linker stubs

.v4_bx          0x08004760        0x0
 .v4_bx         0x08004760        0x0 linker stubs

.iplt           0x08004760        0x0
 .iplt          0x08004760        0x0 c:/ac6/systemworkbench/plugins/fr.ac6.mcu.externaltools.arm-none.win32_1.17.0.201812190825/tools/compiler/bin/../lib/gcc/arm-none-eabi/7.3.1/thumb/v7e-m/fpv4-sp/hard/crtbegin.o

.rodata         0x08004760       0xcc
                0x08004760                . = ALIGN (0x4)
 *(.rodata)
 .rodata        0x08004760       0x18 Src/system_stm32f4xx.o
                0x08004760                AHBPrescTable
                0x08004770                APBPrescTable
 *(.rodata*)
 .rodata.str1.4
                0x08004778       0x35 Drivers/morse.o
                                 0x39 (size before relaxing)
 *fill*         0x080047ad        0x3 
 .rodata.str1.4
                0x080047b0       0x48 Src/usbd_desc.o
                                 0x46 (size before relaxing)
 .rodata._svfprintf_r.str1.1
                0x080047f8       0x11 c:/ac6/systemworkbench/plugins/fr.ac6.mcu.externaltools.arm-none.win32_1.17.0.201812190825/tools/compiler/bin/../lib/gcc/arm-none-eabi/7.3.1/../../../../arm-none-eabi/lib/thumb/v7e-m/fpv4-sp/hard\libc_nano.a(lib_a-nano-svfprintf.o)
 .rodata._printf_i.str1.1
                0x08004809       0x22 c:/ac6/systemworkbench/plugins/fr.ac6.mcu.externaltools.arm-none.win32_1.17.0.201812190825/tools/compiler/bin/../lib/gcc/arm-none-eabi/7.3.1/../../../../arm-none-eabi/lib/thumb/v7e-m/fpv4-sp/hard\libc_nano.a(lib_a-nano-vfprintf_i.o)
                0x0800482c                . = ALIGN (0x4)
 *fill*         0x0800482b        0x1 

.ARM.extab
 *(.ARM.extab* .gnu.linkonce.armextab.*)

.ARM            0x0800482c        0x8
                0x0800482c                __exidx_start = .
 *(.ARM.exidx*)
 .ARM.exidx     0x0800482c        0x8 c:/ac6/systemworkbench/plugins/fr.ac6.mcu.externaltools.arm-none.win32_1.17.0.201812190825/tools/compiler/bin/../lib/gcc/arm-none-eabi/7.3.1/thumb/v7e-m/fpv4-sp/hard\libgcc.a(_udivmoddi4.o)
                0x08004834                __exidx_end = .

.rel.dyn        0x08004834        0x0
 .rel.iplt      0x08004834        0x0 c:/ac6/systemworkbench/plugins/fr.ac6.mcu.externaltools.arm-none.win32_1.17.0.201812190825/tools/compiler/bin/../lib/gcc/arm-none-eabi/7.3.1/thumb/v7e-m/fpv4-sp/hard/crtbegin.o

.preinit_array  0x08004834        0x0
                0x08004834                PROVIDE (__preinit_array_start = .)
 *(.preinit_array*)
                0x08004834                PROVIDE (__preinit_array_end = .)

.init_array     0x08004834        0x4
                0x08004834                PROVIDE (__init_array_start = .)
 *(SORT_BY_NAME(.init_array.*))
 *(.init_array*)
 .init_array    0x08004834        0x4 c:/ac6/systemworkbench/plugins/fr.ac6.mcu.externaltools.arm-none.win32_1.17.0.201812190825/tools/compiler/bin/../lib/gcc/arm-none-eabi/7.3.1/thumb/v7e-m/fpv4-sp/hard/crtbegin.o
                0x08004838                PROVIDE (__init_array_end = .)

.fini_array     0x08004838        0x4
                [!provide]                PROVIDE (__fini_array_start = .)
 *(SORT_BY_NAME(.fini_array.*))
 *(.fini_array*)
 .fini_array    0x08004838        0x4 c:/ac6/systemworkbench/plugins/fr.ac6.mcu.externaltools.arm-none.win32_1.17.0.201812190825/tools/compiler/bin/../lib/gcc/arm-none-eabi/7.3.1/thumb/v7e-m/fpv4-sp/hard/crtbegin.o
                [!provide]                PROVIDE (__fini_array_end = .)
                0x0800483c                _sidata = LOADADDR (.data)

.data           0x20000000      0x1e0 load address 0x0800483c
                0x20000000                . = ALIGN (0x4)
                0x20000000                _sdata = .
 *(.data)
 .data          0x20000000        0x8 Drivers/STM32F4xx_HAL_Driver/Src/stm32f4xx_hal.o
                0x20000000                uwTickFreq
                0x20000004                uwTickPrio
 .data          0x20000008      0x110 Middlewares/ST/STM32_USB_Device_Library/Class/CDC/Src/usbd_cdc.o
                0x20000008                USBD_CDC_CfgFSDesc
                0x2000004c                USBD_CDC_CfgHSDesc
                0x20000090                USBD_CDC_OtherSpeedCfgDesc
                0x200000e0                USBD_CDC
 .data          0x20000118        0x4 Src/system_stm32f4xx.o
                0x20000118                SystemCoreClock
 .data          0x2000011c       0x10 Src/usbd_cdc_if.o
                0x2000011c                USBD_Interface_fops_FS
 .data          0x2000012c       0x50 Src/usbd_desc.o
                0x2000012c                USBD_FS_DeviceDesc
                0x20000140                USBD_LangIDDesc
                0x20000144                USBD_StringSerial
                0x20000160                FS_Desc
 *(.data*)
 .data._impure_ptr
                0x2000017c        0x4 c:/ac6/systemworkbench/plugins/fr.ac6.mcu.externaltools.arm-none.win32_1.17.0.201812190825/tools/compiler/bin/../lib/gcc/arm-none-eabi/7.3.1/../../../../arm-none-eabi/lib/thumb/v7e-m/fpv4-sp/hard\libc_nano.a(lib_a-impure.o)
                0x2000017c                _impure_ptr
 .data.impure_data
                0x20000180       0x60 c:/ac6/systemworkbench/plugins/fr.ac6.mcu.externaltools.arm-none.win32_1.17.0.201812190825/tools/compiler/bin/../lib/gcc/arm-none-eabi/7.3.1/../../../../arm-none-eabi/lib/thumb/v7e-m/fpv4-sp/hard\libc_nano.a(lib_a-impure.o)
                0x200001e0                . = ALIGN (0x4)
                0x200001e0                _edata = .

.igot.plt       0x200001e0        0x0 load address 0x08004a1c
 .igot.plt      0x200001e0        0x0 c:/ac6/systemworkbench/plugins/fr.ac6.mcu.externaltools.arm-none.win32_1.17.0.201812190825/tools/compiler/bin/../lib/gcc/arm-none-eabi/7.3.1/thumb/v7e-m/fpv4-sp/hard/crtbegin.o
                0x200001e0                . = ALIGN (0x4)

.bss            0x200001e0     0x21f0 load address 0x08004a1c
                0x200001e0                _sbss = .
                0x200001e0                __bss_start__ = _sbss
 *(.bss)
 .bss           0x200001e0       0x1c c:/ac6/systemworkbench/plugins/fr.ac6.mcu.externaltools.arm-none.win32_1.17.0.201812190825/tools/compiler/bin/../lib/gcc/arm-none-eabi/7.3.1/thumb/v7e-m/fpv4-sp/hard/crtbegin.o
 .bss           0x200001fc       0x17 Drivers/morse.o
                0x200001fc                MessageCounter
                0x200001fd                MessageLength
                0x20000200                space
                0x20000204                reset
                0x20000208                b
                0x2000020c                y
                0x2000020d                x
                0x2000020e                receivedDataFlag
                0x2000020f                messageLength
                0x20000210                val
                0x20000212                stop
 .bss           0x20000213        0x1 Middlewares/ST/STM32_USB_Device_Library/Core/Src/usbd_ctlreq.o
 .bss           0x20000214        0x8 Src/syscalls.o
                0x20000218                __env
 *(.bss*)
 .bss.__malloc_free_list
                0x2000021c        0x4 c:/ac6/systemworkbench/plugins/fr.ac6.mcu.externaltools.arm-none.win32_1.17.0.201812190825/tools/compiler/bin/../lib/gcc/arm-none-eabi/7.3.1/../../../../arm-none-eabi/lib/thumb/v7e-m/fpv4-sp/hard\libc_nano.a(lib_a-nano-mallocr.o)
                0x2000021c                __malloc_free_list
 .bss.__malloc_sbrk_start
                0x20000220        0x4 c:/ac6/systemworkbench/plugins/fr.ac6.mcu.externaltools.arm-none.win32_1.17.0.201812190825/tools/compiler/bin/../lib/gcc/arm-none-eabi/7.3.1/../../../../arm-none-eabi/lib/thumb/v7e-m/fpv4-sp/hard\libc_nano.a(lib_a-nano-mallocr.o)
                0x20000220                __malloc_sbrk_start
 *(COMMON)
 COMMON         0x20000224        0x4 Drivers/STM32F4xx_HAL_Driver/Src/stm32f4xx_hal.o
                0x20000224                uwTick
 COMMON         0x20000228      0x900 Drivers/morse.o
                0x20000228                htim4
                0x20000268                dataToSend
                0x20000290                temp
                0x200002b8                DataToSend
                0x200002e0                htim3
                0x20000320                results
                0x20000324                receivedData
                0x20000b24                word
 COMMON         0x20000b28      0x29c Src/usb_device.o
                0x20000b28                hUsbDeviceFS
 COMMON         0x20000dc4     0x1000 Src/usbd_cdc_if.o
                0x20000dc4                UserRxBufferFS
                0x200015c4                UserTxBufferFS
 COMMON         0x20001dc4      0x408 Src/usbd_conf.o
                0x20001dc4                hpcd_USB_OTG_FS
 COMMON         0x200021cc      0x200 Src/usbd_desc.o
                0x200021cc                USBD_StrDesc
 COMMON         0x200023cc        0x4 c:/ac6/systemworkbench/plugins/fr.ac6.mcu.externaltools.arm-none.win32_1.17.0.201812190825/tools/compiler/bin/../lib/gcc/arm-none-eabi/7.3.1/../../../../arm-none-eabi/lib/thumb/v7e-m/fpv4-sp/hard\libc_nano.a(lib_a-reent.o)
                0x200023cc                errno
                0x200023d0                . = ALIGN (0x4)
                0x200023d0                _ebss = .
                0x200023d0                __bss_end__ = _ebss

._user_heap_stack
                0x200023d0      0x600 load address 0x08004a1c
                0x200023d0                . = ALIGN (0x8)
                0x200023d0                PROVIDE (end = .)
                [!provide]                PROVIDE (_end = .)
                0x200025d0                . = (. + _Min_Heap_Size)
 *fill*         0x200023d0      0x200 
                0x200029d0                . = (. + _Min_Stack_Size)
 *fill*         0x200025d0      0x400 
                0x200029d0                . = ALIGN (0x8)

/DISCARD/
 libc.a(*)
 libm.a(*)
 libgcc.a(*)

.ARM.attributes
                0x00000000       0x30
 *(.ARM.attributes)
 .ARM.attributes
                0x00000000       0x22 c:/ac6/systemworkbench/plugins/fr.ac6.mcu.externaltools.arm-none.win32_1.17.0.201812190825/tools/compiler/bin/../lib/gcc/arm-none-eabi/7.3.1/thumb/v7e-m/fpv4-sp/hard/crti.o
 .ARM.attributes
                0x00000022       0x34 c:/ac6/systemworkbench/plugins/fr.ac6.mcu.externaltools.arm-none.win32_1.17.0.201812190825/tools/compiler/bin/../lib/gcc/arm-none-eabi/7.3.1/thumb/v7e-m/fpv4-sp/hard/crtbegin.o
 .ARM.attributes
                0x00000056       0x39 Drivers/STM32F4xx_HAL_Driver/Src/stm32f4xx_hal.o
 .ARM.attributes
                0x0000008f       0x39 Drivers/STM32F4xx_HAL_Driver/Src/stm32f4xx_hal_cortex.o
 .ARM.attributes
                0x000000c8       0x39 Drivers/STM32F4xx_HAL_Driver/Src/stm32f4xx_hal_gpio.o
 .ARM.attributes
                0x00000101       0x39 Drivers/STM32F4xx_HAL_Driver/Src/stm32f4xx_hal_pcd.o
 .ARM.attributes
                0x0000013a       0x39 Drivers/STM32F4xx_HAL_Driver/Src/stm32f4xx_hal_pcd_ex.o
 .ARM.attributes
                0x00000173       0x39 Drivers/STM32F4xx_HAL_Driver/Src/stm32f4xx_hal_rcc.o
 .ARM.attributes
                0x000001ac       0x39 Drivers/STM32F4xx_HAL_Driver/Src/stm32f4xx_hal_tim.o
 .ARM.attributes
                0x000001e5       0x39 Drivers/STM32F4xx_HAL_Driver/Src/stm32f4xx_hal_tim_ex.o
 .ARM.attributes
                0x0000021e       0x39 Drivers/STM32F4xx_HAL_Driver/Src/stm32f4xx_ll_usb.o
 .ARM.attributes
                0x00000257       0x39 Drivers/morse.o
 .ARM.attributes
                0x00000290       0x39 Middlewares/ST/STM32_USB_Device_Library/Class/CDC/Src/usbd_cdc.o
 .ARM.attributes
                0x000002c9       0x39 Middlewares/ST/STM32_USB_Device_Library/Core/Src/usbd_core.o
 .ARM.attributes
                0x00000302       0x39 Middlewares/ST/STM32_USB_Device_Library/Core/Src/usbd_ctlreq.o
 .ARM.attributes
                0x0000033b       0x39 Middlewares/ST/STM32_USB_Device_Library/Core/Src/usbd_ioreq.o
 .ARM.attributes
                0x00000374       0x39 Src/main.o
 .ARM.attributes
                0x000003ad       0x39 Src/stm32f4xx_hal_msp.o
 .ARM.attributes
                0x000003e6       0x39 Src/stm32f4xx_it.o
 .ARM.attributes
                0x0000041f       0x39 Src/syscalls.o
 .ARM.attributes
                0x00000458       0x39 Src/system_stm32f4xx.o
 .ARM.attributes
                0x00000491       0x39 Src/usb_device.o
 .ARM.attributes
                0x000004ca       0x39 Src/usbd_cdc_if.o
 .ARM.attributes
                0x00000503       0x39 Src/usbd_conf.o
 .ARM.attributes
                0x0000053c       0x39 Src/usbd_desc.o
 .ARM.attributes
                0x00000575       0x21 startup/startup_stm32f411xe.o
 .ARM.attributes
                0x00000596       0x22 c:/ac6/systemworkbench/plugins/fr.ac6.mcu.externaltools.arm-none.win32_1.17.0.201812190825/tools/compiler/bin/../lib/gcc/arm-none-eabi/7.3.1/thumb/v7e-m/fpv4-sp/hard\libgcc.a(_aeabi_uldivmod.o)
 .ARM.attributes
                0x000005b8       0x34 c:/ac6/systemworkbench/plugins/fr.ac6.mcu.externaltools.arm-none.win32_1.17.0.201812190825/tools/compiler/bin/../lib/gcc/arm-none-eabi/7.3.1/thumb/v7e-m/fpv4-sp/hard\libgcc.a(_udivmoddi4.o)
 .ARM.attributes
                0x000005ec       0x22 c:/ac6/systemworkbench/plugins/fr.ac6.mcu.externaltools.arm-none.win32_1.17.0.201812190825/tools/compiler/bin/../lib/gcc/arm-none-eabi/7.3.1/thumb/v7e-m/fpv4-sp/hard\libgcc.a(_dvmd_tls.o)
 .ARM.attributes
                0x0000060e       0x34 c:/ac6/systemworkbench/plugins/fr.ac6.mcu.externaltools.arm-none.win32_1.17.0.201812190825/tools/compiler/bin/../lib/gcc/arm-none-eabi/7.3.1/../../../../arm-none-eabi/lib/thumb/v7e-m/fpv4-sp/hard\libc_nano.a(lib_a-errno.o)
 .ARM.attributes
                0x00000642       0x34 c:/ac6/systemworkbench/plugins/fr.ac6.mcu.externaltools.arm-none.win32_1.17.0.201812190825/tools/compiler/bin/../lib/gcc/arm-none-eabi/7.3.1/../../../../arm-none-eabi/lib/thumb/v7e-m/fpv4-sp/hard\libc_nano.a(lib_a-impure.o)
 .ARM.attributes
                0x00000676       0x34 c:/ac6/systemworkbench/plugins/fr.ac6.mcu.externaltools.arm-none.win32_1.17.0.201812190825/tools/compiler/bin/../lib/gcc/arm-none-eabi/7.3.1/../../../../arm-none-eabi/lib/thumb/v7e-m/fpv4-sp/hard\libc_nano.a(lib_a-init.o)
 .ARM.attributes
                0x000006aa       0x34 c:/ac6/systemworkbench/plugins/fr.ac6.mcu.externaltools.arm-none.win32_1.17.0.201812190825/tools/compiler/bin/../lib/gcc/arm-none-eabi/7.3.1/../../../../arm-none-eabi/lib/thumb/v7e-m/fpv4-sp/hard\libc_nano.a(lib_a-malloc.o)
 .ARM.attributes
                0x000006de       0x34 c:/ac6/systemworkbench/plugins/fr.ac6.mcu.externaltools.arm-none.win32_1.17.0.201812190825/tools/compiler/bin/../lib/gcc/arm-none-eabi/7.3.1/../../../../arm-none-eabi/lib/thumb/v7e-m/fpv4-sp/hard\libc_nano.a(lib_a-memset.o)
 .ARM.attributes
                0x00000712       0x34 c:/ac6/systemworkbench/plugins/fr.ac6.mcu.externaltools.arm-none.win32_1.17.0.201812190825/tools/compiler/bin/../lib/gcc/arm-none-eabi/7.3.1/../../../../arm-none-eabi/lib/thumb/v7e-m/fpv4-sp/hard\libc_nano.a(lib_a-nano-freer.o)
 .ARM.attributes
                0x00000746       0x34 c:/ac6/systemworkbench/plugins/fr.ac6.mcu.externaltools.arm-none.win32_1.17.0.201812190825/tools/compiler/bin/../lib/gcc/arm-none-eabi/7.3.1/../../../../arm-none-eabi/lib/thumb/v7e-m/fpv4-sp/hard\libc_nano.a(lib_a-nano-mallocr.o)
 .ARM.attributes
                0x0000077a       0x34 c:/ac6/systemworkbench/plugins/fr.ac6.mcu.externaltools.arm-none.win32_1.17.0.201812190825/tools/compiler/bin/../lib/gcc/arm-none-eabi/7.3.1/../../../../arm-none-eabi/lib/thumb/v7e-m/fpv4-sp/hard\libc_nano.a(lib_a-sbrkr.o)
 .ARM.attributes
                0x000007ae       0x34 c:/ac6/systemworkbench/plugins/fr.ac6.mcu.externaltools.arm-none.win32_1.17.0.201812190825/tools/compiler/bin/../lib/gcc/arm-none-eabi/7.3.1/../../../../arm-none-eabi/lib/thumb/v7e-m/fpv4-sp/hard\libc_nano.a(lib_a-sprintf.o)
 .ARM.attributes
                0x000007e2       0x34 c:/ac6/systemworkbench/plugins/fr.ac6.mcu.externaltools.arm-none.win32_1.17.0.201812190825/tools/compiler/bin/../lib/gcc/arm-none-eabi/7.3.1/../../../../arm-none-eabi/lib/thumb/v7e-m/fpv4-sp/hard\libc_nano.a(lib_a-mlock.o)
 .ARM.attributes
                0x00000816       0x34 c:/ac6/systemworkbench/plugins/fr.ac6.mcu.externaltools.arm-none.win32_1.17.0.201812190825/tools/compiler/bin/../lib/gcc/arm-none-eabi/7.3.1/../../../../arm-none-eabi/lib/thumb/v7e-m/fpv4-sp/hard\libc_nano.a(lib_a-nano-svfprintf.o)
 .ARM.attributes
                0x0000084a       0x34 c:/ac6/systemworkbench/plugins/fr.ac6.mcu.externaltools.arm-none.win32_1.17.0.201812190825/tools/compiler/bin/../lib/gcc/arm-none-eabi/7.3.1/../../../../arm-none-eabi/lib/thumb/v7e-m/fpv4-sp/hard\libc_nano.a(lib_a-nano-vfprintf_i.o)
 .ARM.attributes
                0x0000087e       0x34 c:/ac6/systemworkbench/plugins/fr.ac6.mcu.externaltools.arm-none.win32_1.17.0.201812190825/tools/compiler/bin/../lib/gcc/arm-none-eabi/7.3.1/../../../../arm-none-eabi/lib/thumb/v7e-m/fpv4-sp/hard\libc_nano.a(lib_a-reent.o)
 .ARM.attributes
                0x000008b2       0x20 c:/ac6/systemworkbench/plugins/fr.ac6.mcu.externaltools.arm-none.win32_1.17.0.201812190825/tools/compiler/bin/../lib/gcc/arm-none-eabi/7.3.1/../../../../arm-none-eabi/lib/thumb/v7e-m/fpv4-sp/hard\libc_nano.a(lib_a-memchr.o)
 .ARM.attributes
                0x000008d2       0x34 c:/ac6/systemworkbench/plugins/fr.ac6.mcu.externaltools.arm-none.win32_1.17.0.201812190825/tools/compiler/bin/../lib/gcc/arm-none-eabi/7.3.1/../../../../arm-none-eabi/lib/thumb/v7e-m/fpv4-sp/hard\libc_nano.a(lib_a-memcpy-stub.o)
 .ARM.attributes
                0x00000906       0x34 c:/ac6/systemworkbench/plugins/fr.ac6.mcu.externaltools.arm-none.win32_1.17.0.201812190825/tools/compiler/bin/../lib/gcc/arm-none-eabi/7.3.1/../../../../arm-none-eabi/lib/thumb/v7e-m/fpv4-sp/hard\libc_nano.a(lib_a-memmove.o)
 .ARM.attributes
                0x0000093a       0x34 c:/ac6/systemworkbench/plugins/fr.ac6.mcu.externaltools.arm-none.win32_1.17.0.201812190825/tools/compiler/bin/../lib/gcc/arm-none-eabi/7.3.1/../../../../arm-none-eabi/lib/thumb/v7e-m/fpv4-sp/hard\libc_nano.a(lib_a-nano-reallocr.o)
 .ARM.attributes
                0x0000096e       0x34 c:/ac6/systemworkbench/plugins/fr.ac6.mcu.externaltools.arm-none.win32_1.17.0.201812190825/tools/compiler/bin/../lib/gcc/arm-none-eabi/7.3.1/../../../../arm-none-eabi/lib/thumb/v7e-m/fpv4-sp/hard\libc_nano.a(lib_a-nano-msizer.o)
 .ARM.attributes
                0x000009a2       0x22 c:/ac6/systemworkbench/plugins/fr.ac6.mcu.externaltools.arm-none.win32_1.17.0.201812190825/tools/compiler/bin/../lib/gcc/arm-none-eabi/7.3.1/thumb/v7e-m/fpv4-sp/hard/crtn.o
OUTPUT(eklips.elf elf32-littlearm)

.debug_info     0x00000000    0x1a3d5
 .debug_info    0x00000000      0x960 Drivers/STM32F4xx_HAL_Driver/Src/stm32f4xx_hal.o
 .debug_info    0x00000960      0xeaa Drivers/STM32F4xx_HAL_Driver/Src/stm32f4xx_hal_cortex.o
 .debug_info    0x0000180a      0x798 Drivers/STM32F4xx_HAL_Driver/Src/stm32f4xx_hal_gpio.o
 .debug_info    0x00001fa2     0x1762 Drivers/STM32F4xx_HAL_Driver/Src/stm32f4xx_hal_pcd.o
 .debug_info    0x00003704      0x700 Drivers/STM32F4xx_HAL_Driver/Src/stm32f4xx_hal_pcd_ex.o
 .debug_info    0x00003e04      0xa63 Drivers/STM32F4xx_HAL_Driver/Src/stm32f4xx_hal_rcc.o
 .debug_info    0x00004867     0x3180 Drivers/STM32F4xx_HAL_Driver/Src/stm32f4xx_hal_tim.o
 .debug_info    0x000079e7     0x148f Drivers/STM32F4xx_HAL_Driver/Src/stm32f4xx_hal_tim_ex.o
 .debug_info    0x00008e76     0x1b1d Drivers/STM32F4xx_HAL_Driver/Src/stm32f4xx_ll_usb.o
 .debug_info    0x0000a993      0x945 Drivers/morse.o
 .debug_info    0x0000b2d8     0x1a80 Middlewares/ST/STM32_USB_Device_Library/Class/CDC/Src/usbd_cdc.o
 .debug_info    0x0000cd58     0x1516 Middlewares/ST/STM32_USB_Device_Library/Core/Src/usbd_core.o
 .debug_info    0x0000e26e     0x17b3 Middlewares/ST/STM32_USB_Device_Library/Core/Src/usbd_ctlreq.o
 .debug_info    0x0000fa21      0xfe6 Middlewares/ST/STM32_USB_Device_Library/Core/Src/usbd_ioreq.o
 .debug_info    0x00010a07     0x1d08 Src/main.o
 .debug_info    0x0001270f      0xad8 Src/stm32f4xx_hal_msp.o
 .debug_info    0x000131e7      0xb7c Src/stm32f4xx_it.o
 .debug_info    0x00013d63      0xfd3 Src/syscalls.o
 .debug_info    0x00014d36      0x531 Src/system_stm32f4xx.o
 .debug_info    0x00015267      0xef5 Src/usb_device.o
 .debug_info    0x0001615c     0x10bb Src/usbd_cdc_if.o
 .debug_info    0x00017217     0x2383 Src/usbd_conf.o
 .debug_info    0x0001959a      0xe19 Src/usbd_desc.o
 .debug_info    0x0001a3b3       0x22 startup/startup_stm32f411xe.o

.debug_abbrev   0x00000000     0x373d
 .debug_abbrev  0x00000000      0x21c Drivers/STM32F4xx_HAL_Driver/Src/stm32f4xx_hal.o
 .debug_abbrev  0x0000021c      0x328 Drivers/STM32F4xx_HAL_Driver/Src/stm32f4xx_hal_cortex.o
 .debug_abbrev  0x00000544      0x1e7 Drivers/STM32F4xx_HAL_Driver/Src/stm32f4xx_hal_gpio.o
 .debug_abbrev  0x0000072b      0x294 Drivers/STM32F4xx_HAL_Driver/Src/stm32f4xx_hal_pcd.o
 .debug_abbrev  0x000009bf      0x1de Drivers/STM32F4xx_HAL_Driver/Src/stm32f4xx_hal_pcd_ex.o
 .debug_abbrev  0x00000b9d      0x273 Drivers/STM32F4xx_HAL_Driver/Src/stm32f4xx_hal_rcc.o
 .debug_abbrev  0x00000e10      0x235 Drivers/STM32F4xx_HAL_Driver/Src/stm32f4xx_hal_tim.o
 .debug_abbrev  0x00001045      0x246 Drivers/STM32F4xx_HAL_Driver/Src/stm32f4xx_hal_tim_ex.o
 .debug_abbrev  0x0000128b      0x2a8 Drivers/STM32F4xx_HAL_Driver/Src/stm32f4xx_ll_usb.o
 .debug_abbrev  0x00001533      0x1e9 Drivers/morse.o
 .debug_abbrev  0x0000171c      0x339 Middlewares/ST/STM32_USB_Device_Library/Class/CDC/Src/usbd_cdc.o
 .debug_abbrev  0x00001a55      0x2ac Middlewares/ST/STM32_USB_Device_Library/Core/Src/usbd_core.o
 .debug_abbrev  0x00001d01      0x329 Middlewares/ST/STM32_USB_Device_Library/Core/Src/usbd_ctlreq.o
 .debug_abbrev  0x0000202a      0x215 Middlewares/ST/STM32_USB_Device_Library/Core/Src/usbd_ioreq.o
 .debug_abbrev  0x0000223f      0x2e9 Src/main.o
 .debug_abbrev  0x00002528      0x1ba Src/stm32f4xx_hal_msp.o
 .debug_abbrev  0x000026e2      0x1e7 Src/stm32f4xx_it.o
 .debug_abbrev  0x000028c9      0x2d4 Src/syscalls.o
 .debug_abbrev  0x00002b9d      0x111 Src/system_stm32f4xx.o
 .debug_abbrev  0x00002cae      0x21c Src/usb_device.o
 .debug_abbrev  0x00002eca      0x2c9 Src/usbd_cdc_if.o
 .debug_abbrev  0x00003193      0x2ed Src/usbd_conf.o
 .debug_abbrev  0x00003480      0x2ab Src/usbd_desc.o
 .debug_abbrev  0x0000372b       0x12 startup/startup_stm32f411xe.o

.debug_loc      0x00000000     0xbb58
 .debug_loc     0x00000000       0xfd Drivers/STM32F4xx_HAL_Driver/Src/stm32f4xx_hal.o
 .debug_loc     0x000000fd      0x5ce Drivers/STM32F4xx_HAL_Driver/Src/stm32f4xx_hal_cortex.o
 .debug_loc     0x000006cb      0x497 Drivers/STM32F4xx_HAL_Driver/Src/stm32f4xx_hal_gpio.o
 .debug_loc     0x00000b62      0xfda Drivers/STM32F4xx_HAL_Driver/Src/stm32f4xx_hal_pcd.o
 .debug_loc     0x00001b3c       0xab Drivers/STM32F4xx_HAL_Driver/Src/stm32f4xx_hal_pcd_ex.o
 .debug_loc     0x00001be7      0x3f1 Drivers/STM32F4xx_HAL_Driver/Src/stm32f4xx_hal_rcc.o
 .debug_loc     0x00001fd8     0x38f0 Drivers/STM32F4xx_HAL_Driver/Src/stm32f4xx_hal_tim.o
 .debug_loc     0x000058c8     0x11b6 Drivers/STM32F4xx_HAL_Driver/Src/stm32f4xx_hal_tim_ex.o
 .debug_loc     0x00006a7e     0x1e4e Drivers/STM32F4xx_HAL_Driver/Src/stm32f4xx_ll_usb.o
 .debug_loc     0x000088cc      0x729 Middlewares/ST/STM32_USB_Device_Library/Class/CDC/Src/usbd_cdc.o
 .debug_loc     0x00008ff5      0x6e2 Middlewares/ST/STM32_USB_Device_Library/Core/Src/usbd_core.o
 .debug_loc     0x000096d7      0xe37 Middlewares/ST/STM32_USB_Device_Library/Core/Src/usbd_ctlreq.o
 .debug_loc     0x0000a50e      0x23c Middlewares/ST/STM32_USB_Device_Library/Core/Src/usbd_ioreq.o
 .debug_loc     0x0000a74a       0xa6 Src/stm32f4xx_hal_msp.o
 .debug_loc     0x0000a7f0      0x3af Src/syscalls.o
 .debug_loc     0x0000ab9f      0x13e Src/system_stm32f4xx.o
 .debug_loc     0x0000acdd      0x113 Src/usbd_cdc_if.o
 .debug_loc     0x0000adf0      0xa5a Src/usbd_conf.o
 .debug_loc     0x0000b84a      0x30e Src/usbd_desc.o

.debug_aranges  0x00000000     0x1068
 .debug_aranges
                0x00000000       0xf0 Drivers/STM32F4xx_HAL_Driver/Src/stm32f4xx_hal.o
 .debug_aranges
                0x000000f0       0xa8 Drivers/STM32F4xx_HAL_Driver/Src/stm32f4xx_hal_cortex.o
 .debug_aranges
                0x00000198       0x58 Drivers/STM32F4xx_HAL_Driver/Src/stm32f4xx_hal_gpio.o
 .debug_aranges
                0x000001f0      0x130 Drivers/STM32F4xx_HAL_Driver/Src/stm32f4xx_hal_pcd.o
 .debug_aranges
                0x00000320       0x38 Drivers/STM32F4xx_HAL_Driver/Src/stm32f4xx_hal_pcd_ex.o
 .debug_aranges
                0x00000358       0x88 Drivers/STM32F4xx_HAL_Driver/Src/stm32f4xx_hal_rcc.o
 .debug_aranges
                0x000003e0      0x3a8 Drivers/STM32F4xx_HAL_Driver/Src/stm32f4xx_hal_tim.o
 .debug_aranges
                0x00000788      0x150 Drivers/STM32F4xx_HAL_Driver/Src/stm32f4xx_hal_tim_ex.o
 .debug_aranges
                0x000008d8      0x198 Drivers/STM32F4xx_HAL_Driver/Src/stm32f4xx_ll_usb.o
 .debug_aranges
                0x00000a70       0x20 Drivers/morse.o
 .debug_aranges
                0x00000a90       0x90 Middlewares/ST/STM32_USB_Device_Library/Class/CDC/Src/usbd_cdc.o
 .debug_aranges
                0x00000b20       0xb8 Middlewares/ST/STM32_USB_Device_Library/Core/Src/usbd_core.o
 .debug_aranges
                0x00000bd8       0x88 Middlewares/ST/STM32_USB_Device_Library/Core/Src/usbd_ctlreq.o
 .debug_aranges
                0x00000c60       0x50 Middlewares/ST/STM32_USB_Device_Library/Core/Src/usbd_ioreq.o
 .debug_aranges
                0x00000cb0       0x48 Src/main.o
 .debug_aranges
                0x00000cf8       0x30 Src/stm32f4xx_hal_msp.o
 .debug_aranges
                0x00000d28       0x80 Src/stm32f4xx_it.o
 .debug_aranges
                0x00000da8       0xb0 Src/syscalls.o
 .debug_aranges
                0x00000e58       0x28 Src/system_stm32f4xx.o
 .debug_aranges
                0x00000e80       0x20 Src/usb_device.o
 .debug_aranges
                0x00000ea0       0x40 Src/usbd_cdc_if.o
 .debug_aranges
                0x00000ee0      0x100 Src/usbd_conf.o
 .debug_aranges
                0x00000fe0       0x60 Src/usbd_desc.o
 .debug_aranges
                0x00001040       0x28 startup/startup_stm32f411xe.o

.debug_ranges   0x00000000      0xf68
 .debug_ranges  0x00000000       0xe0 Drivers/STM32F4xx_HAL_Driver/Src/stm32f4xx_hal.o
 .debug_ranges  0x000000e0       0xf8 Drivers/STM32F4xx_HAL_Driver/Src/stm32f4xx_hal_cortex.o
 .debug_ranges  0x000001d8       0x48 Drivers/STM32F4xx_HAL_Driver/Src/stm32f4xx_hal_gpio.o
 .debug_ranges  0x00000220      0x120 Drivers/STM32F4xx_HAL_Driver/Src/stm32f4xx_hal_pcd.o
 .debug_ranges  0x00000340       0x28 Drivers/STM32F4xx_HAL_Driver/Src/stm32f4xx_hal_pcd_ex.o
 .debug_ranges  0x00000368       0x90 Drivers/STM32F4xx_HAL_Driver/Src/stm32f4xx_hal_rcc.o
 .debug_ranges  0x000003f8      0x398 Drivers/STM32F4xx_HAL_Driver/Src/stm32f4xx_hal_tim.o
 .debug_ranges  0x00000790      0x140 Drivers/STM32F4xx_HAL_Driver/Src/stm32f4xx_hal_tim_ex.o
 .debug_ranges  0x000008d0      0x188 Drivers/STM32F4xx_HAL_Driver/Src/stm32f4xx_ll_usb.o
 .debug_ranges  0x00000a58       0x10 Drivers/morse.o
 .debug_ranges  0x00000a68       0x80 Middlewares/ST/STM32_USB_Device_Library/Class/CDC/Src/usbd_cdc.o
 .debug_ranges  0x00000ae8       0xa8 Middlewares/ST/STM32_USB_Device_Library/Core/Src/usbd_core.o
 .debug_ranges  0x00000b90       0x78 Middlewares/ST/STM32_USB_Device_Library/Core/Src/usbd_ctlreq.o
 .debug_ranges  0x00000c08       0x40 Middlewares/ST/STM32_USB_Device_Library/Core/Src/usbd_ioreq.o
 .debug_ranges  0x00000c48       0x38 Src/main.o
 .debug_ranges  0x00000c80       0x20 Src/stm32f4xx_hal_msp.o
 .debug_ranges  0x00000ca0       0x70 Src/stm32f4xx_it.o
 .debug_ranges  0x00000d10       0xa0 Src/syscalls.o
 .debug_ranges  0x00000db0       0x18 Src/system_stm32f4xx.o
 .debug_ranges  0x00000dc8       0x10 Src/usb_device.o
 .debug_ranges  0x00000dd8       0x30 Src/usbd_cdc_if.o
 .debug_ranges  0x00000e08       0xf0 Src/usbd_conf.o
 .debug_ranges  0x00000ef8       0x50 Src/usbd_desc.o
 .debug_ranges  0x00000f48       0x20 startup/startup_stm32f411xe.o

.debug_macro    0x00000000    0x19baf
 .debug_macro   0x00000000      0x248 Drivers/STM32F4xx_HAL_Driver/Src/stm32f4xx_hal.o
 .debug_macro   0x00000248      0xa60 Drivers/STM32F4xx_HAL_Driver/Src/stm32f4xx_hal.o
 .debug_macro   0x00000ca8      0x18a Drivers/STM32F4xx_HAL_Driver/Src/stm32f4xx_hal.o
 .debug_macro   0x00000e32       0x32 Drivers/STM32F4xx_HAL_Driver/Src/stm32f4xx_hal.o
 .debug_macro   0x00000e64       0x28 Drivers/STM32F4xx_HAL_Driver/Src/stm32f4xx_hal.o
 .debug_macro   0x00000e8c       0x22 Drivers/STM32F4xx_HAL_Driver/Src/stm32f4xx_hal.o
 .debug_macro   0x00000eae       0x8e Drivers/STM32F4xx_HAL_Driver/Src/stm32f4xx_hal.o
 .debug_macro   0x00000f3c       0x51 Drivers/STM32F4xx_HAL_Driver/Src/stm32f4xx_hal.o
 .debug_macro   0x00000f8d       0xef Drivers/STM32F4xx_HAL_Driver/Src/stm32f4xx_hal.o
 .debug_macro   0x0000107c       0x6a Drivers/STM32F4xx_HAL_Driver/Src/stm32f4xx_hal.o
 .debug_macro   0x000010e6      0x1df Drivers/STM32F4xx_HAL_Driver/Src/stm32f4xx_hal.o
 .debug_macro   0x000012c5       0x1c Drivers/STM32F4xx_HAL_Driver/Src/stm32f4xx_hal.o
 .debug_macro   0x000012e1       0x22 Drivers/STM32F4xx_HAL_Driver/Src/stm32f4xx_hal.o
 .debug_macro   0x00001303       0xdf Drivers/STM32F4xx_HAL_Driver/Src/stm32f4xx_hal.o
 .debug_macro   0x000013e2     0x102d Drivers/STM32F4xx_HAL_Driver/Src/stm32f4xx_hal.o
 .debug_macro   0x0000240f      0x11f Drivers/STM32F4xx_HAL_Driver/Src/stm32f4xx_hal.o
 .debug_macro   0x0000252e     0xb93e Drivers/STM32F4xx_HAL_Driver/Src/stm32f4xx_hal.o
 .debug_macro   0x0000de6c       0x43 Drivers/STM32F4xx_HAL_Driver/Src/stm32f4xx_hal.o
 .debug_macro   0x0000deaf     0x35d4 Drivers/STM32F4xx_HAL_Driver/Src/stm32f4xx_hal.o
 .debug_macro   0x00011483      0x174 Drivers/STM32F4xx_HAL_Driver/Src/stm32f4xx_hal.o
 .debug_macro   0x000115f7       0x4e Drivers/STM32F4xx_HAL_Driver/Src/stm32f4xx_hal.o
 .debug_macro   0x00011645      0x447 Drivers/STM32F4xx_HAL_Driver/Src/stm32f4xx_hal.o
 .debug_macro   0x00011a8c      0x9fe Drivers/STM32F4xx_HAL_Driver/Src/stm32f4xx_hal.o
 .debug_macro   0x0001248a       0xed Drivers/STM32F4xx_HAL_Driver/Src/stm32f4xx_hal.o
 .debug_macro   0x00012577      0x117 Drivers/STM32F4xx_HAL_Driver/Src/stm32f4xx_hal.o
 .debug_macro   0x0001268e      0x11b Drivers/STM32F4xx_HAL_Driver/Src/stm32f4xx_hal.o
 .debug_macro   0x000127a9       0x27 Drivers/STM32F4xx_HAL_Driver/Src/stm32f4xx_hal.o
 .debug_macro   0x000127d0      0x287 Drivers/STM32F4xx_HAL_Driver/Src/stm32f4xx_hal.o
 .debug_macro   0x00012a57       0x5f Drivers/STM32F4xx_HAL_Driver/Src/stm32f4xx_hal.o
 .debug_macro   0x00012ab6      0x236 Drivers/STM32F4xx_HAL_Driver/Src/stm32f4xx_hal.o
 .debug_macro   0x00012cec      0x132 Drivers/STM32F4xx_HAL_Driver/Src/stm32f4xx_hal.o
 .debug_macro   0x00012e1e      0x264 Drivers/STM32F4xx_HAL_Driver/Src/stm32f4xx_hal.o
 .debug_macro   0x00013082       0x2e Drivers/STM32F4xx_HAL_Driver/Src/stm32f4xx_hal.o
 .debug_macro   0x000130b0      0x11a Drivers/STM32F4xx_HAL_Driver/Src/stm32f4xx_hal.o
 .debug_macro   0x000131ca       0x85 Drivers/STM32F4xx_HAL_Driver/Src/stm32f4xx_hal.o
 .debug_macro   0x0001324f       0x89 Drivers/STM32F4xx_HAL_Driver/Src/stm32f4xx_hal.o
 .debug_macro   0x000132d8      0x87d Drivers/STM32F4xx_HAL_Driver/Src/stm32f4xx_hal.o
 .debug_macro   0x00013b55       0x47 Drivers/STM32F4xx_HAL_Driver/Src/stm32f4xx_hal.o
 .debug_macro   0x00013b9c      0x225 Drivers/STM32F4xx_HAL_Driver/Src/stm32f4xx_hal.o
 .debug_macro   0x00013dc1       0xe4 Drivers/STM32F4xx_HAL_Driver/Src/stm32f4xx_hal.o
 .debug_macro   0x00013ea5      0x126 Drivers/STM32F4xx_HAL_Driver/Src/stm32f4xx_hal.o
 .debug_macro   0x00013fcb      0x1e8 Drivers/STM32F4xx_HAL_Driver/Src/stm32f4xx_hal_cortex.o
 .debug_macro   0x000141b3      0x21e Drivers/STM32F4xx_HAL_Driver/Src/stm32f4xx_hal_gpio.o
 .debug_macro   0x000143d1      0x1f4 Drivers/STM32F4xx_HAL_Driver/Src/stm32f4xx_hal_pcd.o
 .debug_macro   0x000145c5      0x1e8 Drivers/STM32F4xx_HAL_Driver/Src/stm32f4xx_hal_pcd_ex.o
 .debug_macro   0x000147ad      0x20c Drivers/STM32F4xx_HAL_Driver/Src/stm32f4xx_hal_rcc.o
 .debug_macro   0x000149b9      0x1e9 Drivers/STM32F4xx_HAL_Driver/Src/stm32f4xx_hal_tim.o
 .debug_macro   0x00014ba2      0x1e8 Drivers/STM32F4xx_HAL_Driver/Src/stm32f4xx_hal_tim_ex.o
 .debug_macro   0x00014d8a      0x1e8 Drivers/STM32F4xx_HAL_Driver/Src/stm32f4xx_ll_usb.o
 .debug_macro   0x00014f72      0x201 Drivers/morse.o
 .debug_macro   0x00015173       0x82 Drivers/morse.o
 .debug_macro   0x000151f5      0x3ff Middlewares/ST/STM32_USB_Device_Library/Class/CDC/Src/usbd_cdc.o
 .debug_macro   0x000155f4       0x58 Middlewares/ST/STM32_USB_Device_Library/Class/CDC/Src/usbd_cdc.o
 .debug_macro   0x0001564c       0x18 Middlewares/ST/STM32_USB_Device_Library/Class/CDC/Src/usbd_cdc.o
 .debug_macro   0x00015664       0x94 Middlewares/ST/STM32_USB_Device_Library/Class/CDC/Src/usbd_cdc.o
 .debug_macro   0x000156f8       0x35 Middlewares/ST/STM32_USB_Device_Library/Class/CDC/Src/usbd_cdc.o
 .debug_macro   0x0001572d       0x34 Middlewares/ST/STM32_USB_Device_Library/Class/CDC/Src/usbd_cdc.o
 .debug_macro   0x00015761       0x16 Middlewares/ST/STM32_USB_Device_Library/Class/CDC/Src/usbd_cdc.o
 .debug_macro   0x00015777       0x57 Middlewares/ST/STM32_USB_Device_Library/Class/CDC/Src/usbd_cdc.o
 .debug_macro   0x000157ce       0x97 Middlewares/ST/STM32_USB_Device_Library/Class/CDC/Src/usbd_cdc.o
 .debug_macro   0x00015865      0x330 Middlewares/ST/STM32_USB_Device_Library/Class/CDC/Src/usbd_cdc.o
 .debug_macro   0x00015b95       0xfd Middlewares/ST/STM32_USB_Device_Library/Class/CDC/Src/usbd_cdc.o
 .debug_macro   0x00015c92       0x10 Middlewares/ST/STM32_USB_Device_Library/Class/CDC/Src/usbd_cdc.o
 .debug_macro   0x00015ca2       0x58 Middlewares/ST/STM32_USB_Device_Library/Class/CDC/Src/usbd_cdc.o
 .debug_macro   0x00015cfa       0x1f Middlewares/ST/STM32_USB_Device_Library/Class/CDC/Src/usbd_cdc.o
 .debug_macro   0x00015d19       0x43 Middlewares/ST/STM32_USB_Device_Library/Class/CDC/Src/usbd_cdc.o
 .debug_macro   0x00015d5c       0x20 Middlewares/ST/STM32_USB_Device_Library/Class/CDC/Src/usbd_cdc.o
 .debug_macro   0x00015d7c      0x18e Middlewares/ST/STM32_USB_Device_Library/Class/CDC/Src/usbd_cdc.o
 .debug_macro   0x00015f0a       0x10 Middlewares/ST/STM32_USB_Device_Library/Class/CDC/Src/usbd_cdc.o
 .debug_macro   0x00015f1a       0x1c Middlewares/ST/STM32_USB_Device_Library/Class/CDC/Src/usbd_cdc.o
 .debug_macro   0x00015f36       0x52 Middlewares/ST/STM32_USB_Device_Library/Class/CDC/Src/usbd_cdc.o
 .debug_macro   0x00015f88       0x40 Middlewares/ST/STM32_USB_Device_Library/Class/CDC/Src/usbd_cdc.o
 .debug_macro   0x00015fc8       0x10 Middlewares/ST/STM32_USB_Device_Library/Class/CDC/Src/usbd_cdc.o
 .debug_macro   0x00015fd8       0x40 Middlewares/ST/STM32_USB_Device_Library/Class/CDC/Src/usbd_cdc.o
 .debug_macro   0x00016018       0xd7 Middlewares/ST/STM32_USB_Device_Library/Class/CDC/Src/usbd_cdc.o
 .debug_macro   0x000160ef       0x1c Middlewares/ST/STM32_USB_Device_Library/Class/CDC/Src/usbd_cdc.o
 .debug_macro   0x0001610b       0x3d Middlewares/ST/STM32_USB_Device_Library/Class/CDC/Src/usbd_cdc.o
 .debug_macro   0x00016148       0x16 Middlewares/ST/STM32_USB_Device_Library/Class/CDC/Src/usbd_cdc.o
 .debug_macro   0x0001615e      0x16f Middlewares/ST/STM32_USB_Device_Library/Class/CDC/Src/usbd_cdc.o
 .debug_macro   0x000162cd       0x16 Middlewares/ST/STM32_USB_Device_Library/Class/CDC/Src/usbd_cdc.o
 .debug_macro   0x000162e3       0x35 Middlewares/ST/STM32_USB_Device_Library/Class/CDC/Src/usbd_cdc.o
 .debug_macro   0x00016318       0x16 Middlewares/ST/STM32_USB_Device_Library/Class/CDC/Src/usbd_cdc.o
 .debug_macro   0x0001632e       0x29 Middlewares/ST/STM32_USB_Device_Library/Class/CDC/Src/usbd_cdc.o
 .debug_macro   0x00016357       0x16 Middlewares/ST/STM32_USB_Device_Library/Class/CDC/Src/usbd_cdc.o
 .debug_macro   0x0001636d       0xd9 Middlewares/ST/STM32_USB_Device_Library/Class/CDC/Src/usbd_cdc.o
 .debug_macro   0x00016446       0x6b Middlewares/ST/STM32_USB_Device_Library/Class/CDC/Src/usbd_cdc.o
 .debug_macro   0x000164b1      0x1ca Middlewares/ST/STM32_USB_Device_Library/Class/CDC/Src/usbd_cdc.o
 .debug_macro   0x0001667b       0x8f Middlewares/ST/STM32_USB_Device_Library/Class/CDC/Src/usbd_cdc.o
 .debug_macro   0x0001670a      0x3e6 Middlewares/ST/STM32_USB_Device_Library/Core/Src/usbd_core.o
 .debug_macro   0x00016af0      0x1d0 Middlewares/ST/STM32_USB_Device_Library/Core/Src/usbd_core.o
 .debug_macro   0x00016cc0      0x3f0 Middlewares/ST/STM32_USB_Device_Library/Core/Src/usbd_ctlreq.o
 .debug_macro   0x000170b0      0x3ec Middlewares/ST/STM32_USB_Device_Library/Core/Src/usbd_ioreq.o
 .debug_macro   0x0001749c      0x427 Src/main.o
 .debug_macro   0x000178c3       0x5e Src/main.o
 .debug_macro   0x00017921      0x32a Src/main.o
 .debug_macro   0x00017c4b      0x1f7 Src/stm32f4xx_hal_msp.o
 .debug_macro   0x00017e42      0x201 Src/stm32f4xx_it.o
 .debug_macro   0x00018043      0x243 Src/syscalls.o
 .debug_macro   0x00018286       0x10 Src/syscalls.o
 .debug_macro   0x00018296       0x10 Src/syscalls.o
 .debug_macro   0x000182a6       0x10 Src/syscalls.o
 .debug_macro   0x000182b6       0x35 Src/syscalls.o
 .debug_macro   0x000182eb      0x122 Src/syscalls.o
 .debug_macro   0x0001840d       0x10 Src/syscalls.o
 .debug_macro   0x0001841d      0x241 Src/syscalls.o
 .debug_macro   0x0001865e       0x1c Src/syscalls.o
 .debug_macro   0x0001867a       0x10 Src/syscalls.o
 .debug_macro   0x0001868a      0x189 Src/syscalls.o
 .debug_macro   0x00018813       0x16 Src/syscalls.o
 .debug_macro   0x00018829       0x88 Src/syscalls.o
 .debug_macro   0x000188b1      0x1ee Src/system_stm32f4xx.o
 .debug_macro   0x00018a9f      0x420 Src/usb_device.o
 .debug_macro   0x00018ebf       0x88 Src/usb_device.o
 .debug_macro   0x00018f47       0x22 Src/usb_device.o
 .debug_macro   0x00018f69      0x411 Src/usbd_cdc_if.o
 .debug_macro   0x0001937a      0x3f0 Src/usbd_conf.o
 .debug_macro   0x0001976a      0x429 Src/usbd_desc.o
 .debug_macro   0x00019b93       0x1c Src/usbd_desc.o

.debug_line     0x00000000     0xefe9
 .debug_line    0x00000000      0x905 Drivers/STM32F4xx_HAL_Driver/Src/stm32f4xx_hal.o
 .debug_line    0x00000905      0x95b Drivers/STM32F4xx_HAL_Driver/Src/stm32f4xx_hal_cortex.o
 .debug_line    0x00001260      0x873 Drivers/STM32F4xx_HAL_Driver/Src/stm32f4xx_hal_gpio.o
 .debug_line    0x00001ad3      0xcd4 Drivers/STM32F4xx_HAL_Driver/Src/stm32f4xx_hal_pcd.o
 .debug_line    0x000027a7      0x767 Drivers/STM32F4xx_HAL_Driver/Src/stm32f4xx_hal_pcd_ex.o
 .debug_line    0x00002f0e      0x97d Drivers/STM32F4xx_HAL_Driver/Src/stm32f4xx_hal_rcc.o
 .debug_line    0x0000388b     0x184d Drivers/STM32F4xx_HAL_Driver/Src/stm32f4xx_hal_tim.o
 .debug_line    0x000050d8      0xd36 Drivers/STM32F4xx_HAL_Driver/Src/stm32f4xx_hal_tim_ex.o
 .debug_line    0x00005e0e      0xdd6 Drivers/STM32F4xx_HAL_Driver/Src/stm32f4xx_ll_usb.o
 .debug_line    0x00006be4      0x71d Drivers/morse.o
 .debug_line    0x00007301      0xb79 Middlewares/ST/STM32_USB_Device_Library/Class/CDC/Src/usbd_cdc.o
 .debug_line    0x00007e7a      0xb6e Middlewares/ST/STM32_USB_Device_Library/Core/Src/usbd_core.o
 .debug_line    0x000089e8      0xc36 Middlewares/ST/STM32_USB_Device_Library/Core/Src/usbd_ctlreq.o
 .debug_line    0x0000961e      0x9bc Middlewares/ST/STM32_USB_Device_Library/Core/Src/usbd_ioreq.o
 .debug_line    0x00009fda      0xa6a Src/main.o
 .debug_line    0x0000aa44      0x749 Src/stm32f4xx_hal_msp.o
 .debug_line    0x0000b18d      0x7de Src/stm32f4xx_it.o
 .debug_line    0x0000b96b      0x5d1 Src/syscalls.o
 .debug_line    0x0000bf3c      0x72d Src/system_stm32f4xx.o
 .debug_line    0x0000c669      0x9c8 Src/usb_device.o
 .debug_line    0x0000d031      0x9f2 Src/usbd_cdc_if.o
 .debug_line    0x0000da23      0xb62 Src/usbd_conf.o
 .debug_line    0x0000e585      0x9e5 Src/usbd_desc.o
 .debug_line    0x0000ef6a       0x7f startup/startup_stm32f411xe.o

.debug_str      0x00000000    0x8e514
 .debug_str     0x00000000    0x845ca Drivers/STM32F4xx_HAL_Driver/Src/stm32f4xx_hal.o
                              0x84958 (size before relaxing)
 .debug_str     0x000845ca      0x3a8 Drivers/STM32F4xx_HAL_Driver/Src/stm32f4xx_hal_cortex.o
                              0x8467c (size before relaxing)
 .debug_str     0x00084972      0x28c Drivers/STM32F4xx_HAL_Driver/Src/stm32f4xx_hal_gpio.o
                              0x84169 (size before relaxing)
 .debug_str     0x00084bfe      0xb1a Drivers/STM32F4xx_HAL_Driver/Src/stm32f4xx_hal_pcd.o
                              0x8492e (size before relaxing)
 .debug_str     0x00085718      0x128 Drivers/STM32F4xx_HAL_Driver/Src/stm32f4xx_hal_pcd_ex.o
                              0x842b8 (size before relaxing)
 .debug_str     0x00085840      0x370 Drivers/STM32F4xx_HAL_Driver/Src/stm32f4xx_hal_rcc.o
                              0x84333 (size before relaxing)
 .debug_str     0x00085bb0     0x1127 Drivers/STM32F4xx_HAL_Driver/Src/stm32f4xx_hal_tim.o
                              0x85077 (size before relaxing)
 .debug_str     0x00086cd7      0x4d4 Drivers/STM32F4xx_HAL_Driver/Src/stm32f4xx_hal_tim_ex.o
                              0x8488f (size before relaxing)
 .debug_str     0x000871ab      0x42f Drivers/STM32F4xx_HAL_Driver/Src/stm32f4xx_ll_usb.o
                              0x847f6 (size before relaxing)
 .debug_str     0x000875da      0x2e9 Drivers/morse.o
                              0x844e2 (size before relaxing)
 .debug_str     0x000878c3     0x50ba Middlewares/ST/STM32_USB_Device_Library/Class/CDC/Src/usbd_cdc.o
                              0x89529 (size before relaxing)
 .debug_str     0x0008c97d      0x294 Middlewares/ST/STM32_USB_Device_Library/Core/Src/usbd_core.o
                              0x88e5b (size before relaxing)
 .debug_str     0x0008cc11      0x117 Middlewares/ST/STM32_USB_Device_Library/Core/Src/usbd_ctlreq.o
                              0x88d75 (size before relaxing)
 .debug_str     0x0008cd28       0x51 Middlewares/ST/STM32_USB_Device_Library/Core/Src/usbd_ioreq.o
                              0x88ca2 (size before relaxing)
 .debug_str     0x0008cd79       0xbc Src/main.o
                              0x89b52 (size before relaxing)
 .debug_str     0x0008ce35       0x25 Src/stm32f4xx_hal_msp.o
                              0x848e8 (size before relaxing)
 .debug_str     0x0008ce5a      0x10b Src/stm32f4xx_it.o
                              0x84831 (size before relaxing)
 .debug_str     0x0008cf65     0x1123 Src/syscalls.o
                               0x85bc (size before relaxing)
 .debug_str     0x0008e088       0x5a Src/system_stm32f4xx.o
                              0x83f25 (size before relaxing)
 .debug_str     0x0008e0e2       0xa4 Src/usb_device.o
                              0x88fe5 (size before relaxing)
 .debug_str     0x0008e186       0x97 Src/usbd_cdc_if.o
                              0x89051 (size before relaxing)
 .debug_str     0x0008e21d       0x65 Src/usbd_conf.o
                              0x899da (size before relaxing)
 .debug_str     0x0008e282      0x263 Src/usbd_desc.o
                              0x88be9 (size before relaxing)
 .debug_str     0x0008e4e5       0x2f startup/startup_stm32f411xe.o
                                 0x64 (size before relaxing)

.comment        0x00000000       0x7f
 .comment       0x00000000       0x7f Drivers/STM32F4xx_HAL_Driver/Src/stm32f4xx_hal.o
                                 0x80 (size before relaxing)
 .comment       0x0000007f       0x80 Drivers/STM32F4xx_HAL_Driver/Src/stm32f4xx_hal_cortex.o
 .comment       0x0000007f       0x80 Drivers/STM32F4xx_HAL_Driver/Src/stm32f4xx_hal_gpio.o
 .comment       0x0000007f       0x80 Drivers/STM32F4xx_HAL_Driver/Src/stm32f4xx_hal_pcd.o
 .comment       0x0000007f       0x80 Drivers/STM32F4xx_HAL_Driver/Src/stm32f4xx_hal_pcd_ex.o
 .comment       0x0000007f       0x80 Drivers/STM32F4xx_HAL_Driver/Src/stm32f4xx_hal_rcc.o
 .comment       0x0000007f       0x80 Drivers/STM32F4xx_HAL_Driver/Src/stm32f4xx_hal_tim.o
 .comment       0x0000007f       0x80 Drivers/STM32F4xx_HAL_Driver/Src/stm32f4xx_hal_tim_ex.o
 .comment       0x0000007f       0x80 Drivers/STM32F4xx_HAL_Driver/Src/stm32f4xx_ll_usb.o
 .comment       0x0000007f       0x80 Drivers/morse.o
 .comment       0x0000007f       0x80 Middlewares/ST/STM32_USB_Device_Library/Class/CDC/Src/usbd_cdc.o
 .comment       0x0000007f       0x80 Middlewares/ST/STM32_USB_Device_Library/Core/Src/usbd_core.o
 .comment       0x0000007f       0x80 Middlewares/ST/STM32_USB_Device_Library/Core/Src/usbd_ctlreq.o
 .comment       0x0000007f       0x80 Middlewares/ST/STM32_USB_Device_Library/Core/Src/usbd_ioreq.o
 .comment       0x0000007f       0x80 Src/main.o
 .comment       0x0000007f       0x80 Src/stm32f4xx_hal_msp.o