20:53:46 **** Clean-only build of configuration Debug for project eklips ****
make clean 
make: *** No rule to make target 'clean'.  Stop.
20:53:54 **** Build of configuration Debug for project eklips ****
make all 
Building file: ../startup/startup_stm32f411xe.s
Invoking: MCU GCC Assembler
C:\Users\sercezar\Desktop\morse\eclipse\eklips\Debug
arm-none-eabi-as -mcpu=cortex-m4 -mthumb -mfloat-abi=hard -mfpu=fpv4-sp-d16 -g -o "startup/startup_stm32f411xe.o" "../startup/startup_stm32f411xe.s"
Finished building: ../startup/startup_stm32f411xe.s
 
Building file: ../Src/main.c
Invoking: MCU GCC Compiler
C:\Users\sercezar\Desktop\morse\eclipse\eklips\Debug
arm-none-eabi-gcc -mcpu=cortex-m4 -mthumb -mfloat-abi=hard -mfpu=fpv4-sp-d16 '-D__weak=__attribute__((weak))' '-D__packed=__attribute__((__packed__))' -DUSE_HAL_DRIVER -DSTM32F411xE -I"C:/Users/sercezar/Desktop/morse/eclipse/eklips/Inc" -I"C:/Users/sercezar/Desktop/morse/eclipse/eklips/Drivers/STM32F4xx_HAL_Driver/Inc" -I"C:/Users/sercezar/Desktop/morse/eclipse/eklips/Drivers/STM32F4xx_HAL_Driver/Inc/Legacy" -I"C:/Users/sercezar/Desktop/morse/eclipse/eklips/Middlewares/ST/STM32_USB_Device_Library/Core/Inc" -I"C:/Users/sercezar/Desktop/morse/eclipse/eklips/Middlewares/ST/STM32_USB_Device_Library/Class/CDC/Inc" -I"C:/Users/sercezar/Desktop/morse/eclipse/eklips/Drivers/CMSIS/Device/ST/STM32F4xx/Include" -I"C:/Users/sercezar/Desktop/morse/eclipse/eklips/Drivers/CMSIS/Include"  -Og -g3 -Wall -fmessage-length=0 -ffunction-sections -c -fmessage-length=0 -MMD -MP -MF"Src/main.d" -MT"Src/main.o" -o "Src/main.o" "../Src/main.c"
Finished building: ../Src/main.c
 
Building file: ../Src/stm32f4xx_hal_msp.c
Invoking: MCU GCC Compiler
C:\Users\sercezar\Desktop\morse\eclipse\eklips\Debug
arm-none-eabi-gcc -mcpu=cortex-m4 -mthumb -mfloat-abi=hard -mfpu=fpv4-sp-d16 '-D__weak=__attribute__((weak))' '-D__packed=__attribute__((__packed__))' -DUSE_HAL_DRIVER -DSTM32F411xE -I"C:/Users/sercezar/Desktop/morse/eclipse/eklips/Inc" -I"C:/Users/sercezar/Desktop/morse/eclipse/eklips/Drivers/STM32F4xx_HAL_Driver/Inc" -I"C:/Users/sercezar/Desktop/morse/eclipse/eklips/Drivers/STM32F4xx_HAL_Driver/Inc/Legacy" -I"C:/Users/sercezar/Desktop/morse/eclipse/eklips/Middlewares/ST/STM32_USB_Device_Library/Core/Inc" -I"C:/Users/sercezar/Desktop/morse/eclipse/eklips/Middlewares/ST/STM32_USB_Device_Library/Class/CDC/Inc" -I"C:/Users/sercezar/Desktop/morse/eclipse/eklips/Drivers/CMSIS/Device/ST/STM32F4xx/Include" -I"C:/Users/sercezar/Desktop/morse/eclipse/eklips/Drivers/CMSIS/Include"  -Og -g3 -Wall -fmessage-length=0 -ffunction-sections -c -fmessage-length=0 -MMD -MP -MF"Src/stm32f4xx_hal_msp.d" -MT"Src/stm32f4xx_hal_msp.o" -o "Src/stm32f4xx_hal_msp.o" "../Src/stm32f4xx_hal_msp.c"
Finished building: ../Src/stm32f4xx_hal_msp.c
 
Building file: ../Src/stm32f4xx_it.c
Invoking: MCU GCC Compiler
C:\Users\sercezar\Desktop\morse\eclipse\eklips\Debug
arm-none-eabi-gcc -mcpu=cortex-m4 -mthumb -mfloat-abi=hard -mfpu=fpv4-sp-d16 '-D__weak=__attribute__((weak))' '-D__packed=__attribute__((__packed__))' -DUSE_HAL_DRIVER -DSTM32F411xE -I"C:/Users/sercezar/Desktop/morse/eclipse/eklips/Inc" -I"C:/Users/sercezar/Desktop/morse/eclipse/eklips/Drivers/STM32F4xx_HAL_Driver/Inc" -I"C:/Users/sercezar/Desktop/morse/eclipse/eklips/Drivers/STM32F4xx_HAL_Driver/Inc/Legacy" -I"C:/Users/sercezar/Desktop/morse/eclipse/eklips/Middlewares/ST/STM32_USB_Device_Library/Core/Inc" -I"C:/Users/sercezar/Desktop/morse/eclipse/eklips/Middlewares/ST/STM32_USB_Device_Library/Class/CDC/Inc" -I"C:/Users/sercezar/Desktop/morse/eclipse/eklips/Drivers/CMSIS/Device/ST/STM32F4xx/Include" -I"C:/Users/sercezar/Desktop/morse/eclipse/eklips/Drivers/CMSIS/Include"  -Og -g3 -Wall -fmessage-length=0 -ffunction-sections -c -fmessage-length=0 -MMD -MP -MF"Src/stm32f4xx_it.d" -MT"Src/stm32f4xx_it.o" -o "Src/stm32f4xx_it.o" "../Src/stm32f4xx_it.c"
Finished building: ../Src/stm32f4xx_it.c
 
Building file: ../Src/syscalls.c
Invoking: MCU GCC Compiler
C:\Users\sercezar\Desktop\morse\eclipse\eklips\Debug
arm-none-eabi-gcc -mcpu=cortex-m4 -mthumb -mfloat-abi=hard -mfpu=fpv4-sp-d16 '-D__weak=__attribute__((weak))' '-D__packed=__attribute__((__packed__))' -DUSE_HAL_DRIVER -DSTM32F411xE -I"C:/Users/sercezar/Desktop/morse/eclipse/eklips/Inc" -I"C:/Users/sercezar/Desktop/morse/eclipse/eklips/Drivers/STM32F4xx_HAL_Driver/Inc" -I"C:/Users/sercezar/Desktop/morse/eclipse/eklips/Drivers/STM32F4xx_HAL_Driver/Inc/Legacy" -I"C:/Users/sercezar/Desktop/morse/eclipse/eklips/Middlewares/ST/STM32_USB_Device_Library/Core/Inc" -I"C:/Users/sercezar/Desktop/morse/eclipse/eklips/Middlewares/ST/STM32_USB_Device_Library/Class/CDC/Inc" -I"C:/Users/sercezar/Desktop/morse/eclipse/eklips/Drivers/CMSIS/Device/ST/STM32F4xx/Include" -I"C:/Users/sercezar/Desktop/morse/eclipse/eklips/Drivers/CMSIS/Include"  -Og -g3 -Wall -fmessage-length=0 -ffunction-sections -c -fmessage-length=0 -MMD -MP -MF"Src/syscalls.d" -MT"Src/syscalls.o" -o "Src/syscalls.o" "../Src/syscalls.c"
Finished building: ../Src/syscalls.c
 
Building file: ../Src/system_stm32f4xx.c
Invoking: MCU GCC Compiler
C:\Users\sercezar\Desktop\morse\eclipse\eklips\Debug
arm-none-eabi-gcc -mcpu=cortex-m4 -mthumb -mfloat-abi=hard -mfpu=fpv4-sp-d16 '-D__weak=__attribute__((weak))' '-D__packed=__attribute__((__packed__))' -DUSE_HAL_DRIVER -DSTM32F411xE -I"C:/Users/sercezar/Desktop/morse/eclipse/eklips/Inc" -I"C:/Users/sercezar/Desktop/morse/eclipse/eklips/Drivers/STM32F4xx_HAL_Driver/Inc" -I"C:/Users/sercezar/Desktop/morse/eclipse/eklips/Drivers/STM32F4xx_HAL_Driver/Inc/Legacy" -I"C:/Users/sercezar/Desktop/morse/eclipse/eklips/Middlewares/ST/STM32_USB_Device_Library/Core/Inc" -I"C:/Users/sercezar/Desktop/morse/eclipse/eklips/Middlewares/ST/STM32_USB_Device_Library/Class/CDC/Inc" -I"C:/Users/sercezar/Desktop/morse/eclipse/eklips/Drivers/CMSIS/Device/ST/STM32F4xx/Include" -I"C:/Users/sercezar/Desktop/morse/eclipse/eklips/Drivers/CMSIS/Include"  -Og -g3 -Wall -fmessage-length=0 -ffunction-sections -c -fmessage-length=0 -MMD -MP -MF"Src/system_stm32f4xx.d" -MT"Src/system_stm32f4xx.o" -o "Src/system_stm32f4xx.o" "../Src/system_stm32f4xx.c"
Finished building: ../Src/system_stm32f4xx.c
 
Building file: ../Src/usb_device.c
Invoking: MCU GCC Compiler
C:\Users\sercezar\Desktop\morse\eclipse\eklips\Debug
arm-none-eabi-gcc -mcpu=cortex-m4 -mthumb -mfloat-abi=hard -mfpu=fpv4-sp-d16 '-D__weak=__attribute__((weak))' '-D__packed=__attribute__((__packed__))' -DUSE_HAL_DRIVER -DSTM32F411xE -I"C:/Users/sercezar/Desktop/morse/eclipse/eklips/Inc" -I"C:/Users/sercezar/Desktop/morse/eclipse/eklips/Drivers/STM32F4xx_HAL_Driver/Inc" -I"C:/Users/sercezar/Desktop/morse/eclipse/eklips/Drivers/STM32F4xx_HAL_Driver/Inc/Legacy" -I"C:/Users/sercezar/Desktop/morse/eclipse/eklips/Middlewares/ST/STM32_USB_Device_Library/Core/Inc" -I"C:/Users/sercezar/Desktop/morse/eclipse/eklips/Middlewares/ST/STM32_USB_Device_Library/Class/CDC/Inc" -I"C:/Users/sercezar/Desktop/morse/eclipse/eklips/Drivers/CMSIS/Device/ST/STM32F4xx/Include" -I"C:/Users/sercezar/Desktop/morse/eclipse/eklips/Drivers/CMSIS/Include"  -Og -g3 -Wall -fmessage-length=0 -ffunction-sections -c -fmessage-length=0 -MMD -MP -MF"Src/usb_device.d" -MT"Src/usb_device.o" -o "Src/usb_device.o" "../Src/usb_device.c"
Finished building: ../Src/usb_device.c
 
Building file: ../Src/usbd_cdc_if.c
Invoking: MCU GCC Compiler
C:\Users\sercezar\Desktop\morse\eclipse\eklips\Debug
arm-none-eabi-gcc -mcpu=cortex-m4 -mthumb -mfloat-abi=hard -mfpu=fpv4-sp-d16 '-D__weak=__attribute__((weak))' '-D__packed=__attribute__((__packed__))' -DUSE_HAL_DRIVER -DSTM32F411xE -I"C:/Users/sercezar/Desktop/morse/eclipse/eklips/Inc" -I"C:/Users/sercezar/Desktop/morse/eclipse/eklips/Drivers/STM32F4xx_HAL_Driver/Inc" -I"C:/Users/sercezar/Desktop/morse/eclipse/eklips/Drivers/STM32F4xx_HAL_Driver/Inc/Legacy" -I"C:/Users/sercezar/Desktop/morse/eclipse/eklips/Middlewares/ST/STM32_USB_Device_Library/Core/Inc" -I"C:/Users/sercezar/Desktop/morse/eclipse/eklips/Middlewares/ST/STM32_USB_Device_Library/Class/CDC/Inc" -I"C:/Users/sercezar/Desktop/morse/eclipse/eklips/Drivers/CMSIS/Device/ST/STM32F4xx/Include" -I"C:/Users/sercezar/Desktop/morse/eclipse/eklips/Drivers/CMSIS/Include"  -Og -g3 -Wall -fmessage-length=0 -ffunction-sections -c -fmessage-length=0 -MMD -MP -MF"Src/usbd_cdc_if.d" -MT"Src/usbd_cdc_if.o" -o "Src/usbd_cdc_if.o" "../Src/usbd_cdc_if.c"
Finished building: ../Src/usbd_cdc_if.c
 
Building file: ../Src/usbd_conf.c
Invoking: MCU GCC Compiler
C:\Users\sercezar\Desktop\morse\eclipse\eklips\Debug
arm-none-eabi-gcc -mcpu=cortex-m4 -mthumb -mfloat-abi=hard -mfpu=fpv4-sp-d16 '-D__weak=__attribute__((weak))' '-D__packed=__attribute__((__packed__))' -DUSE_HAL_DRIVER -DSTM32F411xE -I"C:/Users/sercezar/Desktop/morse/eclipse/eklips/Inc" -I"C:/Users/sercezar/Desktop/morse/eclipse/eklips/Drivers/STM32F4xx_HAL_Driver/Inc" -I"C:/Users/sercezar/Desktop/morse/eclipse/eklips/Drivers/STM32F4xx_HAL_Driver/Inc/Legacy" -I"C:/Users/sercezar/Desktop/morse/eclipse/eklips/Middlewares/ST/STM32_USB_Device_Library/Core/Inc" -I"C:/Users/sercezar/Desktop/morse/eclipse/eklips/Middlewares/ST/STM32_USB_Device_Library/Class/CDC/Inc" -I"C:/Users/sercezar/Desktop/morse/eclipse/eklips/Drivers/CMSIS/Device/ST/STM32F4xx/Include" -I"C:/Users/sercezar/Desktop/morse/eclipse/eklips/Drivers/CMSIS/Include"  -Og -g3 -Wall -fmessage-length=0 -ffunction-sections -c -fmessage-length=0 -MMD -MP -MF"Src/usbd_conf.d" -MT"Src/usbd_conf.o" -o "Src/usbd_conf.o" "../Src/usbd_conf.c"
Finished building: ../Src/usbd_conf.c
 
Building file: ../Src/usbd_desc.c
Invoking: MCU GCC Compiler
C:\Users\sercezar\Desktop\morse\eclipse\eklips\Debug
arm-none-eabi-gcc -mcpu=cortex-m4 -mthumb -mfloat-abi=hard -mfpu=fpv4-sp-d16 '-D__weak=__attribute__((weak))' '-D__packed=__attribute__((__packed__))' -DUSE_HAL_DRIVER -DSTM32F411xE -I"C:/Users/sercezar/Desktop/morse/eclipse/eklips/Inc" -I"C:/Users/sercezar/Desktop/morse/eclipse/eklips/Drivers/STM32F4xx_HAL_Driver/Inc" -I"C:/Users/sercezar/Desktop/morse/eclipse/eklips/Drivers/STM32F4xx_HAL_Driver/Inc/Legacy" -I"C:/Users/sercezar/Desktop/morse/eclipse/eklips/Middlewares/ST/STM32_USB_Device_Library/Core/Inc" -I"C:/Users/sercezar/Desktop/morse/eclipse/eklips/Middlewares/ST/STM32_USB_Device_Library/Class/CDC/Inc" -I"C:/Users/sercezar/Desktop/morse/eclipse/eklips/Drivers/CMSIS/Device/ST/STM32F4xx/Include" -I"C:/Users/sercezar/Desktop/morse/eclipse/eklips/Drivers/CMSIS/Include"  -Og -g3 -Wall -fmessage-length=0 -ffunction-sections -c -fmessage-length=0 -MMD -MP -MF"Src/usbd_desc.d" -MT"Src/usbd_desc.o" -o "Src/usbd_desc.o" "../Src/usbd_desc.c"
Finished building: ../Src/usbd_desc.c
 
Building file: ../Middlewares/ST/STM32_USB_Device_Library/Core/Src/usbd_core.c
Invoking: MCU GCC Compiler
C:\Users\sercezar\Desktop\morse\eclipse\eklips\Debug
arm-none-eabi-gcc -mcpu=cortex-m4 -mthumb -mfloat-abi=hard -mfpu=fpv4-sp-d16 '-D__weak=__attribute__((weak))' '-D__packed=__attribute__((__packed__))' -DUSE_HAL_DRIVER -DSTM32F411xE -I"C:/Users/sercezar/Desktop/morse/eclipse/eklips/Inc" -I"C:/Users/sercezar/Desktop/morse/eclipse/eklips/Drivers/STM32F4xx_HAL_Driver/Inc" -I"C:/Users/sercezar/Desktop/morse/eclipse/eklips/Drivers/STM32F4xx_HAL_Driver/Inc/Legacy" -I"C:/Users/sercezar/Desktop/morse/eclipse/eklips/Middlewares/ST/STM32_USB_Device_Library/Core/Inc" -I"C:/Users/sercezar/Desktop/morse/eclipse/eklips/Middlewares/ST/STM32_USB_Device_Library/Class/CDC/Inc" -I"C:/Users/sercezar/Desktop/morse/eclipse/eklips/Drivers/CMSIS/Device/ST/STM32F4xx/Include" -I"C:/Users/sercezar/Desktop/morse/eclipse/eklips/Drivers/CMSIS/Include"  -Og -g3 -Wall -fmessage-length=0 -ffunction-sections -c -fmessage-length=0 -MMD -MP -MF"Middlewares/ST/STM32_USB_Device_Library/Core/Src/usbd_core.d" -MT"Middlewares/ST/STM32_USB_Device_Library/Core/Src/usbd_core.o" -o "Middlewares/ST/STM32_USB_Device_Library/Core/Src/usbd_core.o" "../Middlewares/ST/STM32_USB_Device_Library/Core/Src/usbd_core.c"
Finished building: ../Middlewares/ST/STM32_USB_Device_Library/Core/Src/usbd_core.c
 
Building file: ../Middlewares/ST/STM32_USB_Device_Library/Core/Src/usbd_ctlreq.c
Invoking: MCU GCC Compiler
C:\Users\sercezar\Desktop\morse\eclipse\eklips\Debug
arm-none-eabi-gcc -mcpu=cortex-m4 -mthumb -mfloat-abi=hard -mfpu=fpv4-sp-d16 '-D__weak=__attribute__((weak))' '-D__packed=__attribute__((__packed__))' -DUSE_HAL_DRIVER -DSTM32F411xE -I"C:/Users/sercezar/Desktop/morse/eclipse/eklips/Inc" -I"C:/Users/sercezar/Desktop/morse/eclipse/eklips/Drivers/STM32F4xx_HAL_Driver/Inc" -I"C:/Users/sercezar/Desktop/morse/eclipse/eklips/Drivers/STM32F4xx_HAL_Driver/Inc/Legacy" -I"C:/Users/sercezar/Desktop/morse/eclipse/eklips/Middlewares/ST/STM32_USB_Device_Library/Core/Inc" -I"C:/Users/sercezar/Desktop/morse/eclipse/eklips/Middlewares/ST/STM32_USB_Device_Library/Class/CDC/Inc" -I"C:/Users/sercezar/Desktop/morse/eclipse/eklips/Drivers/CMSIS/Device/ST/STM32F4xx/Include" -I"C:/Users/sercezar/Desktop/morse/eclipse/eklips/Drivers/CMSIS/Include"  -Og -g3 -Wall -fmessage-length=0 -ffunction-sections -c -fmessage-length=0 -MMD -MP -MF"Middlewares/ST/STM32_USB_Device_Library/Core/Src/usbd_ctlreq.d" -MT"Middlewares/ST/STM32_USB_Device_Library/Core/Src/usbd_ctlreq.o" -o "Middlewares/ST/STM32_USB_Device_Library/Core/Src/usbd_ctlreq.o" "../Middlewares/ST/STM32_USB_Device_Library/Core/Src/usbd_ctlreq.c"
Finished building: ../Middlewares/ST/STM32_USB_Device_Library/Core/Src/usbd_ctlreq.c
 
Building file: ../Middlewares/ST/STM32_USB_Device_Library/Core/Src/usbd_ioreq.c
Invoking: MCU GCC Compiler
C:\Users\sercezar\Desktop\morse\eclipse\eklips\Debug
arm-none-eabi-gcc -mcpu=cortex-m4 -mthumb -mfloat-abi=hard -mfpu=fpv4-sp-d16 '-D__weak=__attribute__((weak))' '-D__packed=__attribute__((__packed__))' -DUSE_HAL_DRIVER -DSTM32F411xE -I"C:/Users/sercezar/Desktop/morse/eclipse/eklips/Inc" -I"C:/Users/sercezar/Desktop/morse/eclipse/eklips/Drivers/STM32F4xx_HAL_Driver/Inc" -I"C:/Users/sercezar/Desktop/morse/eclipse/eklips/Drivers/STM32F4xx_HAL_Driver/Inc/Legacy" -I"C:/Users/sercezar/Desktop/morse/eclipse/eklips/Middlewares/ST/STM32_USB_Device_Library/Core/Inc" -I"C:/Users/sercezar/Desktop/morse/eclipse/eklips/Middlewares/ST/STM32_USB_Device_Library/Class/CDC/Inc" -I"C:/Users/sercezar/Desktop/morse/eclipse/eklips/Drivers/CMSIS/Device/ST/STM32F4xx/Include" -I"C:/Users/sercezar/Desktop/morse/eclipse/eklips/Drivers/CMSIS/Include"  -Og -g3 -Wall -fmessage-length=0 -ffunction-sections -c -fmessage-length=0 -MMD -MP -MF"Middlewares/ST/STM32_USB_Device_Library/Core/Src/usbd_ioreq.d" -MT"Middlewares/ST/STM32_USB_Device_Library/Core/Src/usbd_ioreq.o" -o "Middlewares/ST/STM32_USB_Device_Library/Core/Src/usbd_ioreq.o" "../Middlewares/ST/STM32_USB_Device_Library/Core/Src/usbd_ioreq.c"
Finished building: ../Middlewares/ST/STM32_USB_Device_Library/Core/Src/usbd_ioreq.c
 
Building file: ../Middlewares/ST/STM32_USB_Device_Library/Class/CDC/Src/usbd_cdc.c
Invoking: MCU GCC Compiler
C:\Users\sercezar\Desktop\morse\eclipse\eklips\Debug
arm-none-eabi-gcc -mcpu=cortex-m4 -mthumb -mfloat-abi=hard -mfpu=fpv4-sp-d16 '-D__weak=__attribute__((weak))' '-D__packed=__attribute__((__packed__))' -DUSE_HAL_DRIVER -DSTM32F411xE -I"C:/Users/sercezar/Desktop/morse/eclipse/eklips/Inc" -I"C:/Users/sercezar/Desktop/morse/eclipse/eklips/Drivers/STM32F4xx_HAL_Driver/Inc" -I"C:/Users/sercezar/Desktop/morse/eclipse/eklips/Drivers/STM32F4xx_HAL_Driver/Inc/Legacy" -I"C:/Users/sercezar/Desktop/morse/eclipse/eklips/Middlewares/ST/STM32_USB_Device_Library/Core/Inc" -I"C:/Users/sercezar/Desktop/morse/eclipse/eklips/Middlewares/ST/STM32_USB_Device_Library/Class/CDC/Inc" -I"C:/Users/sercezar/Desktop/morse/eclipse/eklips/Drivers/CMSIS/Device/ST/STM32F4xx/Include" -I"C:/Users/sercezar/Desktop/morse/eclipse/eklips/Drivers/CMSIS/Include"  -Og -g3 -Wall -fmessage-length=0 -ffunction-sections -c -fmessage-length=0 -MMD -MP -MF"Middlewares/ST/STM32_USB_Device_Library/Class/CDC/Src/usbd_cdc.d" -MT"Middlewares/ST/STM32_USB_Device_Library/Class/CDC/Src/usbd_cdc.o" -o "Middlewares/ST/STM32_USB_Device_Library/Class/CDC/Src/usbd_cdc.o" "../Middlewares/ST/STM32_USB_Device_Library/Class/CDC/Src/usbd_cdc.c"
Finished building: ../Middlewares/ST/STM32_USB_Device_Library/Class/CDC/Src/usbd_cdc.c
 
Building file: ../Drivers/STM32F4xx_HAL_Driver/Src/stm32f4xx_hal.c
Invoking: MCU GCC Compiler
C:\Users\sercezar\Desktop\morse\eclipse\eklips\Debug
arm-none-eabi-gcc -mcpu=cortex-m4 -mthumb -mfloat-abi=hard -mfpu=fpv4-sp-d16 '-D__weak=__attribute__((weak))' '-D__packed=__attribute__((__packed__))' -DUSE_HAL_DRIVER -DSTM32F411xE -I"C:/Users/sercezar/Desktop/morse/eclipse/eklips/Inc" -I"C:/Users/sercezar/Desktop/morse/eclipse/eklips/Drivers/STM32F4xx_HAL_Driver/Inc" -I"C:/Users/sercezar/Desktop/morse/eclipse/eklips/Drivers/STM32F4xx_HAL_Driver/Inc/Legacy" -I"C:/Users/sercezar/Desktop/morse/eclipse/eklips/Middlewares/ST/STM32_USB_Device_Library/Core/Inc" -I"C:/Users/sercezar/Desktop/morse/eclipse/eklips/Middlewares/ST/STM32_USB_Device_Library/Class/CDC/Inc" -I"C:/Users/sercezar/Desktop/morse/eclipse/eklips/Drivers/CMSIS/Device/ST/STM32F4xx/Include" -I"C:/Users/sercezar/Desktop/morse/eclipse/eklips/Drivers/CMSIS/Include"  -Og -g3 -Wall -fmessage-length=0 -ffunction-sections -c -fmessage-length=0 -MMD -MP -MF"Drivers/STM32F4xx_HAL_Driver/Src/stm32f4xx_hal.d" -MT"Drivers/STM32F4xx_HAL_Driver/Src/stm32f4xx_hal.o" -o "Drivers/STM32F4xx_HAL_Driver/Src/stm32f4xx_hal.o" "../Drivers/STM32F4xx_HAL_Driver/Src/stm32f4xx_hal.c"
Finished building: ../Drivers/STM32F4xx_HAL_Driver/Src/stm32f4xx_hal.c
 
Building file: ../Drivers/STM32F4xx_HAL_Driver/Src/stm32f4xx_hal_cortex.c
Invoking: MCU GCC Compiler
C:\Users\sercezar\Desktop\morse\eclipse\eklips\Debug
arm-none-eabi-gcc -mcpu=cortex-m4 -mthumb -mfloat-abi=hard -mfpu=fpv4-sp-d16 '-D__weak=__attribute__((weak))' '-D__packed=__attribute__((__packed__))' -DUSE_HAL_DRIVER -DSTM32F411xE -I"C:/Users/sercezar/Desktop/morse/eclipse/eklips/Inc" -I"C:/Users/sercezar/Desktop/morse/eclipse/eklips/Drivers/STM32F4xx_HAL_Driver/Inc" -I"C:/Users/sercezar/Desktop/morse/eclipse/eklips/Drivers/STM32F4xx_HAL_Driver/Inc/Legacy" -I"C:/Users/sercezar/Desktop/morse/eclipse/eklips/Middlewares/ST/STM32_USB_Device_Library/Core/Inc" -I"C:/Users/sercezar/Desktop/morse/eclipse/eklips/Middlewares/ST/STM32_USB_Device_Library/Class/CDC/Inc" -I"C:/Users/sercezar/Desktop/morse/eclipse/eklips/Drivers/CMSIS/Device/ST/STM32F4xx/Include" -I"C:/Users/sercezar/Desktop/morse/eclipse/eklips/Drivers/CMSIS/Include"  -Og -g3 -Wall -fmessage-length=0 -ffunction-sections -c -fmessage-length=0 -MMD -MP -MF"Drivers/STM32F4xx_HAL_Driver/Src/stm32f4xx_hal_cortex.d" -MT"Drivers/STM32F4xx_HAL_Driver/Src/stm32f4xx_hal_cortex.o" -o "Drivers/STM32F4xx_HAL_Driver/Src/stm32f4xx_hal_cortex.o" "../Drivers/STM32F4xx_HAL_Driver/Src/stm32f4xx_hal_cortex.c"
Finished building: ../Drivers/STM32F4xx_HAL_Driver/Src/stm32f4xx_hal_cortex.c
 
Building file: ../Drivers/STM32F4xx_HAL_Driver/Src/stm32f4xx_hal_dma.c
Invoking: MCU GCC Compiler
C:\Users\sercezar\Desktop\morse\eclipse\eklips\Debug
arm-none-eabi-gcc -mcpu=cortex-m4 -mthumb -mfloat-abi=hard -mfpu=fpv4-sp-d16 '-D__weak=__attribute__((weak))' '-D__packed=__attribute__((__packed__))' -DUSE_HAL_DRIVER -DSTM32F411xE -I"C:/Users/sercezar/Desktop/morse/eclipse/eklips/Inc" -I"C:/Users/sercezar/Desktop/morse/eclipse/eklips/Drivers/STM32F4xx_HAL_Driver/Inc" -I"C:/Users/sercezar/Desktop/morse/eclipse/eklips/Drivers/STM32F4xx_HAL_Driver/Inc/Legacy" -I"C:/Users/sercezar/Desktop/morse/eclipse/eklips/Middlewares/ST/STM32_USB_Device_Library/Core/Inc" -I"C:/Users/sercezar/Desktop/morse/eclipse/eklips/Middlewares/ST/STM32_USB_Device_Library/Class/CDC/Inc" -I"C:/Users/sercezar/Desktop/morse/eclipse/eklips/Drivers/CMSIS/Device/ST/STM32F4xx/Include" -I"C:/Users/sercezar/Desktop/morse/eclipse/eklips/Drivers/CMSIS/Include"  -Og -g3 -Wall -fmessage-length=0 -ffunction-sections -c -fmessage-length=0 -MMD -MP -MF"Drivers/STM32F4xx_HAL_Driver/Src/stm32f4xx_hal_dma.d" -MT"Drivers/STM32F4xx_HAL_Driver/Src/stm32f4xx_hal_dma.o" -o "Drivers/STM32F4xx_HAL_Driver/Src/stm32f4xx_hal_dma.o" "../Drivers/STM32F4xx_HAL_Driver/Src/stm32f4xx_hal_dma.c"
Finished building: ../Drivers/STM32F4xx_HAL_Driver/Src/stm32f4xx_hal_dma.c
 
Building file: ../Drivers/STM32F4xx_HAL_Driver/Src/stm32f4xx_hal_dma_ex.c
Invoking: MCU GCC Compiler
C:\Users\sercezar\Desktop\morse\eclipse\eklips\Debug
arm-none-eabi-gcc -mcpu=cortex-m4 -mthumb -mfloat-abi=hard -mfpu=fpv4-sp-d16 '-D__weak=__attribute__((weak))' '-D__packed=__attribute__((__packed__))' -DUSE_HAL_DRIVER -DSTM32F411xE -I"C:/Users/sercezar/Desktop/morse/eclipse/eklips/Inc" -I"C:/Users/sercezar/Desktop/morse/eclipse/eklips/Drivers/STM32F4xx_HAL_Driver/Inc" -I"C:/Users/sercezar/Desktop/morse/eclipse/eklips/Drivers/STM32F4xx_HAL_Driver/Inc/Legacy" -I"C:/Users/sercezar/Desktop/morse/eclipse/eklips/Middlewares/ST/STM32_USB_Device_Library/Core/Inc" -I"C:/Users/sercezar/Desktop/morse/eclipse/eklips/Middlewares/ST/STM32_USB_Device_Library/Class/CDC/Inc" -I"C:/Users/sercezar/Desktop/morse/eclipse/eklips/Drivers/CMSIS/Device/ST/STM32F4xx/Include" -I"C:/Users/sercezar/Desktop/morse/eclipse/eklips/Drivers/CMSIS/Include"  -Og -g3 -Wall -fmessage-length=0 -ffunction-sections -c -fmessage-length=0 -MMD -MP -MF"Drivers/STM32F4xx_HAL_Driver/Src/stm32f4xx_hal_dma_ex.d" -MT"Drivers/STM32F4xx_HAL_Driver/Src/stm32f4xx_hal_dma_ex.o" -o "Drivers/STM32F4xx_HAL_Driver/Src/stm32f4xx_hal_dma_ex.o" "../Drivers/STM32F4xx_HAL_Driver/Src/stm32f4xx_hal_dma_ex.c"
Finished building: ../Drivers/STM32F4xx_HAL_Driver/Src/stm32f4xx_hal_dma_ex.c
 
Building file: ../Drivers/STM32F4xx_HAL_Driver/Src/stm32f4xx_hal_exti.c
Invoking: MCU GCC Compiler
C:\Users\sercezar\Desktop\morse\eclipse\eklips\Debug
arm-none-eabi-gcc -mcpu=cortex-m4 -mthumb -mfloat-abi=hard -mfpu=fpv4-sp-d16 '-D__weak=__attribute__((weak))' '-D__packed=__attribute__((__packed__))' -DUSE_HAL_DRIVER -DSTM32F411xE -I"C:/Users/sercezar/Desktop/morse/eclipse/eklips/Inc" -I"C:/Users/sercezar/Desktop/morse/eclipse/eklips/Drivers/STM32F4xx_HAL_Driver/Inc" -I"C:/Users/sercezar/Desktop/morse/eclipse/eklips/Drivers/STM32F4xx_HAL_Driver/Inc/Legacy" -I"C:/Users/sercezar/Desktop/morse/eclipse/eklips/Middlewares/ST/STM32_USB_Device_Library/Core/Inc" -I"C:/Users/sercezar/Desktop/morse/eclipse/eklips/Middlewares/ST/STM32_USB_Device_Library/Class/CDC/Inc" -I"C:/Users/sercezar/Desktop/morse/eclipse/eklips/Drivers/CMSIS/Device/ST/STM32F4xx/Include" -I"C:/Users/sercezar/Desktop/morse/eclipse/eklips/Drivers/CMSIS/Include"  -Og -g3 -Wall -fmessage-length=0 -ffunction-sections -c -fmessage-length=0 -MMD -MP -MF"Drivers/STM32F4xx_HAL_Driver/Src/stm32f4xx_hal_exti.d" -MT"Drivers/STM32F4xx_HAL_Driver/Src/stm32f4xx_hal_exti.o" -o "Drivers/STM32F4xx_HAL_Driver/Src/stm32f4xx_hal_exti.o" "../Drivers/STM32F4xx_HAL_Driver/Src/stm32f4xx_hal_exti.c"
Finished building: ../Drivers/STM32F4xx_HAL_Driver/Src/stm32f4xx_hal_exti.c
 
Building file: ../Drivers/STM32F4xx_HAL_Driver/Src/stm32f4xx_hal_flash.c
Invoking: MCU GCC Compiler
C:\Users\sercezar\Desktop\morse\eclipse\eklips\Debug
arm-none-eabi-gcc -mcpu=cortex-m4 -mthumb -mfloat-abi=hard -mfpu=fpv4-sp-d16 '-D__weak=__attribute__((weak))' '-D__packed=__attribute__((__packed__))' -DUSE_HAL_DRIVER -DSTM32F411xE -I"C:/Users/sercezar/Desktop/morse/eclipse/eklips/Inc" -I"C:/Users/sercezar/Desktop/morse/eclipse/eklips/Drivers/STM32F4xx_HAL_Driver/Inc" -I"C:/Users/sercezar/Desktop/morse/eclipse/eklips/Drivers/STM32F4xx_HAL_Driver/Inc/Legacy" -I"C:/Users/sercezar/Desktop/morse/eclipse/eklips/Middlewares/ST/STM32_USB_Device_Library/Core/Inc" -I"C:/Users/sercezar/Desktop/morse/eclipse/eklips/Middlewares/ST/STM32_USB_Device_Library/Class/CDC/Inc" -I"C:/Users/sercezar/Desktop/morse/eclipse/eklips/Drivers/CMSIS/Device/ST/STM32F4xx/Include" -I"C:/Users/sercezar/Desktop/morse/eclipse/eklips/Drivers/CMSIS/Include"  -Og -g3 -Wall -fmessage-length=0 -ffunction-sections -c -fmessage-length=0 -MMD -MP -MF"Drivers/STM32F4xx_HAL_Driver/Src/stm32f4xx_hal_flash.d" -MT"Drivers/STM32F4xx_HAL_Driver/Src/stm32f4xx_hal_flash.o" -o "Drivers/STM32F4xx_HAL_Driver/Src/stm32f4xx_hal_flash.o" "../Drivers/STM32F4xx_HAL_Driver/Src/stm32f4xx_hal_flash.c"
Finished building: ../Drivers/STM32F4xx_HAL_Driver/Src/stm32f4xx_hal_flash.c
 
Building file: ../Drivers/STM32F4xx_HAL_Driver/Src/stm32f4xx_hal_flash_ex.c
Invoking: MCU GCC Compiler
C:\Users\sercezar\Desktop\morse\eclipse\eklips\Debug
arm-none-eabi-gcc -mcpu=cortex-m4 -mthumb -mfloat-abi=hard -mfpu=fpv4-sp-d16 '-D__weak=__attribute__((weak))' '-D__packed=__attribute__((__packed__))' -DUSE_HAL_DRIVER -DSTM32F411xE -I"C:/Users/sercezar/Desktop/morse/eclipse/eklips/Inc" -I"C:/Users/sercezar/Desktop/morse/eclipse/eklips/Drivers/STM32F4xx_HAL_Driver/Inc" -I"C:/Users/sercezar/Desktop/morse/eclipse/eklips/Drivers/STM32F4xx_HAL_Driver/Inc/Legacy" -I"C:/Users/sercezar/Desktop/morse/eclipse/eklips/Middlewares/ST/STM32_USB_Device_Library/Core/Inc" -I"C:/Users/sercezar/Desktop/morse/eclipse/eklips/Middlewares/ST/STM32_USB_Device_Library/Class/CDC/Inc" -I"C:/Users/sercezar/Desktop/morse/eclipse/eklips/Drivers/CMSIS/Device/ST/STM32F4xx/Include" -I"C:/Users/sercezar/Desktop/morse/eclipse/eklips/Drivers/CMSIS/Include"  -Og -g3 -Wall -fmessage-length=0 -ffunction-sections -c -fmessage-length=0 -MMD -MP -MF"Drivers/STM32F4xx_HAL_Driver/Src/stm32f4xx_hal_flash_ex.d" -MT"Drivers/STM32F4xx_HAL_Driver/Src/stm32f4xx_hal_flash_ex.o" -o "Drivers/STM32F4xx_HAL_Driver/Src/stm32f4xx_hal_flash_ex.o" "../Drivers/STM32F4xx_HAL_Driver/Src/stm32f4xx_hal_flash_ex.c"
Finished building: ../Drivers/STM32F4xx_HAL_Driver/Src/stm32f4xx_hal_flash_ex.c
 
Building file: ../Drivers/STM32F4xx_HAL_Driver/Src/stm32f4xx_hal_flash_ramfunc.c
Invoking: MCU GCC Compiler
C:\Users\sercezar\Desktop\morse\eclipse\eklips\Debug
arm-none-eabi-gcc -mcpu=cortex-m4 -mthumb -mfloat-abi=hard -mfpu=fpv4-sp-d16 '-D__weak=__attribute__((weak))' '-D__packed=__attribute__((__packed__))' -DUSE_HAL_DRIVER -DSTM32F411xE -I"C:/Users/sercezar/Desktop/morse/eclipse/eklips/Inc" -I"C:/Users/sercezar/Desktop/morse/eclipse/eklips/Drivers/STM32F4xx_HAL_Driver/Inc" -I"C:/Users/sercezar/Desktop/morse/eclipse/eklips/Drivers/STM32F4xx_HAL_Driver/Inc/Legacy" -I"C:/Users/sercezar/Desktop/morse/eclipse/eklips/Middlewares/ST/STM32_USB_Device_Library/Core/Inc" -I"C:/Users/sercezar/Desktop/morse/eclipse/eklips/Middlewares/ST/STM32_USB_Device_Library/Class/CDC/Inc" -I"C:/Users/sercezar/Desktop/morse/eclipse/eklips/Drivers/CMSIS/Device/ST/STM32F4xx/Include" -I"C:/Users/sercezar/Desktop/morse/eclipse/eklips/Drivers/CMSIS/Include"  -Og -g3 -Wall -fmessage-length=0 -ffunction-sections -c -fmessage-length=0 -MMD -MP -MF"Drivers/STM32F4xx_HAL_Driver/Src/stm32f4xx_hal_flash_ramfunc.d" -MT"Drivers/STM32F4xx_HAL_Driver/Src/stm32f4xx_hal_flash_ramfunc.o" -o "Drivers/STM32F4xx_HAL_Driver/Src/stm32f4xx_hal_flash_ramfunc.o" "../Drivers/STM32F4xx_HAL_Driver/Src/stm32f4xx_hal_flash_ramfunc.c"
Finished building: ../Drivers/STM32F4xx_HAL_Driver/Src/stm32f4xx_hal_flash_ramfunc.c
 
Building file: ../Drivers/STM32F4xx_HAL_Driver/Src/stm32f4xx_hal_gpio.c
Invoking: MCU GCC Compiler
C:\Users\sercezar\Desktop\morse\eclipse\eklips\Debug
arm-none-eabi-gcc -mcpu=cortex-m4 -mthumb -mfloat-abi=hard -mfpu=fpv4-sp-d16 '-D__weak=__attribute__((weak))' '-D__packed=__attribute__((__packed__))' -DUSE_HAL_DRIVER -DSTM32F411xE -I"C:/Users/sercezar/Desktop/morse/eclipse/eklips/Inc" -I"C:/Users/sercezar/Desktop/morse/eclipse/eklips/Drivers/STM32F4xx_HAL_Driver/Inc" -I"C:/Users/sercezar/Desktop/morse/eclipse/eklips/Drivers/STM32F4xx_HAL_Driver/Inc/Legacy" -I"C:/Users/sercezar/Desktop/morse/eclipse/eklips/Middlewares/ST/STM32_USB_Device_Library/Core/Inc" -I"C:/Users/sercezar/Desktop/morse/eclipse/eklips/Middlewares/ST/STM32_USB_Device_Library/Class/CDC/Inc" -I"C:/Users/sercezar/Desktop/morse/eclipse/eklips/Drivers/CMSIS/Device/ST/STM32F4xx/Include" -I"C:/Users/sercezar/Desktop/morse/eclipse/eklips/Drivers/CMSIS/Include"  -Og -g3 -Wall -fmessage-length=0 -ffunction-sections -c -fmessage-length=0 -MMD -MP -MF"Drivers/STM32F4xx_HAL_Driver/Src/stm32f4xx_hal_gpio.d" -MT"Drivers/STM32F4xx_HAL_Driver/Src/stm32f4xx_hal_gpio.o" -o "Drivers/STM32F4xx_HAL_Driver/Src/stm32f4xx_hal_gpio.o" "../Drivers/STM32F4xx_HAL_Driver/Src/stm32f4xx_hal_gpio.c"
Finished building: ../Drivers/STM32F4xx_HAL_Driver/Src/stm32f4xx_hal_gpio.c
 
Building file: ../Drivers/STM32F4xx_HAL_Driver/Src/stm32f4xx_hal_pcd.c
Invoking: MCU GCC Compiler
C:\Users\sercezar\Desktop\morse\eclipse\eklips\Debug
arm-none-eabi-gcc -mcpu=cortex-m4 -mthumb -mfloat-abi=hard -mfpu=fpv4-sp-d16 '-D__weak=__attribute__((weak))' '-D__packed=__attribute__((__packed__))' -DUSE_HAL_DRIVER -DSTM32F411xE -I"C:/Users/sercezar/Desktop/morse/eclipse/eklips/Inc" -I"C:/Users/sercezar/Desktop/morse/eclipse/eklips/Drivers/STM32F4xx_HAL_Driver/Inc" -I"C:/Users/sercezar/Desktop/morse/eclipse/eklips/Drivers/STM32F4xx_HAL_Driver/Inc/Legacy" -I"C:/Users/sercezar/Desktop/morse/eclipse/eklips/Middlewares/ST/STM32_USB_Device_Library/Core/Inc" -I"C:/Users/sercezar/Desktop/morse/eclipse/eklips/Middlewares/ST/STM32_USB_Device_Library/Class/CDC/Inc" -I"C:/Users/sercezar/Desktop/morse/eclipse/eklips/Drivers/CMSIS/Device/ST/STM32F4xx/Include" -I"C:/Users/sercezar/Desktop/morse/eclipse/eklips/Drivers/CMSIS/Include"  -Og -g3 -Wall -fmessage-length=0 -ffunction-sections -c -fmessage-length=0 -MMD -MP -MF"Drivers/STM32F4xx_HAL_Driver/Src/stm32f4xx_hal_pcd.d" -MT"Drivers/STM32F4xx_HAL_Driver/Src/stm32f4xx_hal_pcd.o" -o "Drivers/STM32F4xx_HAL_Driver/Src/stm32f4xx_hal_pcd.o" "../Drivers/STM32F4xx_HAL_Driver/Src/stm32f4xx_hal_pcd.c"
Finished building: ../Drivers/STM32F4xx_HAL_Driver/Src/stm32f4xx_hal_pcd.c
 
Building file: ../Drivers/STM32F4xx_HAL_Driver/Src/stm32f4xx_hal_pcd_ex.c
Invoking: MCU GCC Compiler
C:\Users\sercezar\Desktop\morse\eclipse\eklips\Debug
arm-none-eabi-gcc -mcpu=cortex-m4 -mthumb -mfloat-abi=hard -mfpu=fpv4-sp-d16 '-D__weak=__attribute__((weak))' '-D__packed=__attribute__((__packed__))' -DUSE_HAL_DRIVER -DSTM32F411xE -I"C:/Users/sercezar/Desktop/morse/eclipse/eklips/Inc" -I"C:/Users/sercezar/Desktop/morse/eclipse/eklips/Drivers/STM32F4xx_HAL_Driver/Inc" -I"C:/Users/sercezar/Desktop/morse/eclipse/eklips/Drivers/STM32F4xx_HAL_Driver/Inc/Legacy" -I"C:/Users/sercezar/Desktop/morse/eclipse/eklips/Middlewares/ST/STM32_USB_Device_Library/Core/Inc" -I"C:/Users/sercezar/Desktop/morse/eclipse/eklips/Middlewares/ST/STM32_USB_Device_Library/Class/CDC/Inc" -I"C:/Users/sercezar/Desktop/morse/eclipse/eklips/Drivers/CMSIS/Device/ST/STM32F4xx/Include" -I"C:/Users/sercezar/Desktop/morse/eclipse/eklips/Drivers/CMSIS/Include"  -Og -g3 -Wall -fmessage-length=0 -ffunction-sections -c -fmessage-length=0 -MMD -MP -MF"Drivers/STM32F4xx_HAL_Driver/Src/stm32f4xx_hal_pcd_ex.d" -MT"Drivers/STM32F4xx_HAL_Driver/Src/stm32f4xx_hal_pcd_ex.o" -o "Drivers/STM32F4xx_HAL_Driver/Src/stm32f4xx_hal_pcd_ex.o" "../Drivers/STM32F4xx_HAL_Driver/Src/stm32f4xx_hal_pcd_ex.c"
Finished building: ../Drivers/STM32F4xx_HAL_Driver/Src/stm32f4xx_hal_pcd_ex.c
 
Building file: ../Drivers/STM32F4xx_HAL_Driver/Src/stm32f4xx_hal_pwr.c
Invoking: MCU GCC Compiler
C:\Users\sercezar\Desktop\morse\eclipse\eklips\Debug
arm-none-eabi-gcc -mcpu=cortex-m4 -mthumb -mfloat-abi=hard -mfpu=fpv4-sp-d16 '-D__weak=__attribute__((weak))' '-D__packed=__attribute__((__packed__))' -DUSE_HAL_DRIVER -DSTM32F411xE -I"C:/Users/sercezar/Desktop/morse/eclipse/eklips/Inc" -I"C:/Users/sercezar/Desktop/morse/eclipse/eklips/Drivers/STM32F4xx_HAL_Driver/Inc" -I"C:/Users/sercezar/Desktop/morse/eclipse/eklips/Drivers/STM32F4xx_HAL_Driver/Inc/Legacy" -I"C:/Users/sercezar/Desktop/morse/eclipse/eklips/Middlewares/ST/STM32_USB_Device_Library/Core/Inc" -I"C:/Users/sercezar/Desktop/morse/eclipse/eklips/Middlewares/ST/STM32_USB_Device_Library/Class/CDC/Inc" -I"C:/Users/sercezar/Desktop/morse/eclipse/eklips/Drivers/CMSIS/Device/ST/STM32F4xx/Include" -I"C:/Users/sercezar/Desktop/morse/eclipse/eklips/Drivers/CMSIS/Include"  -Og -g3 -Wall -fmessage-length=0 -ffunction-sections -c -fmessage-length=0 -MMD -MP -MF"Drivers/STM32F4xx_HAL_Driver/Src/stm32f4xx_hal_pwr.d" -MT"Drivers/STM32F4xx_HAL_Driver/Src/stm32f4xx_hal_pwr.o" -o "Drivers/STM32F4xx_HAL_Driver/Src/stm32f4xx_hal_pwr.o" "../Drivers/STM32F4xx_HAL_Driver/Src/stm32f4xx_hal_pwr.c"
Finished building: ../Drivers/STM32F4xx_HAL_Driver/Src/stm32f4xx_hal_pwr.c
 
Building file: ../Drivers/STM32F4xx_HAL_Driver/Src/stm32f4xx_hal_pwr_ex.c
Invoking: MCU GCC Compiler
C:\Users\sercezar\Desktop\morse\eclipse\eklips\Debug
arm-none-eabi-gcc -mcpu=cortex-m4 -mthumb -mfloat-abi=hard -mfpu=fpv4-sp-d16 '-D__weak=__attribute__((weak))' '-D__packed=__attribute__((__packed__))' -DUSE_HAL_DRIVER -DSTM32F411xE -I"C:/Users/sercezar/Desktop/morse/eclipse/eklips/Inc" -I"C:/Users/sercezar/Desktop/morse/eclipse/eklips/Drivers/STM32F4xx_HAL_Driver/Inc" -I"C:/Users/sercezar/Desktop/morse/eclipse/eklips/Drivers/STM32F4xx_HAL_Driver/Inc/Legacy" -I"C:/Users/sercezar/Desktop/morse/eclipse/eklips/Middlewares/ST/STM32_USB_Device_Library/Core/Inc" -I"C:/Users/sercezar/Desktop/morse/eclipse/eklips/Middlewares/ST/STM32_USB_Device_Library/Class/CDC/Inc" -I"C:/Users/sercezar/Desktop/morse/eclipse/eklips/Drivers/CMSIS/Device/ST/STM32F4xx/Include" -I"C:/Users/sercezar/Desktop/morse/eclipse/eklips/Drivers/CMSIS/Include"  -Og -g3 -Wall -fmessage-length=0 -ffunction-sections -c -fmessage-length=0 -MMD -MP -MF"Drivers/STM32F4xx_HAL_Driver/Src/stm32f4xx_hal_pwr_ex.d" -MT"Drivers/STM32F4xx_HAL_Driver/Src/stm32f4xx_hal_pwr_ex.o" -o "Drivers/STM32F4xx_HAL_Driver/Src/stm32f4xx_hal_pwr_ex.o" "../Drivers/STM32F4xx_HAL_Driver/Src/stm32f4xx_hal_pwr_ex.c"
Finished building: ../Drivers/STM32F4xx_HAL_Driver/Src/stm32f4xx_hal_pwr_ex.c
 
Building file: ../Drivers/STM32F4xx_HAL_Driver/Src/stm32f4xx_hal_rcc.c
Invoking: MCU GCC Compiler
C:\Users\sercezar\Desktop\morse\eclipse\eklips\Debug
arm-none-eabi-gcc -mcpu=cortex-m4 -mthumb -mfloat-abi=hard -mfpu=fpv4-sp-d16 '-D__weak=__attribute__((weak))' '-D__packed=__attribute__((__packed__))' -DUSE_HAL_DRIVER -DSTM32F411xE -I"C:/Users/sercezar/Desktop/morse/eclipse/eklips/Inc" -I"C:/Users/sercezar/Desktop/morse/eclipse/eklips/Drivers/STM32F4xx_HAL_Driver/Inc" -I"C:/Users/sercezar/Desktop/morse/eclipse/eklips/Drivers/STM32F4xx_HAL_Driver/Inc/Legacy" -I"C:/Users/sercezar/Desktop/morse/eclipse/eklips/Middlewares/ST/STM32_USB_Device_Library/Core/Inc" -I"C:/Users/sercezar/Desktop/morse/eclipse/eklips/Middlewares/ST/STM32_USB_Device_Library/Class/CDC/Inc" -I"C:/Users/sercezar/Desktop/morse/eclipse/eklips/Drivers/CMSIS/Device/ST/STM32F4xx/Include" -I"C:/Users/sercezar/Desktop/morse/eclipse/eklips/Drivers/CMSIS/Include"  -Og -g3 -Wall -fmessage-length=0 -ffunction-sections -c -fmessage-length=0 -MMD -MP -MF"Drivers/STM32F4xx_HAL_Driver/Src/stm32f4xx_hal_rcc.d" -MT"Drivers/STM32F4xx_HAL_Driver/Src/stm32f4xx_hal_rcc.o" -o "Drivers/STM32F4xx_HAL_Driver/Src/stm32f4xx_hal_rcc.o" "../Drivers/STM32F4xx_HAL_Driver/Src/stm32f4xx_hal_rcc.c"
Finished building: ../Drivers/STM32F4xx_HAL_Driver/Src/stm32f4xx_hal_rcc.c
 
Building file: ../Drivers/STM32F4xx_HAL_Driver/Src/stm32f4xx_hal_rcc_ex.c
Invoking: MCU GCC Compiler
C:\Users\sercezar\Desktop\morse\eclipse\eklips\Debug
arm-none-eabi-gcc -mcpu=cortex-m4 -mthumb -mfloat-abi=hard -mfpu=fpv4-sp-d16 '-D__weak=__attribute__((weak))' '-D__packed=__attribute__((__packed__))' -DUSE_HAL_DRIVER -DSTM32F411xE -I"C:/Users/sercezar/Desktop/morse/eclipse/eklips/Inc" -I"C:/Users/sercezar/Desktop/morse/eclipse/eklips/Drivers/STM32F4xx_HAL_Driver/Inc" -I"C:/Users/sercezar/Desktop/morse/eclipse/eklips/Drivers/STM32F4xx_HAL_Driver/Inc/Legacy" -I"C:/Users/sercezar/Desktop/morse/eclipse/eklips/Middlewares/ST/STM32_USB_Device_Library/Core/Inc" -I"C:/Users/sercezar/Desktop/morse/eclipse/eklips/Middlewares/ST/STM32_USB_Device_Library/Class/CDC/Inc" -I"C:/Users/sercezar/Desktop/morse/eclipse/eklips/Drivers/CMSIS/Device/ST/STM32F4xx/Include" -I"C:/Users/sercezar/Desktop/morse/eclipse/eklips/Drivers/CMSIS/Include"  -Og -g3 -Wall -fmessage-length=0 -ffunction-sections -c -fmessage-length=0 -MMD -MP -MF"Drivers/STM32F4xx_HAL_Driver/Src/stm32f4xx_hal_rcc_ex.d" -MT"Drivers/STM32F4xx_HAL_Driver/Src/stm32f4xx_hal_rcc_ex.o" -o "Drivers/STM32F4xx_HAL_Driver/Src/stm32f4xx_hal_rcc_ex.o" "../Drivers/STM32F4xx_HAL_Driver/Src/stm32f4xx_hal_rcc_ex.c"
Finished building: ../Drivers/STM32F4xx_HAL_Driver/Src/stm32f4xx_hal_rcc_ex.c
 
Building file: ../Drivers/STM32F4xx_HAL_Driver/Src/stm32f4xx_hal_tim.c
Invoking: MCU GCC Compiler
C:\Users\sercezar\Desktop\morse\eclipse\eklips\Debug
arm-none-eabi-gcc -mcpu=cortex-m4 -mthumb -mfloat-abi=hard -mfpu=fpv4-sp-d16 '-D__weak=__attribute__((weak))' '-D__packed=__attribute__((__packed__))' -DUSE_HAL_DRIVER -DSTM32F411xE -I"C:/Users/sercezar/Desktop/morse/eclipse/eklips/Inc" -I"C:/Users/sercezar/Desktop/morse/eclipse/eklips/Drivers/STM32F4xx_HAL_Driver/Inc" -I"C:/Users/sercezar/Desktop/morse/eclipse/eklips/Drivers/STM32F4xx_HAL_Driver/Inc/Legacy" -I"C:/Users/sercezar/Desktop/morse/eclipse/eklips/Middlewares/ST/STM32_USB_Device_Library/Core/Inc" -I"C:/Users/sercezar/Desktop/morse/eclipse/eklips/Middlewares/ST/STM32_USB_Device_Library/Class/CDC/Inc" -I"C:/Users/sercezar/Desktop/morse/eclipse/eklips/Drivers/CMSIS/Device/ST/STM32F4xx/Include" -I"C:/Users/sercezar/Desktop/morse/eclipse/eklips/Drivers/CMSIS/Include"  -Og -g3 -Wall -fmessage-length=0 -ffunction-sections -c -fmessage-length=0 -MMD -MP -MF"Drivers/STM32F4xx_HAL_Driver/Src/stm32f4xx_hal_tim.d" -MT"Drivers/STM32F4xx_HAL_Driver/Src/stm32f4xx_hal_tim.o" -o "Drivers/STM32F4xx_HAL_Driver/Src/stm32f4xx_hal_tim.o" "../Drivers/STM32F4xx_HAL_Driver/Src/stm32f4xx_hal_tim.c"
Finished building: ../Drivers/STM32F4xx_HAL_Driver/Src/stm32f4xx_hal_tim.c
 
Building file: ../Drivers/STM32F4xx_HAL_Driver/Src/stm32f4xx_hal_tim_ex.c
Invoking: MCU GCC Compiler
C:\Users\sercezar\Desktop\morse\eclipse\eklips\Debug
arm-none-eabi-gcc -mcpu=cortex-m4 -mthumb -mfloat-abi=hard -mfpu=fpv4-sp-d16 '-D__weak=__attribute__((weak))' '-D__packed=__attribute__((__packed__))' -DUSE_HAL_DRIVER -DSTM32F411xE -I"C:/Users/sercezar/Desktop/morse/eclipse/eklips/Inc" -I"C:/Users/sercezar/Desktop/morse/eclipse/eklips/Drivers/STM32F4xx_HAL_Driver/Inc" -I"C:/Users/sercezar/Desktop/morse/eclipse/eklips/Drivers/STM32F4xx_HAL_Driver/Inc/Legacy" -I"C:/Users/sercezar/Desktop/morse/eclipse/eklips/Middlewares/ST/STM32_USB_Device_Library/Core/Inc" -I"C:/Users/sercezar/Desktop/morse/eclipse/eklips/Middlewares/ST/STM32_USB_Device_Library/Class/CDC/Inc" -I"C:/Users/sercezar/Desktop/morse/eclipse/eklips/Drivers/CMSIS/Device/ST/STM32F4xx/Include" -I"C:/Users/sercezar/Desktop/morse/eclipse/eklips/Drivers/CMSIS/Include"  -Og -g3 -Wall -fmessage-length=0 -ffunction-sections -c -fmessage-length=0 -MMD -MP -MF"Drivers/STM32F4xx_HAL_Driver/Src/stm32f4xx_hal_tim_ex.d" -MT"Drivers/STM32F4xx_HAL_Driver/Src/stm32f4xx_hal_tim_ex.o" -o "Drivers/STM32F4xx_HAL_Driver/Src/stm32f4xx_hal_tim_ex.o" "../Drivers/STM32F4xx_HAL_Driver/Src/stm32f4xx_hal_tim_ex.c"
Finished building: ../Drivers/STM32F4xx_HAL_Driver/Src/stm32f4xx_hal_tim_ex.c
 
Building file: ../Drivers/STM32F4xx_HAL_Driver/Src/stm32f4xx_ll_usb.c
Invoking: MCU GCC Compiler
C:\Users\sercezar\Desktop\morse\eclipse\eklips\Debug
arm-none-eabi-gcc -mcpu=cortex-m4 -mthumb -mfloat-abi=hard -mfpu=fpv4-sp-d16 '-D__weak=__attribute__((weak))' '-D__packed=__attribute__((__packed__))' -DUSE_HAL_DRIVER -DSTM32F411xE -I"C:/Users/sercezar/Desktop/morse/eclipse/eklips/Inc" -I"C:/Users/sercezar/Desktop/morse/eclipse/eklips/Drivers/STM32F4xx_HAL_Driver/Inc" -I"C:/Users/sercezar/Desktop/morse/eclipse/eklips/Drivers/STM32F4xx_HAL_Driver/Inc/Legacy" -I"C:/Users/sercezar/Desktop/morse/eclipse/eklips/Middlewares/ST/STM32_USB_Device_Library/Core/Inc" -I"C:/Users/sercezar/Desktop/morse/eclipse/eklips/Middlewares/ST/STM32_USB_Device_Library/Class/CDC/Inc" -I"C:/Users/sercezar/Desktop/morse/eclipse/eklips/Drivers/CMSIS/Device/ST/STM32F4xx/Include" -I"C:/Users/sercezar/Desktop/morse/eclipse/eklips/Drivers/CMSIS/Include"  -Og -g3 -Wall -fmessage-length=0 -ffunction-sections -c -fmessage-length=0 -MMD -MP -MF"Drivers/STM32F4xx_HAL_Driver/Src/stm32f4xx_ll_usb.d" -MT"Drivers/STM32F4xx_HAL_Driver/Src/stm32f4xx_ll_usb.o" -o "Drivers/STM32F4xx_HAL_Driver/Src/stm32f4xx_ll_usb.o" "../Drivers/STM32F4xx_HAL_Driver/Src/stm32f4xx_ll_usb.c"
Finished building: ../Drivers/STM32F4xx_HAL_Driver/Src/stm32f4xx_ll_usb.c
 
Building file: ../Drivers/morse.c
Invoking: MCU GCC Compiler
C:\Users\sercezar\Desktop\morse\eclipse\eklips\Debug
arm-none-eabi-gcc -mcpu=cortex-m4 -mthumb -mfloat-abi=hard -mfpu=fpv4-sp-d16 '-D__weak=__attribute__((weak))' '-D__packed=__attribute__((__packed__))' -DUSE_HAL_DRIVER -DSTM32F411xE -I"C:/Users/sercezar/Desktop/morse/eclipse/eklips/Inc" -I"C:/Users/sercezar/Desktop/morse/eclipse/eklips/Drivers/STM32F4xx_HAL_Driver/Inc" -I"C:/Users/sercezar/Desktop/morse/eclipse/eklips/Drivers/STM32F4xx_HAL_Driver/Inc/Legacy" -I"C:/Users/sercezar/Desktop/morse/eclipse/eklips/Middlewares/ST/STM32_USB_Device_Library/Core/Inc" -I"C:/Users/sercezar/Desktop/morse/eclipse/eklips/Middlewares/ST/STM32_USB_Device_Library/Class/CDC/Inc" -I"C:/Users/sercezar/Desktop/morse/eclipse/eklips/Drivers/CMSIS/Device/ST/STM32F4xx/Include" -I"C:/Users/sercezar/Desktop/morse/eclipse/eklips/Drivers/CMSIS/Include"  -Og -g3 -Wall -fmessage-length=0 -ffunction-sections -c -fmessage-length=0 -MMD -MP -MF"Drivers/morse.d" -MT"Drivers/morse.o" -o "Drivers/morse.o" "../Drivers/morse.c"
../Drivers/morse.c: In function 'SearchSymbol':
../Drivers/morse.c:74:27: warning: pointer targets in passing argument 1 of 'sprintf' differ in signedness [-Wpointer-sign]
   MessageLength = sprintf(DataToSend, "A");
                           ^~~~~~~~~~
In file included from ../Drivers/morse.c:12:0:
c:\ac6\systemworkbench\plugins\fr.ac6.mcu.externaltools.arm-none.win32_1.17.0.201812190825\tools\compiler\arm-none-eabi\include\stdio.h:244:5: note: expected 'char * restrict' but argument is of type 'uint8_t * {aka unsigned char *}'
 int sprintf (char *__restrict, const char *__restrict, ...)
     ^~~~~~~
../Drivers/morse.c:75:3: warning: implicit declaration of function 'CDC_Transmit_FS' [-Wimplicit-function-declaration]
   CDC_Transmit_FS(DataToSend, MessageLength);
   ^~~~~~~~~~~~~~~
../Drivers/morse.c:79:27: warning: pointer targets in passing argument 1 of 'sprintf' differ in signedness [-Wpointer-sign]
   MessageLength = sprintf(DataToSend, "B");
                           ^~~~~~~~~~
In file included from ../Drivers/morse.c:12:0:
c:\ac6\systemworkbench\plugins\fr.ac6.mcu.externaltools.arm-none.win32_1.17.0.201812190825\tools\compiler\arm-none-eabi\include\stdio.h:244:5: note: expected 'char * restrict' but argument is of type 'uint8_t * {aka unsigned char *}'
 int sprintf (char *__restrict, const char *__restrict, ...)
     ^~~~~~~
../Drivers/morse.c:84:28: warning: pointer targets in passing argument 1 of 'sprintf' differ in signedness [-Wpointer-sign]
    MessageLength = sprintf(DataToSend, "C");
                            ^~~~~~~~~~
In file included from ../Drivers/morse.c:12:0:
c:\ac6\systemworkbench\plugins\fr.ac6.mcu.externaltools.arm-none.win32_1.17.0.201812190825\tools\compiler\arm-none-eabi\include\stdio.h:244:5: note: expected 'char * restrict' but argument is of type 'uint8_t * {aka unsigned char *}'
 int sprintf (char *__restrict, const char *__restrict, ...)
     ^~~~~~~
../Drivers/morse.c:89:28: warning: pointer targets in passing argument 1 of 'sprintf' differ in signedness [-Wpointer-sign]
    MessageLength = sprintf(DataToSend, "D");
                            ^~~~~~~~~~
In file included from ../Drivers/morse.c:12:0:
c:\ac6\systemworkbench\plugins\fr.ac6.mcu.externaltools.arm-none.win32_1.17.0.201812190825\tools\compiler\arm-none-eabi\include\stdio.h:244:5: note: expected 'char * restrict' but argument is of type 'uint8_t * {aka unsigned char *}'
 int sprintf (char *__restrict, const char *__restrict, ...)
     ^~~~~~~
../Drivers/morse.c:94:28: warning: pointer targets in passing argument 1 of 'sprintf' differ in signedness [-Wpointer-sign]
    MessageLength = sprintf(DataToSend, "E");
                            ^~~~~~~~~~
In file included from ../Drivers/morse.c:12:0:
c:\ac6\systemworkbench\plugins\fr.ac6.mcu.externaltools.arm-none.win32_1.17.0.201812190825\tools\compiler\arm-none-eabi\include\stdio.h:244:5: note: expected 'char * restrict' but argument is of type 'uint8_t * {aka unsigned char *}'
 int sprintf (char *__restrict, const char *__restrict, ...)
     ^~~~~~~
../Drivers/morse.c:99:28: warning: pointer targets in passing argument 1 of 'sprintf' differ in signedness [-Wpointer-sign]
    MessageLength = sprintf(DataToSend, "F");
                            ^~~~~~~~~~
In file included from ../Drivers/morse.c:12:0:
c:\ac6\systemworkbench\plugins\fr.ac6.mcu.externaltools.arm-none.win32_1.17.0.201812190825\tools\compiler\arm-none-eabi\include\stdio.h:244:5: note: expected 'char * restrict' but argument is of type 'uint8_t * {aka unsigned char *}'
 int sprintf (char *__restrict, const char *__restrict, ...)
     ^~~~~~~
../Drivers/morse.c:104:28: warning: pointer targets in passing argument 1 of 'sprintf' differ in signedness [-Wpointer-sign]
    MessageLength = sprintf(DataToSend, "G");
                            ^~~~~~~~~~
In file included from ../Drivers/morse.c:12:0:
c:\ac6\systemworkbench\plugins\fr.ac6.mcu.externaltools.arm-none.win32_1.17.0.201812190825\tools\compiler\arm-none-eabi\include\stdio.h:244:5: note: expected 'char * restrict' but argument is of type 'uint8_t * {aka unsigned char *}'
 int sprintf (char *__restrict, const char *__restrict, ...)
     ^~~~~~~
../Drivers/morse.c:109:28: warning: pointer targets in passing argument 1 of 'sprintf' differ in signedness [-Wpointer-sign]
    MessageLength = sprintf(DataToSend, "H");
                            ^~~~~~~~~~
In file included from ../Drivers/morse.c:12:0:
c:\ac6\systemworkbench\plugins\fr.ac6.mcu.externaltools.arm-none.win32_1.17.0.201812190825\tools\compiler\arm-none-eabi\include\stdio.h:244:5: note: expected 'char * restrict' but argument is of type 'uint8_t * {aka unsigned char *}'
 int sprintf (char *__restrict, const char *__restrict, ...)
     ^~~~~~~
../Drivers/morse.c:114:28: warning: pointer targets in passing argument 1 of 'sprintf' differ in signedness [-Wpointer-sign]
    MessageLength = sprintf(DataToSend, "I");
                            ^~~~~~~~~~
In file included from ../Drivers/morse.c:12:0:
c:\ac6\systemworkbench\plugins\fr.ac6.mcu.externaltools.arm-none.win32_1.17.0.201812190825\tools\compiler\arm-none-eabi\include\stdio.h:244:5: note: expected 'char * restrict' but argument is of type 'uint8_t * {aka unsigned char *}'
 int sprintf (char *__restrict, const char *__restrict, ...)
     ^~~~~~~
../Drivers/morse.c:119:28: warning: pointer targets in passing argument 1 of 'sprintf' differ in signedness [-Wpointer-sign]
    MessageLength = sprintf(DataToSend, "J");
                            ^~~~~~~~~~
In file included from ../Drivers/morse.c:12:0:
c:\ac6\systemworkbench\plugins\fr.ac6.mcu.externaltools.arm-none.win32_1.17.0.201812190825\tools\compiler\arm-none-eabi\include\stdio.h:244:5: note: expected 'char * restrict' but argument is of type 'uint8_t * {aka unsigned char *}'
 int sprintf (char *__restrict, const char *__restrict, ...)
     ^~~~~~~
../Drivers/morse.c:124:28: warning: pointer targets in passing argument 1 of 'sprintf' differ in signedness [-Wpointer-sign]
    MessageLength = sprintf(DataToSend, "K");
                            ^~~~~~~~~~
In file included from ../Drivers/morse.c:12:0:
c:\ac6\systemworkbench\plugins\fr.ac6.mcu.externaltools.arm-none.win32_1.17.0.201812190825\tools\compiler\arm-none-eabi\include\stdio.h:244:5: note: expected 'char * restrict' but argument is of type 'uint8_t * {aka unsigned char *}'
 int sprintf (char *__restrict, const char *__restrict, ...)
     ^~~~~~~
../Drivers/morse.c:129:28: warning: pointer targets in passing argument 1 of 'sprintf' differ in signedness [-Wpointer-sign]
    MessageLength = sprintf(DataToSend, "L");
                            ^~~~~~~~~~
In file included from ../Drivers/morse.c:12:0:
c:\ac6\systemworkbench\plugins\fr.ac6.mcu.externaltools.arm-none.win32_1.17.0.201812190825\tools\compiler\arm-none-eabi\include\stdio.h:244:5: note: expected 'char * restrict' but argument is of type 'uint8_t * {aka unsigned char *}'
 int sprintf (char *__restrict, const char *__restrict, ...)
     ^~~~~~~
../Drivers/morse.c:134:28: warning: pointer targets in passing argument 1 of 'sprintf' differ in signedness [-Wpointer-sign]
    MessageLength = sprintf(DataToSend, "M");
                            ^~~~~~~~~~
In file included from ../Drivers/morse.c:12:0:
c:\ac6\systemworkbench\plugins\fr.ac6.mcu.externaltools.arm-none.win32_1.17.0.201812190825\tools\compiler\arm-none-eabi\include\stdio.h:244:5: note: expected 'char * restrict' but argument is of type 'uint8_t * {aka unsigned char *}'
 int sprintf (char *__restrict, const char *__restrict, ...)
     ^~~~~~~
../Drivers/morse.c:139:28: warning: pointer targets in passing argument 1 of 'sprintf' differ in signedness [-Wpointer-sign]
    MessageLength = sprintf(DataToSend, "N");
                            ^~~~~~~~~~
In file included from ../Drivers/morse.c:12:0:
c:\ac6\systemworkbench\plugins\fr.ac6.mcu.externaltools.arm-none.win32_1.17.0.201812190825\tools\compiler\arm-none-eabi\include\stdio.h:244:5: note: expected 'char * restrict' but argument is of type 'uint8_t * {aka unsigned char *}'
 int sprintf (char *__restrict, const char *__restrict, ...)
     ^~~~~~~
../Drivers/morse.c:144:28: warning: pointer targets in passing argument 1 of 'sprintf' differ in signedness [-Wpointer-sign]
    MessageLength = sprintf(DataToSend, "O");
                            ^~~~~~~~~~
In file included from ../Drivers/morse.c:12:0:
c:\ac6\systemworkbench\plugins\fr.ac6.mcu.externaltools.arm-none.win32_1.17.0.201812190825\tools\compiler\arm-none-eabi\include\stdio.h:244:5: note: expected 'char * restrict' but argument is of type 'uint8_t * {aka unsigned char *}'
 int sprintf (char *__restrict, const char *__restrict, ...)
     ^~~~~~~
../Drivers/morse.c:149:28: warning: pointer targets in passing argument 1 of 'sprintf' differ in signedness [-Wpointer-sign]
    MessageLength = sprintf(DataToSend, "P");
                            ^~~~~~~~~~
In file included from ../Drivers/morse.c:12:0:
c:\ac6\systemworkbench\plugins\fr.ac6.mcu.externaltools.arm-none.win32_1.17.0.201812190825\tools\compiler\arm-none-eabi\include\stdio.h:244:5: note: expected 'char * restrict' but argument is of type 'uint8_t * {aka unsigned char *}'
 int sprintf (char *__restrict, const char *__restrict, ...)
     ^~~~~~~
../Drivers/morse.c:154:28: warning: pointer targets in passing argument 1 of 'sprintf' differ in signedness [-Wpointer-sign]
    MessageLength = sprintf(DataToSend, "Q");
                            ^~~~~~~~~~
In file included from ../Drivers/morse.c:12:0:
c:\ac6\systemworkbench\plugins\fr.ac6.mcu.externaltools.arm-none.win32_1.17.0.201812190825\tools\compiler\arm-none-eabi\include\stdio.h:244:5: note: expected 'char * restrict' but argument is of type 'uint8_t * {aka unsigned char *}'
 int sprintf (char *__restrict, const char *__restrict, ...)
     ^~~~~~~
../Drivers/morse.c:159:28: warning: pointer targets in passing argument 1 of 'sprintf' differ in signedness [-Wpointer-sign]
    MessageLength = sprintf(DataToSend, "R");
                            ^~~~~~~~~~
In file included from ../Drivers/morse.c:12:0:
c:\ac6\systemworkbench\plugins\fr.ac6.mcu.externaltools.arm-none.win32_1.17.0.201812190825\tools\compiler\arm-none-eabi\include\stdio.h:244:5: note: expected 'char * restrict' but argument is of type 'uint8_t * {aka unsigned char *}'
 int sprintf (char *__restrict, const char *__restrict, ...)
     ^~~~~~~
../Drivers/morse.c:164:28: warning: pointer targets in passing argument 1 of 'sprintf' differ in signedness [-Wpointer-sign]
    MessageLength = sprintf(DataToSend, "S");
                            ^~~~~~~~~~
In file included from ../Drivers/morse.c:12:0:
c:\ac6\systemworkbench\plugins\fr.ac6.mcu.externaltools.arm-none.win32_1.17.0.201812190825\tools\compiler\arm-none-eabi\include\stdio.h:244:5: note: expected 'char * restrict' but argument is of type 'uint8_t * {aka unsigned char *}'
 int sprintf (char *__restrict, const char *__restrict, ...)
     ^~~~~~~
../Drivers/morse.c:169:28: warning: pointer targets in passing argument 1 of 'sprintf' differ in signedness [-Wpointer-sign]
    MessageLength = sprintf(DataToSend, "T");
                            ^~~~~~~~~~
In file included from ../Drivers/morse.c:12:0:
c:\ac6\systemworkbench\plugins\fr.ac6.mcu.externaltools.arm-none.win32_1.17.0.201812190825\tools\compiler\arm-none-eabi\include\stdio.h:244:5: note: expected 'char * restrict' but argument is of type 'uint8_t * {aka unsigned char *}'
 int sprintf (char *__restrict, const char *__restrict, ...)
     ^~~~~~~
../Drivers/morse.c:174:28: warning: pointer targets in passing argument 1 of 'sprintf' differ in signedness [-Wpointer-sign]
    MessageLength = sprintf(DataToSend, "U");
                            ^~~~~~~~~~
In file included from ../Drivers/morse.c:12:0:
c:\ac6\systemworkbench\plugins\fr.ac6.mcu.externaltools.arm-none.win32_1.17.0.201812190825\tools\compiler\arm-none-eabi\include\stdio.h:244:5: note: expected 'char * restrict' but argument is of type 'uint8_t * {aka unsigned char *}'
 int sprintf (char *__restrict, const char *__restrict, ...)
     ^~~~~~~
../Drivers/morse.c:179:28: warning: pointer targets in passing argument 1 of 'sprintf' differ in signedness [-Wpointer-sign]
    MessageLength = sprintf(DataToSend, "V");
                            ^~~~~~~~~~
In file included from ../Drivers/morse.c:12:0:
c:\ac6\systemworkbench\plugins\fr.ac6.mcu.externaltools.arm-none.win32_1.17.0.201812190825\tools\compiler\arm-none-eabi\include\stdio.h:244:5: note: expected 'char * restrict' but argument is of type 'uint8_t * {aka unsigned char *}'
 int sprintf (char *__restrict, const char *__restrict, ...)
     ^~~~~~~
../Drivers/morse.c:184:28: warning: pointer targets in passing argument 1 of 'sprintf' differ in signedness [-Wpointer-sign]
    MessageLength = sprintf(DataToSend, "W");
                            ^~~~~~~~~~
In file included from ../Drivers/morse.c:12:0:
c:\ac6\systemworkbench\plugins\fr.ac6.mcu.externaltools.arm-none.win32_1.17.0.201812190825\tools\compiler\arm-none-eabi\include\stdio.h:244:5: note: expected 'char * restrict' but argument is of type 'uint8_t * {aka unsigned char *}'
 int sprintf (char *__restrict, const char *__restrict, ...)
     ^~~~~~~
../Drivers/morse.c:189:29: warning: pointer targets in passing argument 1 of 'sprintf' differ in signedness [-Wpointer-sign]
     MessageLength = sprintf(DataToSend, "X");
                             ^~~~~~~~~~
In file included from ../Drivers/morse.c:12:0:
c:\ac6\systemworkbench\plugins\fr.ac6.mcu.externaltools.arm-none.win32_1.17.0.201812190825\tools\compiler\arm-none-eabi\include\stdio.h:244:5: note: expected 'char * restrict' but argument is of type 'uint8_t * {aka unsigned char *}'
 int sprintf (char *__restrict, const char *__restrict, ...)
     ^~~~~~~
../Drivers/morse.c:194:29: warning: pointer targets in passing argument 1 of 'sprintf' differ in signedness [-Wpointer-sign]
     MessageLength = sprintf(DataToSend, "Y");
                             ^~~~~~~~~~
In file included from ../Drivers/morse.c:12:0:
c:\ac6\systemworkbench\plugins\fr.ac6.mcu.externaltools.arm-none.win32_1.17.0.201812190825\tools\compiler\arm-none-eabi\include\stdio.h:244:5: note: expected 'char * restrict' but argument is of type 'uint8_t * {aka unsigned char *}'
 int sprintf (char *__restrict, const char *__restrict, ...)
     ^~~~~~~
../Drivers/morse.c:199:29: warning: pointer targets in passing argument 1 of 'sprintf' differ in signedness [-Wpointer-sign]
     MessageLength = sprintf(DataToSend, "Z");
                             ^~~~~~~~~~
In file included from ../Drivers/morse.c:12:0:
c:\ac6\systemworkbench\plugins\fr.ac6.mcu.externaltools.arm-none.win32_1.17.0.201812190825\tools\compiler\arm-none-eabi\include\stdio.h:244:5: note: expected 'char * restrict' but argument is of type 'uint8_t * {aka unsigned char *}'
 int sprintf (char *__restrict, const char *__restrict, ...)
     ^~~~~~~
Finished building: ../Drivers/morse.c
 
Building target: eklips.elf
Invoking: MCU GCC Linker
arm-none-eabi-gcc -mcpu=cortex-m4 -mthumb -mfloat-abi=hard -mfpu=fpv4-sp-d16 -specs=nosys.specs -specs=nano.specs -T"../STM32F411VETx_FLASH.ld" -Wl,-Map=output.map -Wl,--gc-sections -o "eklips.elf" @"objects.list"   -lm
Finished building target: eklips.elf
 
make --no-print-directory post-build
Generating hex and Printing size information:
arm-none-eabi-objcopy -O ihex "eklips.elf" "eklips.hex"
arm-none-eabi-size "eklips.elf"
   text	   data	    bss	    dec	    hex	filename
  17608	    592	   8032	  26232	   6678	eklips.elf
 
20:54:19 **** Incremental Build of configuration Debug for project eklips ****
make all 
make: Nothing to be done for 'all'.
20:55:10 **** Incremental Build of configuration Debug for project eklips ****
make all 
make: Nothing to be done for 'all'.
20:55:22 **** Incremental Build of configuration Debug for project eklips ****
make all 
Building file: ../Src/main.c
Invoking: MCU GCC Compiler
C:\Users\sercezar\Desktop\morse\eclipse\eklips\Debug
arm-none-eabi-gcc -mcpu=cortex-m4 -mthumb -mfloat-abi=hard -mfpu=fpv4-sp-d16 '-D__weak=__attribute__((weak))' '-D__packed=__attribute__((__packed__))' -DUSE_HAL_DRIVER -DSTM32F411xE -I"C:/Users/sercezar/Desktop/morse/eclipse/eklips/Inc" -I"C:/Users/sercezar/Desktop/morse/eclipse/eklips/Drivers/STM32F4xx_HAL_Driver/Inc" -I"C:/Users/sercezar/Desktop/morse/eclipse/eklips/Drivers/STM32F4xx_HAL_Driver/Inc/Legacy" -I"C:/Users/sercezar/Desktop/morse/eclipse/eklips/Middlewares/ST/STM32_USB_Device_Library/Core/Inc" -I"C:/Users/sercezar/Desktop/morse/eclipse/eklips/Middlewares/ST/STM32_USB_Device_Library/Class/CDC/Inc" -I"C:/Users/sercezar/Desktop/morse/eclipse/eklips/Drivers/CMSIS/Device/ST/STM32F4xx/Include" -I"C:/Users/sercezar/Desktop/morse/eclipse/eklips/Drivers/CMSIS/Include"  -Og -g3 -Wall -fmessage-length=0 -ffunction-sections -c -fmessage-length=0 -MMD -MP -MF"Src/main.d" -MT"Src/main.o" -o "Src/main.o" "../Src/main.c"
Finished building: ../Src/main.c
 
Building target: eklips.elf
Invoking: MCU GCC Linker
arm-none-eabi-gcc -mcpu=cortex-m4 -mthumb -mfloat-abi=hard -mfpu=fpv4-sp-d16 -specs=nosys.specs -specs=nano.specs -T"../STM32F411VETx_FLASH.ld" -Wl,-Map=output.map -Wl,--gc-sections -o "eklips.elf" @"objects.list"   -lm
Finished building target: eklips.elf
 
make --no-print-directory post-build
Generating hex and Printing size information:
arm-none-eabi-objcopy -O ihex "eklips.elf" "eklips.hex"
arm-none-eabi-size "eklips.elf"
   text	   data	    bss	    dec	    hex	filename
  17608	    592	   8032	  26232	   6678	eklips.elf
 
20:56:22 **** Incremental Build of configuration Debug for project eklips ****
make all 
make: Nothing to be done for 'all'.
20:56:31 **** Incremental Build of configuration Debug for project eklips ****
make all 
Building file: ../Src/main.c
Invoking: MCU GCC Compiler
C:\Users\sercezar\Desktop\morse\eclipse\eklips\Debug
arm-none-eabi-gcc -mcpu=cortex-m4 -mthumb -mfloat-abi=hard -mfpu=fpv4-sp-d16 '-D__weak=__attribute__((weak))' '-D__packed=__attribute__((__packed__))' -DUSE_HAL_DRIVER -DSTM32F411xE -I"C:/Users/sercezar/Desktop/morse/eclipse/eklips/Inc" -I"C:/Users/sercezar/Desktop/morse/eclipse/eklips/Drivers/STM32F4xx_HAL_Driver/Inc" -I"C:/Users/sercezar/Desktop/morse/eclipse/eklips/Drivers/STM32F4xx_HAL_Driver/Inc/Legacy" -I"C:/Users/sercezar/Desktop/morse/eclipse/eklips/Middlewares/ST/STM32_USB_Device_Library/Core/Inc" -I"C:/Users/sercezar/Desktop/morse/eclipse/eklips/Middlewares/ST/STM32_USB_Device_Library/Class/CDC/Inc" -I"C:/Users/sercezar/Desktop/morse/eclipse/eklips/Drivers/CMSIS/Device/ST/STM32F4xx/Include" -I"C:/Users/sercezar/Desktop/morse/eclipse/eklips/Drivers/CMSIS/Include"  -Og -g3 -Wall -fmessage-length=0 -ffunction-sections -c -fmessage-length=0 -MMD -MP -MF"Src/main.d" -MT"Src/main.o" -o "Src/main.o" "../Src/main.c"
Finished building: ../Src/main.c
 
Building target: eklips.elf
Invoking: MCU GCC Linker
arm-none-eabi-gcc -mcpu=cortex-m4 -mthumb -mfloat-abi=hard -mfpu=fpv4-sp-d16 -specs=nosys.specs -specs=nano.specs -T"../STM32F411VETx_FLASH.ld" -Wl,-Map=output.map -Wl,--gc-sections -o "eklips.elf" @"objects.list"   -lm
Finished building target: eklips.elf
 
make --no-print-directory post-build
Generating hex and Printing size information:
arm-none-eabi-objcopy -O ihex "eklips.elf" "eklips.hex"
arm-none-eabi-size "eklips.elf"
   text	   data	    bss	    dec	    hex	filename
  17624	    592	   8032	  26248	   6688	eklips.elf
 
